Archive member included to satisfy reference by file (symbol)

ASA_Lib.o(ASA_Lib_M128_HMI.o)
                              main.o (ASA_M128_set)
c:/avr-gcc-8.1.0-x64-mingw/bin/../lib/gcc/avr/8.1.0/../../../../avr/lib/avr51\libprintf_flt.a(vfprintf_flt.o)
                              (vfprintf)
c:/avr-gcc-8.1.0-x64-mingw/bin/../lib/gcc/avr/8.1.0/../../../../avr/lib/avr51\libscanf_flt.a(vfscanf_flt.o)
                              (vfscanf)
c:/avr-gcc-8.1.0-x64-mingw/bin/../lib/gcc/avr/8.1.0/avr51\libgcc.a(_udivmodsi4.o)
                              lib/SDC00/ff.o (__udivmodsi4)
c:/avr-gcc-8.1.0-x64-mingw/bin/../lib/gcc/avr/8.1.0/avr51\libgcc.a(_exit.o)
                              c:/avr-gcc-8.1.0-x64-mingw/bin/../lib/gcc/avr/8.1.0/../../../../avr/lib/avr51/crtatmega128.o (exit)
c:/avr-gcc-8.1.0-x64-mingw/bin/../lib/gcc/avr/8.1.0/avr51\libgcc.a(_copy_data.o)
                              main.o (__do_copy_data)
c:/avr-gcc-8.1.0-x64-mingw/bin/../lib/gcc/avr/8.1.0/avr51\libgcc.a(_clear_bss.o)
                              main.o (__do_clear_bss)
c:/avr-gcc-8.1.0-x64-mingw/bin/../lib/gcc/avr/8.1.0/avr51\libgcc.a(_muluhisi3.o)
                              lib/SDC00/ff.o (__muluhisi3)
c:/avr-gcc-8.1.0-x64-mingw/bin/../lib/gcc/avr/8.1.0/avr51\libgcc.a(_umulhisi3.o)
                              c:/avr-gcc-8.1.0-x64-mingw/bin/../lib/gcc/avr/8.1.0/avr51\libgcc.a(_muluhisi3.o) (__umulhisi3)
c:/avr-gcc-8.1.0-x64-mingw/bin/../lib/gcc/avr/8.1.0/../../../../avr/lib/avr51\libm.a(floatsisf.o)
                              c:/avr-gcc-8.1.0-x64-mingw/bin/../lib/gcc/avr/8.1.0/../../../../avr/lib/avr51\libscanf_flt.a(vfscanf_flt.o) (__floatunsisf)
c:/avr-gcc-8.1.0-x64-mingw/bin/../lib/gcc/avr/8.1.0/../../../../avr/lib/avr51\libm.a(mulsf3.o)
                              c:/avr-gcc-8.1.0-x64-mingw/bin/../lib/gcc/avr/8.1.0/../../../../avr/lib/avr51\libscanf_flt.a(vfscanf_flt.o) (__mulsf3)
c:/avr-gcc-8.1.0-x64-mingw/bin/../lib/gcc/avr/8.1.0/../../../../avr/lib/avr51\libm.a(mulsf3x.o)
                              c:/avr-gcc-8.1.0-x64-mingw/bin/../lib/gcc/avr/8.1.0/../../../../avr/lib/avr51\libm.a(mulsf3.o) (__mulsf3x)
c:/avr-gcc-8.1.0-x64-mingw/bin/../lib/gcc/avr/8.1.0/../../../../avr/lib/avr51\libm.a(fp_inf.o)
                              c:/avr-gcc-8.1.0-x64-mingw/bin/../lib/gcc/avr/8.1.0/../../../../avr/lib/avr51\libm.a(mulsf3x.o) (__fp_inf)
c:/avr-gcc-8.1.0-x64-mingw/bin/../lib/gcc/avr/8.1.0/../../../../avr/lib/avr51\libm.a(fp_nan.o)
                              c:/avr-gcc-8.1.0-x64-mingw/bin/../lib/gcc/avr/8.1.0/../../../../avr/lib/avr51\libm.a(mulsf3x.o) (__fp_nan)
c:/avr-gcc-8.1.0-x64-mingw/bin/../lib/gcc/avr/8.1.0/../../../../avr/lib/avr51\libm.a(fp_pscA.o)
                              c:/avr-gcc-8.1.0-x64-mingw/bin/../lib/gcc/avr/8.1.0/../../../../avr/lib/avr51\libm.a(mulsf3x.o) (__fp_pscA)
c:/avr-gcc-8.1.0-x64-mingw/bin/../lib/gcc/avr/8.1.0/../../../../avr/lib/avr51\libm.a(fp_pscB.o)
                              c:/avr-gcc-8.1.0-x64-mingw/bin/../lib/gcc/avr/8.1.0/../../../../avr/lib/avr51\libm.a(mulsf3x.o) (__fp_pscB)
c:/avr-gcc-8.1.0-x64-mingw/bin/../lib/gcc/avr/8.1.0/../../../../avr/lib/avr51\libm.a(fp_round.o)
                              c:/avr-gcc-8.1.0-x64-mingw/bin/../lib/gcc/avr/8.1.0/../../../../avr/lib/avr51\libm.a(mulsf3.o) (__fp_round)
c:/avr-gcc-8.1.0-x64-mingw/bin/../lib/gcc/avr/8.1.0/../../../../avr/lib/avr51\libm.a(fp_split3.o)
                              c:/avr-gcc-8.1.0-x64-mingw/bin/../lib/gcc/avr/8.1.0/../../../../avr/lib/avr51\libm.a(mulsf3x.o) (__fp_split3)
c:/avr-gcc-8.1.0-x64-mingw/bin/../lib/gcc/avr/8.1.0/../../../../avr/lib/avr51\libm.a(fp_zero.o)
                              c:/avr-gcc-8.1.0-x64-mingw/bin/../lib/gcc/avr/8.1.0/../../../../avr/lib/avr51\libm.a(mulsf3x.o) (__fp_szero)
c:/avr-gcc-8.1.0-x64-mingw/bin/../lib/gcc/avr/8.1.0/../../../../avr/lib/avr51\libc.a(ftoa_engine.o)
                              c:/avr-gcc-8.1.0-x64-mingw/bin/../lib/gcc/avr/8.1.0/../../../../avr/lib/avr51\libprintf_flt.a(vfprintf_flt.o) (__ftoa_engine)
c:/avr-gcc-8.1.0-x64-mingw/bin/../lib/gcc/avr/8.1.0/../../../../avr/lib/avr51\libc.a(isspace.o)
                              c:/avr-gcc-8.1.0-x64-mingw/bin/../lib/gcc/avr/8.1.0/../../../../avr/lib/avr51\libscanf_flt.a(vfscanf_flt.o) (isspace)
c:/avr-gcc-8.1.0-x64-mingw/bin/../lib/gcc/avr/8.1.0/../../../../avr/lib/avr51\libc.a(tolower.o)
                              c:/avr-gcc-8.1.0-x64-mingw/bin/../lib/gcc/avr/8.1.0/../../../../avr/lib/avr51\libscanf_flt.a(vfscanf_flt.o) (tolower)
c:/avr-gcc-8.1.0-x64-mingw/bin/../lib/gcc/avr/8.1.0/../../../../avr/lib/avr51\libc.a(strchr_P.o)
                              c:/avr-gcc-8.1.0-x64-mingw/bin/../lib/gcc/avr/8.1.0/../../../../avr/lib/avr51\libscanf_flt.a(vfscanf_flt.o) (strchr_P)
c:/avr-gcc-8.1.0-x64-mingw/bin/../lib/gcc/avr/8.1.0/../../../../avr/lib/avr51\libc.a(strnlen_P.o)
                              c:/avr-gcc-8.1.0-x64-mingw/bin/../lib/gcc/avr/8.1.0/../../../../avr/lib/avr51\libprintf_flt.a(vfprintf_flt.o) (strnlen_P)
c:/avr-gcc-8.1.0-x64-mingw/bin/../lib/gcc/avr/8.1.0/../../../../avr/lib/avr51\libc.a(strnlen.o)
                              c:/avr-gcc-8.1.0-x64-mingw/bin/../lib/gcc/avr/8.1.0/../../../../avr/lib/avr51\libprintf_flt.a(vfprintf_flt.o) (strnlen)
c:/avr-gcc-8.1.0-x64-mingw/bin/../lib/gcc/avr/8.1.0/../../../../avr/lib/avr51\libc.a(fgetc.o)
                              c:/avr-gcc-8.1.0-x64-mingw/bin/../lib/gcc/avr/8.1.0/../../../../avr/lib/avr51\libscanf_flt.a(vfscanf_flt.o) (fgetc)
c:/avr-gcc-8.1.0-x64-mingw/bin/../lib/gcc/avr/8.1.0/../../../../avr/lib/avr51\libc.a(fputc.o)
                              c:/avr-gcc-8.1.0-x64-mingw/bin/../lib/gcc/avr/8.1.0/../../../../avr/lib/avr51\libprintf_flt.a(vfprintf_flt.o) (fputc)
c:/avr-gcc-8.1.0-x64-mingw/bin/../lib/gcc/avr/8.1.0/../../../../avr/lib/avr51\libc.a(iob.o)
                              ASA_Lib.o(ASA_Lib_M128_HMI.o) (__iob)
c:/avr-gcc-8.1.0-x64-mingw/bin/../lib/gcc/avr/8.1.0/../../../../avr/lib/avr51\libc.a(printf.o)
                              main.o (printf)
c:/avr-gcc-8.1.0-x64-mingw/bin/../lib/gcc/avr/8.1.0/../../../../avr/lib/avr51\libc.a(puts.o)
                              main.o (puts)
c:/avr-gcc-8.1.0-x64-mingw/bin/../lib/gcc/avr/8.1.0/../../../../avr/lib/avr51\libc.a(sprintf.o)
                              main.o (sprintf)
c:/avr-gcc-8.1.0-x64-mingw/bin/../lib/gcc/avr/8.1.0/../../../../avr/lib/avr51\libc.a(ungetc.o)
                              c:/avr-gcc-8.1.0-x64-mingw/bin/../lib/gcc/avr/8.1.0/../../../../avr/lib/avr51\libscanf_flt.a(vfscanf_flt.o) (ungetc)
c:/avr-gcc-8.1.0-x64-mingw/bin/../lib/gcc/avr/8.1.0/../../../../avr/lib/avr51\libc.a(ultoa_invert.o)
                              c:/avr-gcc-8.1.0-x64-mingw/bin/../lib/gcc/avr/8.1.0/../../../../avr/lib/avr51\libprintf_flt.a(vfprintf_flt.o) (__ultoa_invert)
c:/avr-gcc-8.1.0-x64-mingw/bin/../lib/gcc/avr/8.1.0/../../../../avr/lib/avr51\libc.a(cty_isfalse.o)
                              c:/avr-gcc-8.1.0-x64-mingw/bin/../lib/gcc/avr/8.1.0/../../../../avr/lib/avr51\libc.a(isspace.o) (__ctype_isfalse)

Allocating common symbols
Common symbol       size              file

FatFs               0x466             lib/SDC00/ASA_lib_SDC00.o
FileObj             0x22              lib/SDC00/ASA_lib_SDC00.o
matlabStruct        0x190             main.o
DirObj              0x28              lib/SDC00/ASA_lib_SDC00.o
FileName            0xd               lib/SDC00/ASA_lib_SDC00.o
__iob               0x6               c:/avr-gcc-8.1.0-x64-mingw/bin/../lib/gcc/avr/8.1.0/../../../../avr/lib/avr51\libc.a(iob.o)

Memory Configuration

Name             Origin             Length             Attributes
text             0x0000000000000000 0x0000000000020000 xr
data             0x0000000000800100 0x000000000000ff00 rw !x
eeprom           0x0000000000810000 0x0000000000010000 rw !x
fuse             0x0000000000820000 0x0000000000000400 rw !x
lock             0x0000000000830000 0x0000000000000400 rw !x
signature        0x0000000000840000 0x0000000000000400 rw !x
user_signatures  0x0000000000850000 0x0000000000000400 rw !x
*default*        0x0000000000000000 0xffffffffffffffff

Linker script and memory map

Address of section .data set to 0x800100
LOAD c:/avr-gcc-8.1.0-x64-mingw/bin/../lib/gcc/avr/8.1.0/../../../../avr/lib/avr51/crtatmega128.o
LOAD main.o
LOAD lib/SDC00/diskio.o
LOAD lib/SDC00/ffunicode_avr.o
LOAD lib/SDC00/ff.o
LOAD lib/SDC00/ASA_lib_SDC00.o
LOAD lib/SDC00/mmc_avr_spi.o
LOAD lib/DAC00/ASA_Lib_DAC00.o
LOAD lib/M128_Danny_ADC.o
LOAD lib/M128_Danny_Timer.o
LOAD lib/M128_Danny_SDC.o
LOAD ASA_Lib.o
LOAD c:/avr-gcc-8.1.0-x64-mingw/bin/../lib/gcc/avr/8.1.0/../../../../avr/lib/avr51\libm.a
LOAD c:/avr-gcc-8.1.0-x64-mingw/bin/../lib/gcc/avr/8.1.0/../../../../avr/lib/avr51\libprintf_flt.a
LOAD c:/avr-gcc-8.1.0-x64-mingw/bin/../lib/gcc/avr/8.1.0/../../../../avr/lib/avr51\libscanf_flt.a
START GROUP
LOAD c:/avr-gcc-8.1.0-x64-mingw/bin/../lib/gcc/avr/8.1.0/avr51\libgcc.a
LOAD c:/avr-gcc-8.1.0-x64-mingw/bin/../lib/gcc/avr/8.1.0/../../../../avr/lib/avr51\libm.a
LOAD c:/avr-gcc-8.1.0-x64-mingw/bin/../lib/gcc/avr/8.1.0/../../../../avr/lib/avr51\libc.a
LOAD c:/avr-gcc-8.1.0-x64-mingw/bin/../lib/gcc/avr/8.1.0/../../../../avr/lib/avr51\libatmega128.a
END GROUP
                0x0000000000020000                __TEXT_REGION_LENGTH__ = DEFINED (__TEXT_REGION_LENGTH__)?__TEXT_REGION_LENGTH__:0x20000
                0x000000000000ff00                __DATA_REGION_LENGTH__ = DEFINED (__DATA_REGION_LENGTH__)?__DATA_REGION_LENGTH__:0xff00
                0x0000000000010000                __EEPROM_REGION_LENGTH__ = DEFINED (__EEPROM_REGION_LENGTH__)?__EEPROM_REGION_LENGTH__:0x10000
                0x0000000000000400                __FUSE_REGION_LENGTH__ = DEFINED (__FUSE_REGION_LENGTH__)?__FUSE_REGION_LENGTH__:0x400
                0x0000000000000400                __LOCK_REGION_LENGTH__ = DEFINED (__LOCK_REGION_LENGTH__)?__LOCK_REGION_LENGTH__:0x400
                0x0000000000000400                __SIGNATURE_REGION_LENGTH__ = DEFINED (__SIGNATURE_REGION_LENGTH__)?__SIGNATURE_REGION_LENGTH__:0x400
                0x0000000000000400                __USER_SIGNATURE_REGION_LENGTH__ = DEFINED (__USER_SIGNATURE_REGION_LENGTH__)?__USER_SIGNATURE_REGION_LENGTH__:0x400

.hash
 *(.hash)

.dynsym
 *(.dynsym)

.dynstr
 *(.dynstr)

.gnu.version
 *(.gnu.version)

.gnu.version_d
 *(.gnu.version_d)

.gnu.version_r
 *(.gnu.version_r)

.rel.init
 *(.rel.init)

.rela.init
 *(.rela.init)

.rel.text
 *(.rel.text)
 *(.rel.text.*)
 *(.rel.gnu.linkonce.t*)

.rela.text
 *(.rela.text)
 *(.rela.text.*)
 *(.rela.gnu.linkonce.t*)

.rel.fini
 *(.rel.fini)

.rela.fini
 *(.rela.fini)

.rel.rodata
 *(.rel.rodata)
 *(.rel.rodata.*)
 *(.rel.gnu.linkonce.r*)

.rela.rodata
 *(.rela.rodata)
 *(.rela.rodata.*)
 *(.rela.gnu.linkonce.r*)

.rel.data
 *(.rel.data)
 *(.rel.data.*)
 *(.rel.gnu.linkonce.d*)

.rela.data
 *(.rela.data)
 *(.rela.data.*)
 *(.rela.gnu.linkonce.d*)

.rel.ctors
 *(.rel.ctors)

.rela.ctors
 *(.rela.ctors)

.rel.dtors
 *(.rel.dtors)

.rela.dtors
 *(.rela.dtors)

.rel.got
 *(.rel.got)

.rela.got
 *(.rela.got)

.rel.bss
 *(.rel.bss)

.rela.bss
 *(.rela.bss)

.rel.plt
 *(.rel.plt)

.rela.plt
 *(.rela.plt)

.text           0x0000000000000000     0x8320
 *(.vectors)
 .vectors       0x0000000000000000       0x8c c:/avr-gcc-8.1.0-x64-mingw/bin/../lib/gcc/avr/8.1.0/../../../../avr/lib/avr51/crtatmega128.o
                0x0000000000000000                __vector_default
                0x0000000000000000                __vectors
 *(.vectors)
 *(.progmem.gcc*)
                0x000000000000008c                . = ALIGN (0x2)
                0x000000000000008c                __trampolines_start = .
 *(.trampolines)
 .trampolines   0x000000000000008c        0x0 linker stubs
 *(.trampolines*)
                0x000000000000008c                __trampolines_end = .
 *libprintf_flt.a:*(.progmem.data)
 .progmem.data  0x000000000000008c        0x8 c:/avr-gcc-8.1.0-x64-mingw/bin/../lib/gcc/avr/8.1.0/../../../../avr/lib/avr51\libprintf_flt.a(vfprintf_flt.o)
 *libc.a:*(.progmem.data)
 .progmem.data  0x0000000000000094       0xfa c:/avr-gcc-8.1.0-x64-mingw/bin/../lib/gcc/avr/8.1.0/../../../../avr/lib/avr51\libc.a(ftoa_engine.o)
 *(.progmem.*)
 .progmem.data  0x000000000000018e       0x4d c:/avr-gcc-8.1.0-x64-mingw/bin/../lib/gcc/avr/8.1.0/../../../../avr/lib/avr51\libscanf_flt.a(vfscanf_flt.o)
                0x00000000000001dc                . = ALIGN (0x2)
 *fill*         0x00000000000001db        0x1 
 *(.lowtext)
 *(.lowtext*)
                0x00000000000001dc                __ctors_start = .
 *(.ctors)
                0x00000000000001dc                __ctors_end = .
                0x00000000000001dc                __dtors_start = .
 *(.dtors)
                0x00000000000001dc                __dtors_end = .
 SORT_BY_NAME(*)(.ctors)
 SORT_BY_NAME(*)(.dtors)
 *(.init0)
 .init0         0x00000000000001dc        0x0 c:/avr-gcc-8.1.0-x64-mingw/bin/../lib/gcc/avr/8.1.0/../../../../avr/lib/avr51/crtatmega128.o
                0x00000000000001dc                __init
 *(.init0)
 *(.init1)
 *(.init1)
 *(.init2)
 .init2         0x00000000000001dc        0xc c:/avr-gcc-8.1.0-x64-mingw/bin/../lib/gcc/avr/8.1.0/../../../../avr/lib/avr51/crtatmega128.o
 *(.init2)
 *(.init3)
 *(.init3)
 *(.init4)
 .init4         0x00000000000001e8       0x1a c:/avr-gcc-8.1.0-x64-mingw/bin/../lib/gcc/avr/8.1.0/avr51\libgcc.a(_copy_data.o)
                0x00000000000001e8                __do_copy_data
 .init4         0x0000000000000202       0x10 c:/avr-gcc-8.1.0-x64-mingw/bin/../lib/gcc/avr/8.1.0/avr51\libgcc.a(_clear_bss.o)
                0x0000000000000202                __do_clear_bss
 *(.init4)
 *(.init5)
 *(.init5)
 *(.init6)
 *(.init6)
 *(.init7)
 *(.init7)
 *(.init8)
 *(.init8)
 *(.init9)
 .init9         0x0000000000000212        0x8 c:/avr-gcc-8.1.0-x64-mingw/bin/../lib/gcc/avr/8.1.0/../../../../avr/lib/avr51/crtatmega128.o
 *(.init9)
 *(.text)
 .text          0x000000000000021a        0x4 c:/avr-gcc-8.1.0-x64-mingw/bin/../lib/gcc/avr/8.1.0/../../../../avr/lib/avr51/crtatmega128.o
                0x000000000000021a                __vector_22
                0x000000000000021a                __vector_28
                0x000000000000021a                __vector_1
                0x000000000000021a                __vector_32
                0x000000000000021a                __vector_34
                0x000000000000021a                __vector_24
                0x000000000000021a                __vector_12
                0x000000000000021a                __bad_interrupt
                0x000000000000021a                __vector_6
                0x000000000000021a                __vector_31
                0x000000000000021a                __vector_3
                0x000000000000021a                __vector_23
                0x000000000000021a                __vector_30
                0x000000000000021a                __vector_25
                0x000000000000021a                __vector_11
                0x000000000000021a                __vector_17
                0x000000000000021a                __vector_19
                0x000000000000021a                __vector_7
                0x000000000000021a                __vector_5
                0x000000000000021a                __vector_33
                0x000000000000021a                __vector_4
                0x000000000000021a                __vector_2
                0x000000000000021a                __vector_21
                0x000000000000021a                __vector_29
                0x000000000000021a                __vector_8
                0x000000000000021a                __vector_26
                0x000000000000021a                __vector_14
                0x000000000000021a                __vector_10
                0x000000000000021a                __vector_16
                0x000000000000021a                __vector_18
                0x000000000000021a                __vector_20
 .text          0x000000000000021e       0x2e main.o
                0x000000000000021e                __vector_15
                0x0000000000000220                __vector_9
                0x0000000000000222                __vector_13
                0x0000000000000224                __vector_27
                0x0000000000000226                ascii2num
 .text          0x000000000000024c       0x72 lib/SDC00/diskio.o
                0x000000000000024c                disk_status
                0x0000000000000258                disk_initialize
                0x0000000000000264                disk_read
                0x0000000000000286                disk_write
                0x00000000000002a8                disk_ioctl
                0x00000000000002ba                disk_timerproc
 .text          0x00000000000002be        0x0 lib/SDC00/ffunicode_avr.o
 .text          0x00000000000002be     0x49aa lib/SDC00/ff.o
                0x0000000000001c2e                f_mount
                0x0000000000001cb0                f_open
                0x0000000000001fde                f_read
                0x0000000000002280                f_write
                0x00000000000026be                f_sync
                0x000000000000276a                f_close
                0x00000000000027a6                f_chdrive
                0x00000000000027d4                f_chdir
                0x0000000000002880                f_getcwd
                0x0000000000002a8e                f_lseek
                0x0000000000002dc0                f_opendir
                0x0000000000002e76                f_closedir
                0x0000000000002ea8                f_readdir
                0x0000000000002f1a                f_stat
                0x0000000000002f96                f_getfree
                0x000000000000318c                f_truncate
                0x0000000000003290                f_unlink
                0x00000000000033f8                f_mkdir
                0x00000000000035f6                f_rename
                0x0000000000003810                f_chmod
                0x000000000000389a                f_utime
                0x000000000000393c                f_getlabel
                0x0000000000003a52                f_setlabel
                0x0000000000003c94                f_mkfs
                0x0000000000004762                f_gets
                0x00000000000047fa                f_putc
                0x0000000000004842                f_puts
                0x000000000000489a                f_printf
 .text          0x0000000000004c68      0x548 lib/SDC00/ASA_lib_SDC00.o
                0x0000000000004c68                ASA_ID_check
                0x0000000000004c74                ASA_ID_set
                0x0000000000004c96                ASA_SDC00_Select
                0x0000000000004cae                ASA_SDC00_Deselect
                0x0000000000004cc8                ASA_SDC00_Init
                0x0000000000004d4a                ASA_SDC00_set
                0x0000000000004e68                ASA_SDC00_put
                0x0000000000005004                check_info
                0x0000000000005070                ASA_SDC00_get
 .text          0x00000000000051b0      0xd1c lib/SDC00/mmc_avr_spi.o
                0x000000000000543c                mmc_disk_initialize
                0x00000000000056e8                mmc_disk_status
                0x00000000000056ee                mmc_disk_read
                0x0000000000005776                mmc_disk_write
                0x0000000000005876                mmc_disk_ioctl
                0x0000000000005e68                mmc_disk_timerproc
 .text          0x0000000000005ecc      0x1d2 lib/DAC00/ASA_Lib_DAC00.o
                0x0000000000005f0c                ASA_DAC00_set
                0x0000000000005fa0                ASA_DAC00_put
                0x0000000000006024                ASA_DAC00_get
 .text          0x000000000000609e      0x154 lib/M128_Danny_ADC.o
                0x000000000000609e                setEnableADC
                0x00000000000060aa                setADCDivision
                0x00000000000060fc                setFreeRunning
                0x0000000000006108                setMuxADC
                0x0000000000006134                setVoltageRefADC
                0x000000000000614a                setupADC2
                0x0000000000006160                setupADC3
                0x0000000000006176                setConversion
                0x000000000000617a                setInterruptADCEnable
                0x0000000000006190                isConversionComplete
                0x000000000000619e                setIO
                0x00000000000061be                analogReadADC2
                0x00000000000061d8                analogReadADC3
 .text          0x00000000000061f2      0x1cc lib/M128_Danny_Timer.o
                0x00000000000061f2                openTimer0
                0x00000000000061fc                closeTimer0
                0x0000000000006206                openTimer2
                0x000000000000620e                closeTimer2
                0x0000000000006218                openTimer1B
                0x0000000000006222                closeTimer1B
                0x000000000000622c                openTimer3B
                0x0000000000006230                closeTimer3B
                0x0000000000006234                getTimer0PrescalerLavel
                0x0000000000006286                setTimer0_CompareInterrupt
                0x00000000000062aa                getTimer123PrescalerLavel
                0x00000000000062e6                setTimer2_CompareInterrupt
                0x0000000000006304                setTimer1B_CompareInterrupt
                0x0000000000006330                setTimer3B_CompareInterrupt
                0x000000000000636a                openWhichTimer
                0x0000000000006394                closeWhichTimer
 .text          0x00000000000063be      0x3d4 lib/M128_Danny_SDC.o
                0x00000000000063be                createFile
                0x0000000000006472                initBuffer
                0x000000000000647a                setSDCContinuous
                0x00000000000064aa                setSDCReplace
                0x00000000000064da                setSDCRead
                0x000000000000650a                getSDCData
                0x0000000000006516                getSDCDate
                0x000000000000655a                getSDCTime
                0x000000000000659e                getSDCSize
                0x00000000000065e2                getSDCType
                0x0000000000006622                getSDCResponse
                0x0000000000006662                setSDCWords
                0x000000000000668c                setSDCBinUint16
                0x00000000000066d0                closeSDC
                0x0000000000006700                testSDC
                0x0000000000006720                setSDCName
                0x000000000000677c                getBufferSize
 .text          0x0000000000006792      0x342 ASA_Lib.o(ASA_Lib_M128_HMI.o)
                0x0000000000006792                uart_put
                0x000000000000679a                uart_get
                0x00000000000067a2                M128_HMI_set
                0x00000000000067ce                HMI_timeout_set
                0x000000000000680c                M128_HMI_put
                0x0000000000006870                M128_HMI_get
                0x00000000000068f8                stdio_putchar
                0x0000000000006914                stdio_getchar
                0x000000000000692c                ASA_M128_set
                0x000000000000695c                M128_HMI_Form_get
                0x0000000000006a28                M128_HMI_Form_put
 .text          0x0000000000006ad4        0x0 c:/avr-gcc-8.1.0-x64-mingw/bin/../lib/gcc/avr/8.1.0/../../../../avr/lib/avr51\libprintf_flt.a(vfprintf_flt.o)
 .text          0x0000000000006ad4        0x0 c:/avr-gcc-8.1.0-x64-mingw/bin/../lib/gcc/avr/8.1.0/../../../../avr/lib/avr51\libscanf_flt.a(vfscanf_flt.o)
 .text          0x0000000000006ad4        0x0 c:/avr-gcc-8.1.0-x64-mingw/bin/../lib/gcc/avr/8.1.0/avr51\libgcc.a(_udivmodsi4.o)
 .text          0x0000000000006ad4        0x0 c:/avr-gcc-8.1.0-x64-mingw/bin/../lib/gcc/avr/8.1.0/avr51\libgcc.a(_exit.o)
 .text          0x0000000000006ad4        0x0 c:/avr-gcc-8.1.0-x64-mingw/bin/../lib/gcc/avr/8.1.0/avr51\libgcc.a(_copy_data.o)
 .text          0x0000000000006ad4        0x0 c:/avr-gcc-8.1.0-x64-mingw/bin/../lib/gcc/avr/8.1.0/avr51\libgcc.a(_clear_bss.o)
 .text          0x0000000000006ad4        0x0 c:/avr-gcc-8.1.0-x64-mingw/bin/../lib/gcc/avr/8.1.0/avr51\libgcc.a(_muluhisi3.o)
 .text          0x0000000000006ad4        0x0 c:/avr-gcc-8.1.0-x64-mingw/bin/../lib/gcc/avr/8.1.0/avr51\libgcc.a(_umulhisi3.o)
 .text          0x0000000000006ad4        0x0 c:/avr-gcc-8.1.0-x64-mingw/bin/../lib/gcc/avr/8.1.0/../../../../avr/lib/avr51\libm.a(floatsisf.o)
 .text          0x0000000000006ad4        0x0 c:/avr-gcc-8.1.0-x64-mingw/bin/../lib/gcc/avr/8.1.0/../../../../avr/lib/avr51\libm.a(mulsf3.o)
 .text          0x0000000000006ad4        0x0 c:/avr-gcc-8.1.0-x64-mingw/bin/../lib/gcc/avr/8.1.0/../../../../avr/lib/avr51\libm.a(mulsf3x.o)
 .text          0x0000000000006ad4        0x0 c:/avr-gcc-8.1.0-x64-mingw/bin/../lib/gcc/avr/8.1.0/../../../../avr/lib/avr51\libm.a(fp_inf.o)
 .text          0x0000000000006ad4        0x0 c:/avr-gcc-8.1.0-x64-mingw/bin/../lib/gcc/avr/8.1.0/../../../../avr/lib/avr51\libm.a(fp_nan.o)
 .text          0x0000000000006ad4        0x0 c:/avr-gcc-8.1.0-x64-mingw/bin/../lib/gcc/avr/8.1.0/../../../../avr/lib/avr51\libm.a(fp_pscA.o)
 .text          0x0000000000006ad4        0x0 c:/avr-gcc-8.1.0-x64-mingw/bin/../lib/gcc/avr/8.1.0/../../../../avr/lib/avr51\libm.a(fp_pscB.o)
 .text          0x0000000000006ad4        0x0 c:/avr-gcc-8.1.0-x64-mingw/bin/../lib/gcc/avr/8.1.0/../../../../avr/lib/avr51\libm.a(fp_round.o)
 .text          0x0000000000006ad4        0x0 c:/avr-gcc-8.1.0-x64-mingw/bin/../lib/gcc/avr/8.1.0/../../../../avr/lib/avr51\libm.a(fp_split3.o)
 .text          0x0000000000006ad4        0x0 c:/avr-gcc-8.1.0-x64-mingw/bin/../lib/gcc/avr/8.1.0/../../../../avr/lib/avr51\libm.a(fp_zero.o)
 .text          0x0000000000006ad4        0x0 c:/avr-gcc-8.1.0-x64-mingw/bin/../lib/gcc/avr/8.1.0/../../../../avr/lib/avr51\libc.a(ftoa_engine.o)
 .text          0x0000000000006ad4        0x0 c:/avr-gcc-8.1.0-x64-mingw/bin/../lib/gcc/avr/8.1.0/../../../../avr/lib/avr51\libc.a(isspace.o)
 .text          0x0000000000006ad4        0x0 c:/avr-gcc-8.1.0-x64-mingw/bin/../lib/gcc/avr/8.1.0/../../../../avr/lib/avr51\libc.a(tolower.o)
 .text          0x0000000000006ad4        0x0 c:/avr-gcc-8.1.0-x64-mingw/bin/../lib/gcc/avr/8.1.0/../../../../avr/lib/avr51\libc.a(strchr_P.o)
 .text          0x0000000000006ad4        0x0 c:/avr-gcc-8.1.0-x64-mingw/bin/../lib/gcc/avr/8.1.0/../../../../avr/lib/avr51\libc.a(strnlen_P.o)
 .text          0x0000000000006ad4        0x0 c:/avr-gcc-8.1.0-x64-mingw/bin/../lib/gcc/avr/8.1.0/../../../../avr/lib/avr51\libc.a(strnlen.o)
 .text          0x0000000000006ad4        0x0 c:/avr-gcc-8.1.0-x64-mingw/bin/../lib/gcc/avr/8.1.0/../../../../avr/lib/avr51\libc.a(fgetc.o)
 .text          0x0000000000006ad4        0x0 c:/avr-gcc-8.1.0-x64-mingw/bin/../lib/gcc/avr/8.1.0/../../../../avr/lib/avr51\libc.a(fputc.o)
 .text          0x0000000000006ad4        0x0 c:/avr-gcc-8.1.0-x64-mingw/bin/../lib/gcc/avr/8.1.0/../../../../avr/lib/avr51\libc.a(iob.o)
 .text          0x0000000000006ad4        0x0 c:/avr-gcc-8.1.0-x64-mingw/bin/../lib/gcc/avr/8.1.0/../../../../avr/lib/avr51\libc.a(printf.o)
 .text          0x0000000000006ad4        0x0 c:/avr-gcc-8.1.0-x64-mingw/bin/../lib/gcc/avr/8.1.0/../../../../avr/lib/avr51\libc.a(puts.o)
 .text          0x0000000000006ad4        0x0 c:/avr-gcc-8.1.0-x64-mingw/bin/../lib/gcc/avr/8.1.0/../../../../avr/lib/avr51\libc.a(sprintf.o)
 .text          0x0000000000006ad4        0x0 c:/avr-gcc-8.1.0-x64-mingw/bin/../lib/gcc/avr/8.1.0/../../../../avr/lib/avr51\libc.a(ungetc.o)
 .text          0x0000000000006ad4        0x0 c:/avr-gcc-8.1.0-x64-mingw/bin/../lib/gcc/avr/8.1.0/../../../../avr/lib/avr51\libc.a(ultoa_invert.o)
 .text          0x0000000000006ad4        0x0 c:/avr-gcc-8.1.0-x64-mingw/bin/../lib/gcc/avr/8.1.0/../../../../avr/lib/avr51\libc.a(cty_isfalse.o)
                0x0000000000006ad4                . = ALIGN (0x2)
 *(.text.*)
 .text.startup  0x0000000000006ad4      0x234 main.o
                0x0000000000006ad4                main
 .text.avr-libc
                0x0000000000006d08      0x6ec c:/avr-gcc-8.1.0-x64-mingw/bin/../lib/gcc/avr/8.1.0/../../../../avr/lib/avr51\libprintf_flt.a(vfprintf_flt.o)
                0x0000000000006d08                vfprintf
 .text.avr-libc
                0x00000000000073f4      0x800 c:/avr-gcc-8.1.0-x64-mingw/bin/../lib/gcc/avr/8.1.0/../../../../avr/lib/avr51\libscanf_flt.a(vfscanf_flt.o)
                0x000000000000799e                vfscanf
 .text.libgcc.mul
                0x0000000000007bf4        0x0 c:/avr-gcc-8.1.0-x64-mingw/bin/../lib/gcc/avr/8.1.0/avr51\libgcc.a(_udivmodsi4.o)
 .text.libgcc.div
                0x0000000000007bf4       0x44 c:/avr-gcc-8.1.0-x64-mingw/bin/../lib/gcc/avr/8.1.0/avr51\libgcc.a(_udivmodsi4.o)
                0x0000000000007bf4                __udivmodsi4
 .text.libgcc   0x0000000000007c38        0x0 c:/avr-gcc-8.1.0-x64-mingw/bin/../lib/gcc/avr/8.1.0/avr51\libgcc.a(_udivmodsi4.o)
 .text.libgcc.prologue
                0x0000000000007c38        0x0 c:/avr-gcc-8.1.0-x64-mingw/bin/../lib/gcc/avr/8.1.0/avr51\libgcc.a(_udivmodsi4.o)
 .text.libgcc.builtins
                0x0000000000007c38        0x0 c:/avr-gcc-8.1.0-x64-mingw/bin/../lib/gcc/avr/8.1.0/avr51\libgcc.a(_udivmodsi4.o)
 .text.libgcc.fmul
                0x0000000000007c38        0x0 c:/avr-gcc-8.1.0-x64-mingw/bin/../lib/gcc/avr/8.1.0/avr51\libgcc.a(_udivmodsi4.o)
 .text.libgcc.fixed
                0x0000000000007c38        0x0 c:/avr-gcc-8.1.0-x64-mingw/bin/../lib/gcc/avr/8.1.0/avr51\libgcc.a(_udivmodsi4.o)
 .text.libgcc.mul
                0x0000000000007c38        0x0 c:/avr-gcc-8.1.0-x64-mingw/bin/../lib/gcc/avr/8.1.0/avr51\libgcc.a(_exit.o)
 .text.libgcc.div
                0x0000000000007c38        0x0 c:/avr-gcc-8.1.0-x64-mingw/bin/../lib/gcc/avr/8.1.0/avr51\libgcc.a(_exit.o)
 .text.libgcc   0x0000000000007c38        0x0 c:/avr-gcc-8.1.0-x64-mingw/bin/../lib/gcc/avr/8.1.0/avr51\libgcc.a(_exit.o)
 .text.libgcc.prologue
                0x0000000000007c38        0x0 c:/avr-gcc-8.1.0-x64-mingw/bin/../lib/gcc/avr/8.1.0/avr51\libgcc.a(_exit.o)
 .text.libgcc.builtins
                0x0000000000007c38        0x0 c:/avr-gcc-8.1.0-x64-mingw/bin/../lib/gcc/avr/8.1.0/avr51\libgcc.a(_exit.o)
 .text.libgcc.fmul
                0x0000000000007c38        0x0 c:/avr-gcc-8.1.0-x64-mingw/bin/../lib/gcc/avr/8.1.0/avr51\libgcc.a(_exit.o)
 .text.libgcc.fixed
                0x0000000000007c38        0x0 c:/avr-gcc-8.1.0-x64-mingw/bin/../lib/gcc/avr/8.1.0/avr51\libgcc.a(_exit.o)
 .text.libgcc.mul
                0x0000000000007c38        0x0 c:/avr-gcc-8.1.0-x64-mingw/bin/../lib/gcc/avr/8.1.0/avr51\libgcc.a(_copy_data.o)
 .text.libgcc.div
                0x0000000000007c38        0x0 c:/avr-gcc-8.1.0-x64-mingw/bin/../lib/gcc/avr/8.1.0/avr51\libgcc.a(_copy_data.o)
 .text.libgcc   0x0000000000007c38        0x0 c:/avr-gcc-8.1.0-x64-mingw/bin/../lib/gcc/avr/8.1.0/avr51\libgcc.a(_copy_data.o)
 .text.libgcc.prologue
                0x0000000000007c38        0x0 c:/avr-gcc-8.1.0-x64-mingw/bin/../lib/gcc/avr/8.1.0/avr51\libgcc.a(_copy_data.o)
 .text.libgcc.builtins
                0x0000000000007c38        0x0 c:/avr-gcc-8.1.0-x64-mingw/bin/../lib/gcc/avr/8.1.0/avr51\libgcc.a(_copy_data.o)
 .text.libgcc.fmul
                0x0000000000007c38        0x0 c:/avr-gcc-8.1.0-x64-mingw/bin/../lib/gcc/avr/8.1.0/avr51\libgcc.a(_copy_data.o)
 .text.libgcc.fixed
                0x0000000000007c38        0x0 c:/avr-gcc-8.1.0-x64-mingw/bin/../lib/gcc/avr/8.1.0/avr51\libgcc.a(_copy_data.o)
 .text.libgcc.mul
                0x0000000000007c38        0x0 c:/avr-gcc-8.1.0-x64-mingw/bin/../lib/gcc/avr/8.1.0/avr51\libgcc.a(_clear_bss.o)
 .text.libgcc.div
                0x0000000000007c38        0x0 c:/avr-gcc-8.1.0-x64-mingw/bin/../lib/gcc/avr/8.1.0/avr51\libgcc.a(_clear_bss.o)
 .text.libgcc   0x0000000000007c38        0x0 c:/avr-gcc-8.1.0-x64-mingw/bin/../lib/gcc/avr/8.1.0/avr51\libgcc.a(_clear_bss.o)
 .text.libgcc.prologue
                0x0000000000007c38        0x0 c:/avr-gcc-8.1.0-x64-mingw/bin/../lib/gcc/avr/8.1.0/avr51\libgcc.a(_clear_bss.o)
 .text.libgcc.builtins
                0x0000000000007c38        0x0 c:/avr-gcc-8.1.0-x64-mingw/bin/../lib/gcc/avr/8.1.0/avr51\libgcc.a(_clear_bss.o)
 .text.libgcc.fmul
                0x0000000000007c38        0x0 c:/avr-gcc-8.1.0-x64-mingw/bin/../lib/gcc/avr/8.1.0/avr51\libgcc.a(_clear_bss.o)
 .text.libgcc.fixed
                0x0000000000007c38        0x0 c:/avr-gcc-8.1.0-x64-mingw/bin/../lib/gcc/avr/8.1.0/avr51\libgcc.a(_clear_bss.o)
 .text.libgcc.mul
                0x0000000000007c38       0x16 c:/avr-gcc-8.1.0-x64-mingw/bin/../lib/gcc/avr/8.1.0/avr51\libgcc.a(_muluhisi3.o)
                0x0000000000007c38                __muluhisi3
 .text.libgcc.div
                0x0000000000007c4e        0x0 c:/avr-gcc-8.1.0-x64-mingw/bin/../lib/gcc/avr/8.1.0/avr51\libgcc.a(_muluhisi3.o)
 .text.libgcc   0x0000000000007c4e        0x0 c:/avr-gcc-8.1.0-x64-mingw/bin/../lib/gcc/avr/8.1.0/avr51\libgcc.a(_muluhisi3.o)
 .text.libgcc.prologue
                0x0000000000007c4e        0x0 c:/avr-gcc-8.1.0-x64-mingw/bin/../lib/gcc/avr/8.1.0/avr51\libgcc.a(_muluhisi3.o)
 .text.libgcc.builtins
                0x0000000000007c4e        0x0 c:/avr-gcc-8.1.0-x64-mingw/bin/../lib/gcc/avr/8.1.0/avr51\libgcc.a(_muluhisi3.o)
 .text.libgcc.fmul
                0x0000000000007c4e        0x0 c:/avr-gcc-8.1.0-x64-mingw/bin/../lib/gcc/avr/8.1.0/avr51\libgcc.a(_muluhisi3.o)
 .text.libgcc.fixed
                0x0000000000007c4e        0x0 c:/avr-gcc-8.1.0-x64-mingw/bin/../lib/gcc/avr/8.1.0/avr51\libgcc.a(_muluhisi3.o)
 .text.libgcc.mul
                0x0000000000007c4e       0x1e c:/avr-gcc-8.1.0-x64-mingw/bin/../lib/gcc/avr/8.1.0/avr51\libgcc.a(_umulhisi3.o)
                0x0000000000007c4e                __umulhisi3
 .text.libgcc.div
                0x0000000000007c6c        0x0 c:/avr-gcc-8.1.0-x64-mingw/bin/../lib/gcc/avr/8.1.0/avr51\libgcc.a(_umulhisi3.o)
 .text.libgcc   0x0000000000007c6c        0x0 c:/avr-gcc-8.1.0-x64-mingw/bin/../lib/gcc/avr/8.1.0/avr51\libgcc.a(_umulhisi3.o)
 .text.libgcc.prologue
                0x0000000000007c6c        0x0 c:/avr-gcc-8.1.0-x64-mingw/bin/../lib/gcc/avr/8.1.0/avr51\libgcc.a(_umulhisi3.o)
 .text.libgcc.builtins
                0x0000000000007c6c        0x0 c:/avr-gcc-8.1.0-x64-mingw/bin/../lib/gcc/avr/8.1.0/avr51\libgcc.a(_umulhisi3.o)
 .text.libgcc.fmul
                0x0000000000007c6c        0x0 c:/avr-gcc-8.1.0-x64-mingw/bin/../lib/gcc/avr/8.1.0/avr51\libgcc.a(_umulhisi3.o)
 .text.libgcc.fixed
                0x0000000000007c6c        0x0 c:/avr-gcc-8.1.0-x64-mingw/bin/../lib/gcc/avr/8.1.0/avr51\libgcc.a(_umulhisi3.o)
 .text.avr-libc.fplib
                0x0000000000007c6c       0x7a c:/avr-gcc-8.1.0-x64-mingw/bin/../lib/gcc/avr/8.1.0/../../../../avr/lib/avr51\libm.a(floatsisf.o)
                0x0000000000007c6c                __floatunsisf
                0x0000000000007c70                __floatsisf
 .text.avr-libc.fplib
                0x0000000000007ce6        0x8 c:/avr-gcc-8.1.0-x64-mingw/bin/../lib/gcc/avr/8.1.0/../../../../avr/lib/avr51\libm.a(mulsf3.o)
                0x0000000000007ce6                __mulsf3
 .text.avr-libc.fplib
                0x0000000000007cee       0xd2 c:/avr-gcc-8.1.0-x64-mingw/bin/../lib/gcc/avr/8.1.0/../../../../avr/lib/avr51\libm.a(mulsf3x.o)
                0x0000000000007d0c                __mulsf3x
                0x0000000000007d12                __mulsf3_pse
 .text.avr-libc.fplib
                0x0000000000007dc0        0xc c:/avr-gcc-8.1.0-x64-mingw/bin/../lib/gcc/avr/8.1.0/../../../../avr/lib/avr51\libm.a(fp_inf.o)
                0x0000000000007dc0                __fp_inf
 .text.avr-libc.fplib
                0x0000000000007dcc        0x6 c:/avr-gcc-8.1.0-x64-mingw/bin/../lib/gcc/avr/8.1.0/../../../../avr/lib/avr51\libm.a(fp_nan.o)
                0x0000000000007dcc                __fp_nan
 .text.avr-libc.fplib
                0x0000000000007dd2        0xe c:/avr-gcc-8.1.0-x64-mingw/bin/../lib/gcc/avr/8.1.0/../../../../avr/lib/avr51\libm.a(fp_pscA.o)
                0x0000000000007dd2                __fp_pscA
 .text.avr-libc.fplib
                0x0000000000007de0        0xe c:/avr-gcc-8.1.0-x64-mingw/bin/../lib/gcc/avr/8.1.0/../../../../avr/lib/avr51\libm.a(fp_pscB.o)
                0x0000000000007de0                __fp_pscB
 .text.avr-libc.fplib
                0x0000000000007dee       0x22 c:/avr-gcc-8.1.0-x64-mingw/bin/../lib/gcc/avr/8.1.0/../../../../avr/lib/avr51\libm.a(fp_round.o)
                0x0000000000007dee                __fp_round
 .text.avr-libc.fplib
                0x0000000000007e10       0x44 c:/avr-gcc-8.1.0-x64-mingw/bin/../lib/gcc/avr/8.1.0/../../../../avr/lib/avr51\libm.a(fp_split3.o)
                0x0000000000007e10                __fp_split3
                0x0000000000007e20                __fp_splitA
 .text.avr-libc.fplib
                0x0000000000007e54        0xe c:/avr-gcc-8.1.0-x64-mingw/bin/../lib/gcc/avr/8.1.0/../../../../avr/lib/avr51\libm.a(fp_zero.o)
                0x0000000000007e54                __fp_zero
                0x0000000000007e56                __fp_szero
 .text.avr-libc
                0x0000000000007e62      0x1b0 c:/avr-gcc-8.1.0-x64-mingw/bin/../lib/gcc/avr/8.1.0/../../../../avr/lib/avr51\libc.a(ftoa_engine.o)
                0x0000000000007e62                __ftoa_engine
 .text.avr-libc
                0x0000000000008012       0x12 c:/avr-gcc-8.1.0-x64-mingw/bin/../lib/gcc/avr/8.1.0/../../../../avr/lib/avr51\libc.a(isspace.o)
                0x0000000000008012                isspace
 .text.avr-libc
                0x0000000000008024       0x10 c:/avr-gcc-8.1.0-x64-mingw/bin/../lib/gcc/avr/8.1.0/../../../../avr/lib/avr51\libc.a(tolower.o)
                0x0000000000008024                tolower
 .text.avr-libc
                0x0000000000008034       0x16 c:/avr-gcc-8.1.0-x64-mingw/bin/../lib/gcc/avr/8.1.0/../../../../avr/lib/avr51\libc.a(strchr_P.o)
                0x0000000000008034                strchr_P
 .text.avr-libc
                0x000000000000804a       0x16 c:/avr-gcc-8.1.0-x64-mingw/bin/../lib/gcc/avr/8.1.0/../../../../avr/lib/avr51\libc.a(strnlen_P.o)
                0x000000000000804a                strnlen_P
 .text.avr-libc
                0x0000000000008060       0x16 c:/avr-gcc-8.1.0-x64-mingw/bin/../lib/gcc/avr/8.1.0/../../../../avr/lib/avr51\libc.a(strnlen.o)
                0x0000000000008060                strnlen
 .text.avr-libc
                0x0000000000008076       0x74 c:/avr-gcc-8.1.0-x64-mingw/bin/../lib/gcc/avr/8.1.0/../../../../avr/lib/avr51\libc.a(fgetc.o)
                0x0000000000008076                fgetc
 .text.avr-libc
                0x00000000000080ea       0x60 c:/avr-gcc-8.1.0-x64-mingw/bin/../lib/gcc/avr/8.1.0/../../../../avr/lib/avr51\libc.a(fputc.o)
                0x00000000000080ea                fputc
 .text.avr-libc
                0x000000000000814a       0x28 c:/avr-gcc-8.1.0-x64-mingw/bin/../lib/gcc/avr/8.1.0/../../../../avr/lib/avr51\libc.a(printf.o)
                0x000000000000814a                printf
 .text.avr-libc
                0x0000000000008172       0x58 c:/avr-gcc-8.1.0-x64-mingw/bin/../lib/gcc/avr/8.1.0/../../../../avr/lib/avr51\libc.a(puts.o)
                0x0000000000008172                puts
 .text.avr-libc
                0x00000000000081ca       0x60 c:/avr-gcc-8.1.0-x64-mingw/bin/../lib/gcc/avr/8.1.0/../../../../avr/lib/avr51\libc.a(sprintf.o)
                0x00000000000081ca                sprintf
 .text.avr-libc
                0x000000000000822a       0x30 c:/avr-gcc-8.1.0-x64-mingw/bin/../lib/gcc/avr/8.1.0/../../../../avr/lib/avr51\libc.a(ungetc.o)
                0x000000000000822a                ungetc
 .text.avr-libc
                0x000000000000825a       0xbc c:/avr-gcc-8.1.0-x64-mingw/bin/../lib/gcc/avr/8.1.0/../../../../avr/lib/avr51\libc.a(ultoa_invert.o)
                0x000000000000825a                __ultoa_invert
 .text.avr-libc
                0x0000000000008316        0x6 c:/avr-gcc-8.1.0-x64-mingw/bin/../lib/gcc/avr/8.1.0/../../../../avr/lib/avr51\libc.a(cty_isfalse.o)
                0x0000000000008316                __ctype_isfalse
                0x000000000000831a                __ctype_istrue
                0x000000000000831c                . = ALIGN (0x2)
 *(.fini9)
 .fini9         0x000000000000831c        0x0 c:/avr-gcc-8.1.0-x64-mingw/bin/../lib/gcc/avr/8.1.0/avr51\libgcc.a(_exit.o)
                0x000000000000831c                _exit
                0x000000000000831c                exit
 *(.fini9)
 *(.fini8)
 *(.fini8)
 *(.fini7)
 *(.fini7)
 *(.fini6)
 *(.fini6)
 *(.fini5)
 *(.fini5)
 *(.fini4)
 *(.fini4)
 *(.fini3)
 *(.fini3)
 *(.fini2)
 *(.fini2)
 *(.fini1)
 *(.fini1)
 *(.fini0)
 .fini0         0x000000000000831c        0x4 c:/avr-gcc-8.1.0-x64-mingw/bin/../lib/gcc/avr/8.1.0/avr51\libgcc.a(_exit.o)
 *(.fini0)
 *(.hightext)
 *(.hightext*)
 *(.progmemx.*)
                0x0000000000008320                . = ALIGN (0x2)
 *(.jumptables)
 *(.jumptables*)
                0x0000000000008320                _etext = .

.data           0x0000000000800100      0x274 load address 0x0000000000008320
                0x0000000000800100                PROVIDE (__data_start = .)
 *(.data)
 .data          0x0000000000800100        0x0 c:/avr-gcc-8.1.0-x64-mingw/bin/../lib/gcc/avr/8.1.0/../../../../avr/lib/avr51/crtatmega128.o
 .data          0x0000000000800100        0x0 main.o
 .data          0x0000000000800100        0x0 lib/SDC00/diskio.o
 .data          0x0000000000800100        0x0 lib/SDC00/ffunicode_avr.o
 .data          0x0000000000800100        0x0 lib/SDC00/ff.o
 .data          0x0000000000800100        0xa lib/SDC00/ASA_lib_SDC00.o
                0x0000000000800100                ASA_SDC00_ID
                0x0000000000800101                ASA_DATA_Dir
 .data          0x000000000080010a        0x1 lib/SDC00/mmc_avr_spi.o
 .data          0x000000000080010b        0x0 lib/DAC00/ASA_Lib_DAC00.o
 .data          0x000000000080010b        0x0 lib/M128_Danny_ADC.o
 .data          0x000000000080010b        0x0 lib/M128_Danny_Timer.o
 .data          0x000000000080010b        0x0 lib/M128_Danny_SDC.o
 .data          0x000000000080010b       0x13 ASA_Lib.o(ASA_Lib_M128_HMI.o)
                0x000000000080010b                Timeout
                0x000000000080010f                TimeoutMode
 .data          0x000000000080011e        0x0 c:/avr-gcc-8.1.0-x64-mingw/bin/../lib/gcc/avr/8.1.0/../../../../avr/lib/avr51\libprintf_flt.a(vfprintf_flt.o)
 .data          0x000000000080011e        0x0 c:/avr-gcc-8.1.0-x64-mingw/bin/../lib/gcc/avr/8.1.0/../../../../avr/lib/avr51\libscanf_flt.a(vfscanf_flt.o)
 .data          0x000000000080011e        0x0 c:/avr-gcc-8.1.0-x64-mingw/bin/../lib/gcc/avr/8.1.0/avr51\libgcc.a(_udivmodsi4.o)
 .data          0x000000000080011e        0x0 c:/avr-gcc-8.1.0-x64-mingw/bin/../lib/gcc/avr/8.1.0/avr51\libgcc.a(_exit.o)
 .data          0x000000000080011e        0x0 c:/avr-gcc-8.1.0-x64-mingw/bin/../lib/gcc/avr/8.1.0/avr51\libgcc.a(_copy_data.o)
 .data          0x000000000080011e        0x0 c:/avr-gcc-8.1.0-x64-mingw/bin/../lib/gcc/avr/8.1.0/avr51\libgcc.a(_clear_bss.o)
 .data          0x000000000080011e        0x0 c:/avr-gcc-8.1.0-x64-mingw/bin/../lib/gcc/avr/8.1.0/avr51\libgcc.a(_muluhisi3.o)
 .data          0x000000000080011e        0x0 c:/avr-gcc-8.1.0-x64-mingw/bin/../lib/gcc/avr/8.1.0/avr51\libgcc.a(_umulhisi3.o)
 .data          0x000000000080011e        0x0 c:/avr-gcc-8.1.0-x64-mingw/bin/../lib/gcc/avr/8.1.0/../../../../avr/lib/avr51\libm.a(floatsisf.o)
 .data          0x000000000080011e        0x0 c:/avr-gcc-8.1.0-x64-mingw/bin/../lib/gcc/avr/8.1.0/../../../../avr/lib/avr51\libm.a(mulsf3.o)
 .data          0x000000000080011e        0x0 c:/avr-gcc-8.1.0-x64-mingw/bin/../lib/gcc/avr/8.1.0/../../../../avr/lib/avr51\libm.a(mulsf3x.o)
 .data          0x000000000080011e        0x0 c:/avr-gcc-8.1.0-x64-mingw/bin/../lib/gcc/avr/8.1.0/../../../../avr/lib/avr51\libm.a(fp_inf.o)
 .data          0x000000000080011e        0x0 c:/avr-gcc-8.1.0-x64-mingw/bin/../lib/gcc/avr/8.1.0/../../../../avr/lib/avr51\libm.a(fp_nan.o)
 .data          0x000000000080011e        0x0 c:/avr-gcc-8.1.0-x64-mingw/bin/../lib/gcc/avr/8.1.0/../../../../avr/lib/avr51\libm.a(fp_pscA.o)
 .data          0x000000000080011e        0x0 c:/avr-gcc-8.1.0-x64-mingw/bin/../lib/gcc/avr/8.1.0/../../../../avr/lib/avr51\libm.a(fp_pscB.o)
 .data          0x000000000080011e        0x0 c:/avr-gcc-8.1.0-x64-mingw/bin/../lib/gcc/avr/8.1.0/../../../../avr/lib/avr51\libm.a(fp_round.o)
 .data          0x000000000080011e        0x0 c:/avr-gcc-8.1.0-x64-mingw/bin/../lib/gcc/avr/8.1.0/../../../../avr/lib/avr51\libm.a(fp_split3.o)
 .data          0x000000000080011e        0x0 c:/avr-gcc-8.1.0-x64-mingw/bin/../lib/gcc/avr/8.1.0/../../../../avr/lib/avr51\libm.a(fp_zero.o)
 .data          0x000000000080011e        0x0 c:/avr-gcc-8.1.0-x64-mingw/bin/../lib/gcc/avr/8.1.0/../../../../avr/lib/avr51\libc.a(ftoa_engine.o)
 .data          0x000000000080011e        0x0 c:/avr-gcc-8.1.0-x64-mingw/bin/../lib/gcc/avr/8.1.0/../../../../avr/lib/avr51\libc.a(isspace.o)
 .data          0x000000000080011e        0x0 c:/avr-gcc-8.1.0-x64-mingw/bin/../lib/gcc/avr/8.1.0/../../../../avr/lib/avr51\libc.a(tolower.o)
 .data          0x000000000080011e        0x0 c:/avr-gcc-8.1.0-x64-mingw/bin/../lib/gcc/avr/8.1.0/../../../../avr/lib/avr51\libc.a(strchr_P.o)
 .data          0x000000000080011e        0x0 c:/avr-gcc-8.1.0-x64-mingw/bin/../lib/gcc/avr/8.1.0/../../../../avr/lib/avr51\libc.a(strnlen_P.o)
 .data          0x000000000080011e        0x0 c:/avr-gcc-8.1.0-x64-mingw/bin/../lib/gcc/avr/8.1.0/../../../../avr/lib/avr51\libc.a(strnlen.o)
 .data          0x000000000080011e        0x0 c:/avr-gcc-8.1.0-x64-mingw/bin/../lib/gcc/avr/8.1.0/../../../../avr/lib/avr51\libc.a(fgetc.o)
 .data          0x000000000080011e        0x0 c:/avr-gcc-8.1.0-x64-mingw/bin/../lib/gcc/avr/8.1.0/../../../../avr/lib/avr51\libc.a(fputc.o)
 .data          0x000000000080011e        0x0 c:/avr-gcc-8.1.0-x64-mingw/bin/../lib/gcc/avr/8.1.0/../../../../avr/lib/avr51\libc.a(iob.o)
 .data          0x000000000080011e        0x0 c:/avr-gcc-8.1.0-x64-mingw/bin/../lib/gcc/avr/8.1.0/../../../../avr/lib/avr51\libc.a(printf.o)
 .data          0x000000000080011e        0x0 c:/avr-gcc-8.1.0-x64-mingw/bin/../lib/gcc/avr/8.1.0/../../../../avr/lib/avr51\libc.a(puts.o)
 .data          0x000000000080011e        0x0 c:/avr-gcc-8.1.0-x64-mingw/bin/../lib/gcc/avr/8.1.0/../../../../avr/lib/avr51\libc.a(sprintf.o)
 .data          0x000000000080011e        0x0 c:/avr-gcc-8.1.0-x64-mingw/bin/../lib/gcc/avr/8.1.0/../../../../avr/lib/avr51\libc.a(ungetc.o)
 .data          0x000000000080011e        0x0 c:/avr-gcc-8.1.0-x64-mingw/bin/../lib/gcc/avr/8.1.0/../../../../avr/lib/avr51\libc.a(ultoa_invert.o)
 .data          0x000000000080011e        0x0 c:/avr-gcc-8.1.0-x64-mingw/bin/../lib/gcc/avr/8.1.0/../../../../avr/lib/avr51\libc.a(cty_isfalse.o)
 *(.data*)
 *(.gnu.linkonce.d*)
 *(.rodata)
 .rodata        0x000000000080011e        0xa main.o
 .rodata        0x0000000000800128       0x2c lib/SDC00/ff.o
 *(.rodata*)
 .rodata.str1.1
                0x0000000000800154       0x81 main.o
 .rodata.str1.1
                0x00000000008001d5       0x4d lib/SDC00/ff.o
 .rodata.str1.1
                0x0000000000800222       0x12 lib/SDC00/ASA_lib_SDC00.o
                                         0x13 (size before relaxing)
 .rodata.str1.1
                0x0000000000800234       0x4f lib/M128_Danny_ADC.o
 .rodata.str1.1
                0x0000000000800283       0x48 lib/M128_Danny_Timer.o
 .rodata.str1.1
                0x00000000008002cb       0xa9 lib/M128_Danny_SDC.o
                                         0xad (size before relaxing)
 *(.gnu.linkonce.r*)
                0x0000000000800374                . = ALIGN (0x2)
                0x0000000000800374                _edata = .
                0x0000000000800374                PROVIDE (__data_end = .)

.bss            0x0000000000800374      0x6ab
                0x0000000000800374                PROVIDE (__bss_start = .)
 *(.bss)
 .bss           0x0000000000800374        0x0 c:/avr-gcc-8.1.0-x64-mingw/bin/../lib/gcc/avr/8.1.0/../../../../avr/lib/avr51/crtatmega128.o
 .bss           0x0000000000800374        0x0 main.o
 .bss           0x0000000000800374        0x0 lib/SDC00/diskio.o
 .bss           0x0000000000800374        0x0 lib/SDC00/ffunicode_avr.o
 .bss           0x0000000000800374        0x7 lib/SDC00/ff.o
 .bss           0x000000000080037b       0x2c lib/SDC00/ASA_lib_SDC00.o
                0x000000000080037b                LastFileIndex
                0x000000000080037d                EndPointOfFile
                0x0000000000800381                is_file_extcheck
                0x0000000000800382                SDC_State
                0x0000000000800383                FileID
 .bss           0x00000000008003a7        0x9 lib/SDC00/mmc_avr_spi.o
 .bss           0x00000000008003b0       0x18 lib/DAC00/ASA_Lib_DAC00.o
 .bss           0x00000000008003c8        0x0 lib/M128_Danny_ADC.o
 .bss           0x00000000008003c8        0x0 lib/M128_Danny_Timer.o
 .bss           0x00000000008003c8        0x0 lib/M128_Danny_SDC.o
 .bss           0x00000000008003c8        0x4 ASA_Lib.o(ASA_Lib_M128_HMI.o)
                0x00000000008003c8                timeout_count
 .bss           0x00000000008003cc        0x0 c:/avr-gcc-8.1.0-x64-mingw/bin/../lib/gcc/avr/8.1.0/../../../../avr/lib/avr51\libprintf_flt.a(vfprintf_flt.o)
 .bss           0x00000000008003cc        0x0 c:/avr-gcc-8.1.0-x64-mingw/bin/../lib/gcc/avr/8.1.0/../../../../avr/lib/avr51\libscanf_flt.a(vfscanf_flt.o)
 .bss           0x00000000008003cc        0x0 c:/avr-gcc-8.1.0-x64-mingw/bin/../lib/gcc/avr/8.1.0/avr51\libgcc.a(_udivmodsi4.o)
 .bss           0x00000000008003cc        0x0 c:/avr-gcc-8.1.0-x64-mingw/bin/../lib/gcc/avr/8.1.0/avr51\libgcc.a(_exit.o)
 .bss           0x00000000008003cc        0x0 c:/avr-gcc-8.1.0-x64-mingw/bin/../lib/gcc/avr/8.1.0/avr51\libgcc.a(_copy_data.o)
 .bss           0x00000000008003cc        0x0 c:/avr-gcc-8.1.0-x64-mingw/bin/../lib/gcc/avr/8.1.0/avr51\libgcc.a(_clear_bss.o)
 .bss           0x00000000008003cc        0x0 c:/avr-gcc-8.1.0-x64-mingw/bin/../lib/gcc/avr/8.1.0/avr51\libgcc.a(_muluhisi3.o)
 .bss           0x00000000008003cc        0x0 c:/avr-gcc-8.1.0-x64-mingw/bin/../lib/gcc/avr/8.1.0/avr51\libgcc.a(_umulhisi3.o)
 .bss           0x00000000008003cc        0x0 c:/avr-gcc-8.1.0-x64-mingw/bin/../lib/gcc/avr/8.1.0/../../../../avr/lib/avr51\libm.a(floatsisf.o)
 .bss           0x00000000008003cc        0x0 c:/avr-gcc-8.1.0-x64-mingw/bin/../lib/gcc/avr/8.1.0/../../../../avr/lib/avr51\libm.a(mulsf3.o)
 .bss           0x00000000008003cc        0x0 c:/avr-gcc-8.1.0-x64-mingw/bin/../lib/gcc/avr/8.1.0/../../../../avr/lib/avr51\libm.a(mulsf3x.o)
 .bss           0x00000000008003cc        0x0 c:/avr-gcc-8.1.0-x64-mingw/bin/../lib/gcc/avr/8.1.0/../../../../avr/lib/avr51\libm.a(fp_inf.o)
 .bss           0x00000000008003cc        0x0 c:/avr-gcc-8.1.0-x64-mingw/bin/../lib/gcc/avr/8.1.0/../../../../avr/lib/avr51\libm.a(fp_nan.o)
 .bss           0x00000000008003cc        0x0 c:/avr-gcc-8.1.0-x64-mingw/bin/../lib/gcc/avr/8.1.0/../../../../avr/lib/avr51\libm.a(fp_pscA.o)
 .bss           0x00000000008003cc        0x0 c:/avr-gcc-8.1.0-x64-mingw/bin/../lib/gcc/avr/8.1.0/../../../../avr/lib/avr51\libm.a(fp_pscB.o)
 .bss           0x00000000008003cc        0x0 c:/avr-gcc-8.1.0-x64-mingw/bin/../lib/gcc/avr/8.1.0/../../../../avr/lib/avr51\libm.a(fp_round.o)
 .bss           0x00000000008003cc        0x0 c:/avr-gcc-8.1.0-x64-mingw/bin/../lib/gcc/avr/8.1.0/../../../../avr/lib/avr51\libm.a(fp_split3.o)
 .bss           0x00000000008003cc        0x0 c:/avr-gcc-8.1.0-x64-mingw/bin/../lib/gcc/avr/8.1.0/../../../../avr/lib/avr51\libm.a(fp_zero.o)
 .bss           0x00000000008003cc        0x0 c:/avr-gcc-8.1.0-x64-mingw/bin/../lib/gcc/avr/8.1.0/../../../../avr/lib/avr51\libc.a(ftoa_engine.o)
 .bss           0x00000000008003cc        0x0 c:/avr-gcc-8.1.0-x64-mingw/bin/../lib/gcc/avr/8.1.0/../../../../avr/lib/avr51\libc.a(isspace.o)
 .bss           0x00000000008003cc        0x0 c:/avr-gcc-8.1.0-x64-mingw/bin/../lib/gcc/avr/8.1.0/../../../../avr/lib/avr51\libc.a(tolower.o)
 .bss           0x00000000008003cc        0x0 c:/avr-gcc-8.1.0-x64-mingw/bin/../lib/gcc/avr/8.1.0/../../../../avr/lib/avr51\libc.a(strchr_P.o)
 .bss           0x00000000008003cc        0x0 c:/avr-gcc-8.1.0-x64-mingw/bin/../lib/gcc/avr/8.1.0/../../../../avr/lib/avr51\libc.a(strnlen_P.o)
 .bss           0x00000000008003cc        0x0 c:/avr-gcc-8.1.0-x64-mingw/bin/../lib/gcc/avr/8.1.0/../../../../avr/lib/avr51\libc.a(strnlen.o)
 .bss           0x00000000008003cc        0x0 c:/avr-gcc-8.1.0-x64-mingw/bin/../lib/gcc/avr/8.1.0/../../../../avr/lib/avr51\libc.a(fgetc.o)
 .bss           0x00000000008003cc        0x0 c:/avr-gcc-8.1.0-x64-mingw/bin/../lib/gcc/avr/8.1.0/../../../../avr/lib/avr51\libc.a(fputc.o)
 .bss           0x00000000008003cc        0x0 c:/avr-gcc-8.1.0-x64-mingw/bin/../lib/gcc/avr/8.1.0/../../../../avr/lib/avr51\libc.a(iob.o)
 .bss           0x00000000008003cc        0x0 c:/avr-gcc-8.1.0-x64-mingw/bin/../lib/gcc/avr/8.1.0/../../../../avr/lib/avr51\libc.a(printf.o)
 .bss           0x00000000008003cc        0x0 c:/avr-gcc-8.1.0-x64-mingw/bin/../lib/gcc/avr/8.1.0/../../../../avr/lib/avr51\libc.a(puts.o)
 .bss           0x00000000008003cc        0x0 c:/avr-gcc-8.1.0-x64-mingw/bin/../lib/gcc/avr/8.1.0/../../../../avr/lib/avr51\libc.a(sprintf.o)
 .bss           0x00000000008003cc        0x0 c:/avr-gcc-8.1.0-x64-mingw/bin/../lib/gcc/avr/8.1.0/../../../../avr/lib/avr51\libc.a(ungetc.o)
 .bss           0x00000000008003cc        0x0 c:/avr-gcc-8.1.0-x64-mingw/bin/../lib/gcc/avr/8.1.0/../../../../avr/lib/avr51\libc.a(ultoa_invert.o)
 .bss           0x00000000008003cc        0x0 c:/avr-gcc-8.1.0-x64-mingw/bin/../lib/gcc/avr/8.1.0/../../../../avr/lib/avr51\libc.a(cty_isfalse.o)
 *(.bss*)
 *(COMMON)
 COMMON         0x00000000008003cc      0x190 main.o
                0x00000000008003cc                matlabStruct
 COMMON         0x000000000080055c      0x4bd lib/SDC00/ASA_lib_SDC00.o
                0x000000000080055c                FatFs
                0x00000000008009c2                FileObj
                0x00000000008009e4                DirObj
                0x0000000000800a0c                FileName
 COMMON         0x0000000000800a19        0x6 c:/avr-gcc-8.1.0-x64-mingw/bin/../lib/gcc/avr/8.1.0/../../../../avr/lib/avr51\libc.a(iob.o)
                0x0000000000800a19                __iob
                0x0000000000800a1f                PROVIDE (__bss_end = .)
                0x0000000000008320                __data_load_start = LOADADDR (.data)
                0x0000000000008594                __data_load_end = (__data_load_start + SIZEOF (.data))

.noinit         0x0000000000800a1f        0x0
                [!provide]                        PROVIDE (__noinit_start = .)
 *(.noinit*)
                [!provide]                        PROVIDE (__noinit_end = .)
                0x0000000000800a1f                _end = .
                [!provide]                        PROVIDE (__heap_start = .)

.eeprom         0x0000000000810000        0x0
 *(.eeprom*)
                0x0000000000810000                __eeprom_end = .

.fuse
 *(.fuse)
 *(.lfuse)
 *(.hfuse)
 *(.efuse)

.lock
 *(.lock*)

.signature
 *(.signature*)

.stab
 *(.stab)

.stabstr
 *(.stabstr)

.stab.excl
 *(.stab.excl)

.stab.exclstr
 *(.stab.exclstr)

.stab.index
 *(.stab.index)

.stab.indexstr
 *(.stab.indexstr)

.comment        0x0000000000000000       0x11
 *(.comment)
 .comment       0x0000000000000000       0x11 main.o
                                         0x12 (size before relaxing)
 .comment       0x0000000000000011       0x12 lib/SDC00/diskio.o
 .comment       0x0000000000000011       0x12 lib/SDC00/ffunicode_avr.o
 .comment       0x0000000000000011       0x12 lib/SDC00/ff.o
 .comment       0x0000000000000011       0x12 lib/SDC00/ASA_lib_SDC00.o
 .comment       0x0000000000000011       0x12 lib/SDC00/mmc_avr_spi.o
 .comment       0x0000000000000011       0x12 lib/DAC00/ASA_Lib_DAC00.o
 .comment       0x0000000000000011       0x12 lib/M128_Danny_ADC.o
 .comment       0x0000000000000011       0x12 lib/M128_Danny_Timer.o
 .comment       0x0000000000000011       0x12 lib/M128_Danny_SDC.o
 .comment       0x0000000000000011       0x12 c:/avr-gcc-8.1.0-x64-mingw/bin/../lib/gcc/avr/8.1.0/../../../../avr/lib/avr51\libprintf_flt.a(vfprintf_flt.o)
 .comment       0x0000000000000011       0x12 c:/avr-gcc-8.1.0-x64-mingw/bin/../lib/gcc/avr/8.1.0/../../../../avr/lib/avr51\libscanf_flt.a(vfscanf_flt.o)
 .comment       0x0000000000000011       0x12 c:/avr-gcc-8.1.0-x64-mingw/bin/../lib/gcc/avr/8.1.0/../../../../avr/lib/avr51\libc.a(fgetc.o)
 .comment       0x0000000000000011       0x12 c:/avr-gcc-8.1.0-x64-mingw/bin/../lib/gcc/avr/8.1.0/../../../../avr/lib/avr51\libc.a(fputc.o)
 .comment       0x0000000000000011       0x12 c:/avr-gcc-8.1.0-x64-mingw/bin/../lib/gcc/avr/8.1.0/../../../../avr/lib/avr51\libc.a(iob.o)
 .comment       0x0000000000000011       0x12 c:/avr-gcc-8.1.0-x64-mingw/bin/../lib/gcc/avr/8.1.0/../../../../avr/lib/avr51\libc.a(printf.o)
 .comment       0x0000000000000011       0x12 c:/avr-gcc-8.1.0-x64-mingw/bin/../lib/gcc/avr/8.1.0/../../../../avr/lib/avr51\libc.a(puts.o)
 .comment       0x0000000000000011       0x12 c:/avr-gcc-8.1.0-x64-mingw/bin/../lib/gcc/avr/8.1.0/../../../../avr/lib/avr51\libc.a(sprintf.o)
 .comment       0x0000000000000011       0x12 c:/avr-gcc-8.1.0-x64-mingw/bin/../lib/gcc/avr/8.1.0/../../../../avr/lib/avr51\libc.a(ungetc.o)

.note.gnu.avr.deviceinfo
                0x0000000000000000       0x3c
 .note.gnu.avr.deviceinfo
                0x0000000000000000       0x3c c:/avr-gcc-8.1.0-x64-mingw/bin/../lib/gcc/avr/8.1.0/../../../../avr/lib/avr51/crtatmega128.o

.note.gnu.build-id
 *(.note.gnu.build-id)

.debug
 *(.debug)

.line
 *(.line)

.debug_srcinfo
 *(.debug_srcinfo)

.debug_sfnames
 *(.debug_sfnames)

.debug_aranges  0x0000000000000000      0x220
 *(.debug_aranges)
 .debug_aranges
                0x0000000000000000       0x28 main.o
 .debug_aranges
                0x0000000000000028       0x20 lib/SDC00/diskio.o
 .debug_aranges
                0x0000000000000048       0x18 lib/SDC00/ffunicode_avr.o
 .debug_aranges
                0x0000000000000060       0x20 lib/SDC00/ff.o
 .debug_aranges
                0x0000000000000080       0x20 lib/SDC00/ASA_lib_SDC00.o
 .debug_aranges
                0x00000000000000a0       0x20 lib/SDC00/mmc_avr_spi.o
 .debug_aranges
                0x00000000000000c0       0x20 lib/DAC00/ASA_Lib_DAC00.o
 .debug_aranges
                0x00000000000000e0       0x20 lib/M128_Danny_ADC.o
 .debug_aranges
                0x0000000000000100       0x20 lib/M128_Danny_Timer.o
 .debug_aranges
                0x0000000000000120       0x20 lib/M128_Danny_SDC.o
 .debug_aranges
                0x0000000000000140       0x20 ASA_Lib.o(ASA_Lib_M128_HMI.o)
 .debug_aranges
                0x0000000000000160       0x20 c:/avr-gcc-8.1.0-x64-mingw/bin/../lib/gcc/avr/8.1.0/avr51\libgcc.a(_udivmodsi4.o)
 .debug_aranges
                0x0000000000000180       0x20 c:/avr-gcc-8.1.0-x64-mingw/bin/../lib/gcc/avr/8.1.0/avr51\libgcc.a(_exit.o)
 .debug_aranges
                0x00000000000001a0       0x20 c:/avr-gcc-8.1.0-x64-mingw/bin/../lib/gcc/avr/8.1.0/avr51\libgcc.a(_copy_data.o)
 .debug_aranges
                0x00000000000001c0       0x20 c:/avr-gcc-8.1.0-x64-mingw/bin/../lib/gcc/avr/8.1.0/avr51\libgcc.a(_clear_bss.o)
 .debug_aranges
                0x00000000000001e0       0x20 c:/avr-gcc-8.1.0-x64-mingw/bin/../lib/gcc/avr/8.1.0/avr51\libgcc.a(_muluhisi3.o)
 .debug_aranges
                0x0000000000000200       0x20 c:/avr-gcc-8.1.0-x64-mingw/bin/../lib/gcc/avr/8.1.0/avr51\libgcc.a(_umulhisi3.o)

.debug_pubnames
                0x0000000000000000      0x102
 *(.debug_pubnames)
 .debug_pubnames
                0x0000000000000000      0x102 ASA_Lib.o(ASA_Lib_M128_HMI.o)

.debug_info     0x0000000000000000     0xafce
 *(.debug_info .gnu.linkonce.wi.*)
 .debug_info    0x0000000000000000      0x780 c:/avr-gcc-8.1.0-x64-mingw/bin/../lib/gcc/avr/8.1.0/../../../../avr/lib/avr51/crtatmega128.o
 .debug_info    0x0000000000000780      0x694 main.o
 .debug_info    0x0000000000000e14      0x370 lib/SDC00/diskio.o
 .debug_info    0x0000000000001184       0x6b lib/SDC00/ffunicode_avr.o
 .debug_info    0x00000000000011ef     0x5d03 lib/SDC00/ff.o
 .debug_info    0x0000000000006ef2     0x1069 lib/SDC00/ASA_lib_SDC00.o
 .debug_info    0x0000000000007f5b      0xff2 lib/SDC00/mmc_avr_spi.o
 .debug_info    0x0000000000008f4d      0x40e lib/DAC00/ASA_Lib_DAC00.o
 .debug_info    0x000000000000935b      0x4ff lib/M128_Danny_ADC.o
 .debug_info    0x000000000000985a      0x489 lib/M128_Danny_Timer.o
 .debug_info    0x0000000000009ce3      0x9ee lib/M128_Danny_SDC.o
 .debug_info    0x000000000000a6d1      0x819 ASA_Lib.o(ASA_Lib_M128_HMI.o)
 .debug_info    0x000000000000aeea       0x26 c:/avr-gcc-8.1.0-x64-mingw/bin/../lib/gcc/avr/8.1.0/avr51\libgcc.a(_udivmodsi4.o)
 .debug_info    0x000000000000af10       0x26 c:/avr-gcc-8.1.0-x64-mingw/bin/../lib/gcc/avr/8.1.0/avr51\libgcc.a(_exit.o)
 .debug_info    0x000000000000af36       0x26 c:/avr-gcc-8.1.0-x64-mingw/bin/../lib/gcc/avr/8.1.0/avr51\libgcc.a(_copy_data.o)
 .debug_info    0x000000000000af5c       0x26 c:/avr-gcc-8.1.0-x64-mingw/bin/../lib/gcc/avr/8.1.0/avr51\libgcc.a(_clear_bss.o)
 .debug_info    0x000000000000af82       0x26 c:/avr-gcc-8.1.0-x64-mingw/bin/../lib/gcc/avr/8.1.0/avr51\libgcc.a(_muluhisi3.o)
 .debug_info    0x000000000000afa8       0x26 c:/avr-gcc-8.1.0-x64-mingw/bin/../lib/gcc/avr/8.1.0/avr51\libgcc.a(_umulhisi3.o)

.debug_abbrev   0x0000000000000000     0x2024
 *(.debug_abbrev)
 .debug_abbrev  0x0000000000000000      0x718 c:/avr-gcc-8.1.0-x64-mingw/bin/../lib/gcc/avr/8.1.0/../../../../avr/lib/avr51/crtatmega128.o
 .debug_abbrev  0x0000000000000718      0x23a main.o
 .debug_abbrev  0x0000000000000952      0x128 lib/SDC00/diskio.o
 .debug_abbrev  0x0000000000000a7a       0x26 lib/SDC00/ffunicode_avr.o
 .debug_abbrev  0x0000000000000aa0      0x42b lib/SDC00/ff.o
 .debug_abbrev  0x0000000000000ecb      0x37a lib/SDC00/ASA_lib_SDC00.o
 .debug_abbrev  0x0000000000001245      0x384 lib/SDC00/mmc_avr_spi.o
 .debug_abbrev  0x00000000000015c9      0x18f lib/DAC00/ASA_Lib_DAC00.o
 .debug_abbrev  0x0000000000001758      0x2a3 lib/M128_Danny_ADC.o
 .debug_abbrev  0x00000000000019fb      0x152 lib/M128_Danny_Timer.o
 .debug_abbrev  0x0000000000001b4d      0x239 lib/M128_Danny_SDC.o
 .debug_abbrev  0x0000000000001d86      0x226 ASA_Lib.o(ASA_Lib_M128_HMI.o)
 .debug_abbrev  0x0000000000001fac       0x14 c:/avr-gcc-8.1.0-x64-mingw/bin/../lib/gcc/avr/8.1.0/avr51\libgcc.a(_udivmodsi4.o)
 .debug_abbrev  0x0000000000001fc0       0x14 c:/avr-gcc-8.1.0-x64-mingw/bin/../lib/gcc/avr/8.1.0/avr51\libgcc.a(_exit.o)
 .debug_abbrev  0x0000000000001fd4       0x14 c:/avr-gcc-8.1.0-x64-mingw/bin/../lib/gcc/avr/8.1.0/avr51\libgcc.a(_copy_data.o)
 .debug_abbrev  0x0000000000001fe8       0x14 c:/avr-gcc-8.1.0-x64-mingw/bin/../lib/gcc/avr/8.1.0/avr51\libgcc.a(_clear_bss.o)
 .debug_abbrev  0x0000000000001ffc       0x14 c:/avr-gcc-8.1.0-x64-mingw/bin/../lib/gcc/avr/8.1.0/avr51\libgcc.a(_muluhisi3.o)
 .debug_abbrev  0x0000000000002010       0x14 c:/avr-gcc-8.1.0-x64-mingw/bin/../lib/gcc/avr/8.1.0/avr51\libgcc.a(_umulhisi3.o)

.debug_line     0x0000000000000000     0xd991
 *(.debug_line .debug_line.* .debug_line_end)
 .debug_line    0x0000000000000000       0x1d c:/avr-gcc-8.1.0-x64-mingw/bin/../lib/gcc/avr/8.1.0/../../../../avr/lib/avr51/crtatmega128.o
 .debug_line    0x000000000000001d      0x448 main.o
 .debug_line    0x0000000000000465      0x1b5 lib/SDC00/diskio.o
 .debug_line    0x000000000000061a       0x1d lib/SDC00/ffunicode_avr.o
 .debug_line    0x0000000000000637     0x8cd0 lib/SDC00/ff.o
 .debug_line    0x0000000000009307      0xd1b lib/SDC00/ASA_lib_SDC00.o
 .debug_line    0x000000000000a022     0x1787 lib/SDC00/mmc_avr_spi.o
 .debug_line    0x000000000000b7a9      0x57c lib/DAC00/ASA_Lib_DAC00.o
 .debug_line    0x000000000000bd25      0x550 lib/M128_Danny_ADC.o
 .debug_line    0x000000000000c275      0x517 lib/M128_Danny_Timer.o
 .debug_line    0x000000000000c78c      0x875 lib/M128_Danny_SDC.o
 .debug_line    0x000000000000d001      0x5a6 ASA_Lib.o(ASA_Lib_M128_HMI.o)
 .debug_line    0x000000000000d5a7      0x121 c:/avr-gcc-8.1.0-x64-mingw/bin/../lib/gcc/avr/8.1.0/avr51\libgcc.a(_udivmodsi4.o)
 .debug_line    0x000000000000d6c8       0x61 c:/avr-gcc-8.1.0-x64-mingw/bin/../lib/gcc/avr/8.1.0/avr51\libgcc.a(_exit.o)
 .debug_line    0x000000000000d729       0xa3 c:/avr-gcc-8.1.0-x64-mingw/bin/../lib/gcc/avr/8.1.0/avr51\libgcc.a(_copy_data.o)
 .debug_line    0x000000000000d7cc       0x85 c:/avr-gcc-8.1.0-x64-mingw/bin/../lib/gcc/avr/8.1.0/avr51\libgcc.a(_clear_bss.o)
 .debug_line    0x000000000000d851       0x91 c:/avr-gcc-8.1.0-x64-mingw/bin/../lib/gcc/avr/8.1.0/avr51\libgcc.a(_muluhisi3.o)
 .debug_line    0x000000000000d8e2       0xaf c:/avr-gcc-8.1.0-x64-mingw/bin/../lib/gcc/avr/8.1.0/avr51\libgcc.a(_umulhisi3.o)

.debug_frame    0x0000000000000000     0x1780
 *(.debug_frame)
 .debug_frame   0x0000000000000000       0x7c main.o
 .debug_frame   0x000000000000007c       0x8c lib/SDC00/diskio.o
 .debug_frame   0x0000000000000108      0xd4c lib/SDC00/ff.o
 .debug_frame   0x0000000000000e54      0x148 lib/SDC00/ASA_lib_SDC00.o
 .debug_frame   0x0000000000000f9c      0x1c8 lib/SDC00/mmc_avr_spi.o
 .debug_frame   0x0000000000001164       0xcc lib/DAC00/ASA_Lib_DAC00.o
 .debug_frame   0x0000000000001230       0xf4 lib/M128_Danny_ADC.o
 .debug_frame   0x0000000000001324      0x144 lib/M128_Danny_Timer.o
 .debug_frame   0x0000000000001468      0x258 lib/M128_Danny_SDC.o
 .debug_frame   0x00000000000016c0       0xc0 ASA_Lib.o(ASA_Lib_M128_HMI.o)

.debug_str      0x0000000000000000     0x1420
 *(.debug_str)
 .debug_str     0x0000000000000000      0x27d c:/avr-gcc-8.1.0-x64-mingw/bin/../lib/gcc/avr/8.1.0/../../../../avr/lib/avr51/crtatmega128.o
 .debug_str     0x000000000000027d      0x276 main.o
                                        0x2cb (size before relaxing)
 .debug_str     0x00000000000004f3       0xf0 lib/SDC00/diskio.o
                                        0x250 (size before relaxing)
 .debug_str     0x00000000000005e3       0x1a lib/SDC00/ffunicode_avr.o
                                        0x160 (size before relaxing)
 .debug_str     0x00000000000005fd      0x5d7 lib/SDC00/ff.o
                                        0x7d6 (size before relaxing)
 .debug_str     0x0000000000000bd4      0x1f6 lib/SDC00/ASA_lib_SDC00.o
                                        0x614 (size before relaxing)
 .debug_str     0x0000000000000dca       0xc7 lib/SDC00/mmc_avr_spi.o
                                        0x306 (size before relaxing)
 .debug_str     0x0000000000000e91       0x6e lib/DAC00/ASA_Lib_DAC00.o
                                        0x20f (size before relaxing)
 .debug_str     0x0000000000000eff      0x110 lib/M128_Danny_ADC.o
                                        0x280 (size before relaxing)
 .debug_str     0x000000000000100f      0x159 lib/M128_Danny_Timer.o
                                        0x2ae (size before relaxing)
 .debug_str     0x0000000000001168       0xe4 lib/M128_Danny_SDC.o
                                        0x2ee (size before relaxing)
 .debug_str     0x000000000000124c      0x175 ASA_Lib.o(ASA_Lib_M128_HMI.o)
                                        0x28b (size before relaxing)
 .debug_str     0x00000000000013c1       0x5f c:/avr-gcc-8.1.0-x64-mingw/bin/../lib/gcc/avr/8.1.0/avr51\libgcc.a(_udivmodsi4.o)
 .debug_str     0x0000000000001420       0x5f c:/avr-gcc-8.1.0-x64-mingw/bin/../lib/gcc/avr/8.1.0/avr51\libgcc.a(_exit.o)
 .debug_str     0x0000000000001420       0x5f c:/avr-gcc-8.1.0-x64-mingw/bin/../lib/gcc/avr/8.1.0/avr51\libgcc.a(_copy_data.o)
 .debug_str     0x0000000000001420       0x5f c:/avr-gcc-8.1.0-x64-mingw/bin/../lib/gcc/avr/8.1.0/avr51\libgcc.a(_clear_bss.o)
 .debug_str     0x0000000000001420       0x5f c:/avr-gcc-8.1.0-x64-mingw/bin/../lib/gcc/avr/8.1.0/avr51\libgcc.a(_muluhisi3.o)
 .debug_str     0x0000000000001420       0x5f c:/avr-gcc-8.1.0-x64-mingw/bin/../lib/gcc/avr/8.1.0/avr51\libgcc.a(_umulhisi3.o)

.debug_loc      0x0000000000000000     0xdd14
 *(.debug_loc)
 .debug_loc     0x0000000000000000      0x134 main.o
 .debug_loc     0x0000000000000134      0x3df lib/SDC00/diskio.o
 .debug_loc     0x0000000000000513     0x9e8f lib/SDC00/ff.o
 .debug_loc     0x000000000000a3a2      0xbc9 lib/SDC00/ASA_lib_SDC00.o
 .debug_loc     0x000000000000af6b     0x1104 lib/SDC00/mmc_avr_spi.o
 .debug_loc     0x000000000000c06f      0x5d7 lib/DAC00/ASA_Lib_DAC00.o
 .debug_loc     0x000000000000c646      0x1fd lib/M128_Danny_ADC.o
 .debug_loc     0x000000000000c843      0x504 lib/M128_Danny_Timer.o
 .debug_loc     0x000000000000cd47      0xba3 lib/M128_Danny_SDC.o
 .debug_loc     0x000000000000d8ea      0x42a ASA_Lib.o(ASA_Lib_M128_HMI.o)

.debug_macinfo
 *(.debug_macinfo)

.debug_weaknames
 *(.debug_weaknames)

.debug_funcnames
 *(.debug_funcnames)

.debug_typenames
 *(.debug_typenames)

.debug_varnames
 *(.debug_varnames)

.debug_pubtypes
 *(.debug_pubtypes)

.debug_ranges   0x0000000000000000      0x350
 *(.debug_ranges)
 .debug_ranges  0x0000000000000000       0xf0 main.o
 .debug_ranges  0x00000000000000f0      0x148 lib/SDC00/ff.o
 .debug_ranges  0x0000000000000238       0xb8 lib/SDC00/ASA_lib_SDC00.o
 .debug_ranges  0x00000000000002f0       0x30 lib/M128_Danny_ADC.o
 .debug_ranges  0x0000000000000320       0x18 lib/M128_Danny_Timer.o
 .debug_ranges  0x0000000000000338       0x18 lib/M128_Danny_SDC.o

.debug_macro
 *(.debug_macro)

.debug_addr
 *(.debug_addr)
OUTPUT(main.elf elf32-avr)
LOAD linker stubs
