Archive member included to satisfy reference by file (symbol)

c:/program files (x86)/atmel/studio/7.0/toolchain/avr8/avr8-gnu-toolchain/bin/../lib/gcc/avr/5.4.0/../../../../avr/lib/avr51\libm.a(addsf3.o)
                              main.o (__addsf3)
c:/program files (x86)/atmel/studio/7.0/toolchain/avr8/avr8-gnu-toolchain/bin/../lib/gcc/avr/5.4.0/../../../../avr/lib/avr51\libm.a(addsf3x.o)
                              c:/program files (x86)/atmel/studio/7.0/toolchain/avr8/avr8-gnu-toolchain/bin/../lib/gcc/avr/5.4.0/../../../../avr/lib/avr51\libm.a(addsf3.o) (__addsf3x)
c:/program files (x86)/atmel/studio/7.0/toolchain/avr8/avr8-gnu-toolchain/bin/../lib/gcc/avr/5.4.0/../../../../avr/lib/avr51\libm.a(divsf3.o)
                              M128_Danny_Timer.o (__divsf3)
c:/program files (x86)/atmel/studio/7.0/toolchain/avr8/avr8-gnu-toolchain/bin/../lib/gcc/avr/5.4.0/../../../../avr/lib/avr51\libm.a(divsf3x.o)
                              c:/program files (x86)/atmel/studio/7.0/toolchain/avr8/avr8-gnu-toolchain/bin/../lib/gcc/avr/5.4.0/../../../../avr/lib/avr51\libm.a(divsf3.o) (__divsf3x)
c:/program files (x86)/atmel/studio/7.0/toolchain/avr8/avr8-gnu-toolchain/bin/../lib/gcc/avr/5.4.0/../../../../avr/lib/avr51\libm.a(fixsfsi.o)
                              main.o (__fixsfsi)
c:/program files (x86)/atmel/studio/7.0/toolchain/avr8/avr8-gnu-toolchain/bin/../lib/gcc/avr/5.4.0/../../../../avr/lib/avr51\libm.a(fixunssfsi.o)
                              M128_Danny_Timer.o (__fixunssfsi)
c:/program files (x86)/atmel/studio/7.0/toolchain/avr8/avr8-gnu-toolchain/bin/../lib/gcc/avr/5.4.0/../../../../avr/lib/avr51\libm.a(floatsisf.o)
                              M128_Danny_Timer.o (__floatunsisf)
c:/program files (x86)/atmel/studio/7.0/toolchain/avr8/avr8-gnu-toolchain/bin/../lib/gcc/avr/5.4.0/../../../../avr/lib/avr51\libm.a(fp_inf.o)
                              c:/program files (x86)/atmel/studio/7.0/toolchain/avr8/avr8-gnu-toolchain/bin/../lib/gcc/avr/5.4.0/../../../../avr/lib/avr51\libm.a(addsf3x.o) (__fp_inf)
c:/program files (x86)/atmel/studio/7.0/toolchain/avr8/avr8-gnu-toolchain/bin/../lib/gcc/avr/5.4.0/../../../../avr/lib/avr51\libm.a(fp_nan.o)
                              c:/program files (x86)/atmel/studio/7.0/toolchain/avr8/avr8-gnu-toolchain/bin/../lib/gcc/avr/5.4.0/../../../../avr/lib/avr51\libm.a(addsf3x.o) (__fp_nan)
c:/program files (x86)/atmel/studio/7.0/toolchain/avr8/avr8-gnu-toolchain/bin/../lib/gcc/avr/5.4.0/../../../../avr/lib/avr51\libm.a(fp_pscA.o)
                              c:/program files (x86)/atmel/studio/7.0/toolchain/avr8/avr8-gnu-toolchain/bin/../lib/gcc/avr/5.4.0/../../../../avr/lib/avr51\libm.a(addsf3x.o) (__fp_pscA)
c:/program files (x86)/atmel/studio/7.0/toolchain/avr8/avr8-gnu-toolchain/bin/../lib/gcc/avr/5.4.0/../../../../avr/lib/avr51\libm.a(fp_pscB.o)
                              c:/program files (x86)/atmel/studio/7.0/toolchain/avr8/avr8-gnu-toolchain/bin/../lib/gcc/avr/5.4.0/../../../../avr/lib/avr51\libm.a(addsf3x.o) (__fp_pscB)
c:/program files (x86)/atmel/studio/7.0/toolchain/avr8/avr8-gnu-toolchain/bin/../lib/gcc/avr/5.4.0/../../../../avr/lib/avr51\libm.a(fp_round.o)
                              c:/program files (x86)/atmel/studio/7.0/toolchain/avr8/avr8-gnu-toolchain/bin/../lib/gcc/avr/5.4.0/../../../../avr/lib/avr51\libm.a(addsf3.o) (__fp_round)
c:/program files (x86)/atmel/studio/7.0/toolchain/avr8/avr8-gnu-toolchain/bin/../lib/gcc/avr/5.4.0/../../../../avr/lib/avr51\libm.a(fp_split3.o)
                              c:/program files (x86)/atmel/studio/7.0/toolchain/avr8/avr8-gnu-toolchain/bin/../lib/gcc/avr/5.4.0/../../../../avr/lib/avr51\libm.a(addsf3x.o) (__fp_split3)
c:/program files (x86)/atmel/studio/7.0/toolchain/avr8/avr8-gnu-toolchain/bin/../lib/gcc/avr/5.4.0/../../../../avr/lib/avr51\libm.a(fp_zero.o)
                              c:/program files (x86)/atmel/studio/7.0/toolchain/avr8/avr8-gnu-toolchain/bin/../lib/gcc/avr/5.4.0/../../../../avr/lib/avr51\libm.a(addsf3x.o) (__fp_zero)
c:/program files (x86)/atmel/studio/7.0/toolchain/avr8/avr8-gnu-toolchain/bin/../lib/gcc/avr/5.4.0/../../../../avr/lib/avr51\libm.a(mulsf3.o)
                              M128_Danny_Timer.o (__mulsf3)
c:/program files (x86)/atmel/studio/7.0/toolchain/avr8/avr8-gnu-toolchain/bin/../lib/gcc/avr/5.4.0/../../../../avr/lib/avr51\libm.a(mulsf3x.o)
                              c:/program files (x86)/atmel/studio/7.0/toolchain/avr8/avr8-gnu-toolchain/bin/../lib/gcc/avr/5.4.0/../../../../avr/lib/avr51\libm.a(mulsf3.o) (__mulsf3x)
c:/program files (x86)/atmel/studio/7.0/toolchain/avr8/avr8-gnu-toolchain/bin/../lib/gcc/avr/5.4.0/../../../../avr/lib/avr51\libm.a(sin.o)
                              main.o (sin)
c:/program files (x86)/atmel/studio/7.0/toolchain/avr8/avr8-gnu-toolchain/bin/../lib/gcc/avr/5.4.0/../../../../avr/lib/avr51\libm.a(fp_rempio2.o)
                              c:/program files (x86)/atmel/studio/7.0/toolchain/avr8/avr8-gnu-toolchain/bin/../lib/gcc/avr/5.4.0/../../../../avr/lib/avr51\libm.a(sin.o) (__fp_rempio2)
c:/program files (x86)/atmel/studio/7.0/toolchain/avr8/avr8-gnu-toolchain/bin/../lib/gcc/avr/5.4.0/../../../../avr/lib/avr51\libm.a(fp_sinus.o)
                              c:/program files (x86)/atmel/studio/7.0/toolchain/avr8/avr8-gnu-toolchain/bin/../lib/gcc/avr/5.4.0/../../../../avr/lib/avr51\libm.a(sin.o) (__fp_sinus)
c:/program files (x86)/atmel/studio/7.0/toolchain/avr8/avr8-gnu-toolchain/bin/../lib/gcc/avr/5.4.0/../../../../avr/lib/avr51\libm.a(fp_mpack.o)
                              c:/program files (x86)/atmel/studio/7.0/toolchain/avr8/avr8-gnu-toolchain/bin/../lib/gcc/avr/5.4.0/../../../../avr/lib/avr51\libm.a(fp_rempio2.o) (__fp_mpack_finite)
c:/program files (x86)/atmel/studio/7.0/toolchain/avr8/avr8-gnu-toolchain/bin/../lib/gcc/avr/5.4.0/../../../../avr/lib/avr51\libm.a(fp_powsodd.o)
                              c:/program files (x86)/atmel/studio/7.0/toolchain/avr8/avr8-gnu-toolchain/bin/../lib/gcc/avr/5.4.0/../../../../avr/lib/avr51\libm.a(fp_sinus.o) (__fp_powsodd)
c:/program files (x86)/atmel/studio/7.0/toolchain/avr8/avr8-gnu-toolchain/bin/../lib/gcc/avr/5.4.0/../../../../avr/lib/avr51\libm.a(fp_powser.o)
                              c:/program files (x86)/atmel/studio/7.0/toolchain/avr8/avr8-gnu-toolchain/bin/../lib/gcc/avr/5.4.0/../../../../avr/lib/avr51\libm.a(fp_powsodd.o) (__fp_powser)
c:/program files (x86)/atmel/studio/7.0/toolchain/avr8/avr8-gnu-toolchain/bin/../lib/gcc/avr/5.4.0/../../../../avr/lib/avr51\libprintf_flt.a(vfprintf_flt.o)
                              (vfprintf)
c:/program files (x86)/atmel/studio/7.0/toolchain/avr8/avr8-gnu-toolchain/bin/../lib/gcc/avr/5.4.0/../../../../avr/lib/avr51\libscanf_flt.a(vfscanf_flt.o)
                              (vfscanf)
C:\Users\zxpay\Desktop\Interface\Experiment\Experiment4\exp4_1\exp4_1\ASA_Lib.o(ASA_Lib_M128_HMI.o)
                              main.o (ASA_M128_set)
c:/program files (x86)/atmel/studio/7.0/toolchain/avr8/avr8-gnu-toolchain/bin/../lib/gcc/avr/5.4.0/avr51\libgcc.a(_udivmodsi4.o)
                              lib/SDC00/ff.o (__udivmodsi4)
c:/program files (x86)/atmel/studio/7.0/toolchain/avr8/avr8-gnu-toolchain/bin/../lib/gcc/avr/5.4.0/avr51\libgcc.a(_exit.o)
                              C:/Program Files (x86)/Atmel/Studio/7.0/Packs/atmel/ATmega_DFP/1.2.209/gcc/dev/atmega128/avr51/crtatmega128.o (exit)
c:/program files (x86)/atmel/studio/7.0/toolchain/avr8/avr8-gnu-toolchain/bin/../lib/gcc/avr/5.4.0/avr51\libgcc.a(_tablejump2.o)
                              lib/M128_Danny_SDC.o (__tablejump2__)
c:/program files (x86)/atmel/studio/7.0/toolchain/avr8/avr8-gnu-toolchain/bin/../lib/gcc/avr/5.4.0/avr51\libgcc.a(_copy_data.o)
                              lib/M128_Danny_ADC.o (__do_copy_data)
c:/program files (x86)/atmel/studio/7.0/toolchain/avr8/avr8-gnu-toolchain/bin/../lib/gcc/avr/5.4.0/avr51\libgcc.a(_clear_bss.o)
                              lib/SDC00/ASA_lib_SDC00.o (__do_clear_bss)
c:/program files (x86)/atmel/studio/7.0/toolchain/avr8/avr8-gnu-toolchain/bin/../lib/gcc/avr/5.4.0/avr51\libgcc.a(_muluhisi3.o)
                              lib/SDC00/ff.o (__muluhisi3)
c:/program files (x86)/atmel/studio/7.0/toolchain/avr8/avr8-gnu-toolchain/bin/../lib/gcc/avr/5.4.0/avr51\libgcc.a(_umulhisi3.o)
                              c:/program files (x86)/atmel/studio/7.0/toolchain/avr8/avr8-gnu-toolchain/bin/../lib/gcc/avr/5.4.0/avr51\libgcc.a(_muluhisi3.o) (__umulhisi3)
c:/program files (x86)/atmel/studio/7.0/toolchain/avr8/avr8-gnu-toolchain/bin/../lib/gcc/avr/5.4.0/../../../../avr/lib/avr51\libc.a(ftoa_engine.o)
                              c:/program files (x86)/atmel/studio/7.0/toolchain/avr8/avr8-gnu-toolchain/bin/../lib/gcc/avr/5.4.0/../../../../avr/lib/avr51\libprintf_flt.a(vfprintf_flt.o) (__ftoa_engine)
c:/program files (x86)/atmel/studio/7.0/toolchain/avr8/avr8-gnu-toolchain/bin/../lib/gcc/avr/5.4.0/../../../../avr/lib/avr51\libc.a(isspace.o)
                              c:/program files (x86)/atmel/studio/7.0/toolchain/avr8/avr8-gnu-toolchain/bin/../lib/gcc/avr/5.4.0/../../../../avr/lib/avr51\libscanf_flt.a(vfscanf_flt.o) (isspace)
c:/program files (x86)/atmel/studio/7.0/toolchain/avr8/avr8-gnu-toolchain/bin/../lib/gcc/avr/5.4.0/../../../../avr/lib/avr51\libc.a(tolower.o)
                              c:/program files (x86)/atmel/studio/7.0/toolchain/avr8/avr8-gnu-toolchain/bin/../lib/gcc/avr/5.4.0/../../../../avr/lib/avr51\libscanf_flt.a(vfscanf_flt.o) (tolower)
c:/program files (x86)/atmel/studio/7.0/toolchain/avr8/avr8-gnu-toolchain/bin/../lib/gcc/avr/5.4.0/../../../../avr/lib/avr51\libc.a(strchr_P.o)
                              c:/program files (x86)/atmel/studio/7.0/toolchain/avr8/avr8-gnu-toolchain/bin/../lib/gcc/avr/5.4.0/../../../../avr/lib/avr51\libscanf_flt.a(vfscanf_flt.o) (strchr_P)
c:/program files (x86)/atmel/studio/7.0/toolchain/avr8/avr8-gnu-toolchain/bin/../lib/gcc/avr/5.4.0/../../../../avr/lib/avr51\libc.a(strnlen_P.o)
                              c:/program files (x86)/atmel/studio/7.0/toolchain/avr8/avr8-gnu-toolchain/bin/../lib/gcc/avr/5.4.0/../../../../avr/lib/avr51\libprintf_flt.a(vfprintf_flt.o) (strnlen_P)
c:/program files (x86)/atmel/studio/7.0/toolchain/avr8/avr8-gnu-toolchain/bin/../lib/gcc/avr/5.4.0/../../../../avr/lib/avr51\libc.a(strnlen.o)
                              c:/program files (x86)/atmel/studio/7.0/toolchain/avr8/avr8-gnu-toolchain/bin/../lib/gcc/avr/5.4.0/../../../../avr/lib/avr51\libprintf_flt.a(vfprintf_flt.o) (strnlen)
c:/program files (x86)/atmel/studio/7.0/toolchain/avr8/avr8-gnu-toolchain/bin/../lib/gcc/avr/5.4.0/../../../../avr/lib/avr51\libc.a(fgetc.o)
                              c:/program files (x86)/atmel/studio/7.0/toolchain/avr8/avr8-gnu-toolchain/bin/../lib/gcc/avr/5.4.0/../../../../avr/lib/avr51\libscanf_flt.a(vfscanf_flt.o) (fgetc)
c:/program files (x86)/atmel/studio/7.0/toolchain/avr8/avr8-gnu-toolchain/bin/../lib/gcc/avr/5.4.0/../../../../avr/lib/avr51\libc.a(fputc.o)
                              c:/program files (x86)/atmel/studio/7.0/toolchain/avr8/avr8-gnu-toolchain/bin/../lib/gcc/avr/5.4.0/../../../../avr/lib/avr51\libprintf_flt.a(vfprintf_flt.o) (fputc)
c:/program files (x86)/atmel/studio/7.0/toolchain/avr8/avr8-gnu-toolchain/bin/../lib/gcc/avr/5.4.0/../../../../avr/lib/avr51\libc.a(iob.o)
                              C:\Users\zxpay\Desktop\Interface\Experiment\Experiment4\exp4_1\exp4_1\ASA_Lib.o(ASA_Lib_M128_HMI.o) (__iob)
c:/program files (x86)/atmel/studio/7.0/toolchain/avr8/avr8-gnu-toolchain/bin/../lib/gcc/avr/5.4.0/../../../../avr/lib/avr51\libc.a(printf.o)
                              lib/M128_Danny_ADC.o (printf)
c:/program files (x86)/atmel/studio/7.0/toolchain/avr8/avr8-gnu-toolchain/bin/../lib/gcc/avr/5.4.0/../../../../avr/lib/avr51\libc.a(puts.o)
                              lib/M128_Danny_ADC.o (puts)
c:/program files (x86)/atmel/studio/7.0/toolchain/avr8/avr8-gnu-toolchain/bin/../lib/gcc/avr/5.4.0/../../../../avr/lib/avr51\libc.a(scanf.o)
                              main.o (scanf)
c:/program files (x86)/atmel/studio/7.0/toolchain/avr8/avr8-gnu-toolchain/bin/../lib/gcc/avr/5.4.0/../../../../avr/lib/avr51\libc.a(sprintf.o)
                              lib/SDC00/ASA_lib_SDC00.o (sprintf)
c:/program files (x86)/atmel/studio/7.0/toolchain/avr8/avr8-gnu-toolchain/bin/../lib/gcc/avr/5.4.0/../../../../avr/lib/avr51\libc.a(ungetc.o)
                              c:/program files (x86)/atmel/studio/7.0/toolchain/avr8/avr8-gnu-toolchain/bin/../lib/gcc/avr/5.4.0/../../../../avr/lib/avr51\libscanf_flt.a(vfscanf_flt.o) (ungetc)
c:/program files (x86)/atmel/studio/7.0/toolchain/avr8/avr8-gnu-toolchain/bin/../lib/gcc/avr/5.4.0/../../../../avr/lib/avr51\libc.a(ultoa_invert.o)
                              c:/program files (x86)/atmel/studio/7.0/toolchain/avr8/avr8-gnu-toolchain/bin/../lib/gcc/avr/5.4.0/../../../../avr/lib/avr51\libprintf_flt.a(vfprintf_flt.o) (__ultoa_invert)
c:/program files (x86)/atmel/studio/7.0/toolchain/avr8/avr8-gnu-toolchain/bin/../lib/gcc/avr/5.4.0/../../../../avr/lib/avr51\libc.a(cty_isfalse.o)
                              c:/program files (x86)/atmel/studio/7.0/toolchain/avr8/avr8-gnu-toolchain/bin/../lib/gcc/avr/5.4.0/../../../../avr/lib/avr51\libc.a(isspace.o) (__ctype_isfalse)

Allocating common symbols
Common symbol       size              file

FatFs               0x466             lib/SDC00/ASA_lib_SDC00.o
FileObj             0x22              lib/SDC00/ASA_lib_SDC00.o
data                0x640             main.o
SinDataNumbers      0x2               main.o
timerDutyCycle      0xa               M128_Danny_Timer.o
DirObj              0x28              lib/SDC00/ASA_lib_SDC00.o
FileName            0xd               lib/SDC00/ASA_lib_SDC00.o
__iob               0x6               c:/program files (x86)/atmel/studio/7.0/toolchain/avr8/avr8-gnu-toolchain/bin/../lib/gcc/avr/5.4.0/../../../../avr/lib/avr51\libc.a(iob.o)
sinData             0x190             main.o

Discarded input sections

 .data          0x00000000        0x0 C:/Program Files (x86)/Atmel/Studio/7.0/Packs/atmel/ATmega_DFP/1.2.209/gcc/dev/atmega128/avr51/crtatmega128.o
 .bss           0x00000000        0x0 C:/Program Files (x86)/Atmel/Studio/7.0/Packs/atmel/ATmega_DFP/1.2.209/gcc/dev/atmega128/avr51/crtatmega128.o
 .text          0x00000000        0x0 lib/M128_Danny_ADC.o
 .data          0x00000000        0x0 lib/M128_Danny_ADC.o
 .bss           0x00000000        0x0 lib/M128_Danny_ADC.o
 .text.setEnableADC
                0x00000000        0xc lib/M128_Danny_ADC.o
 .rodata.str1.1
                0x00000000       0x4f lib/M128_Danny_ADC.o
 .text.setADCDivision
                0x00000000       0x64 lib/M128_Danny_ADC.o
 .text.setFreeRunning
                0x00000000        0xc lib/M128_Danny_ADC.o
 .text.setMuxADC
                0x00000000       0x2c lib/M128_Danny_ADC.o
 .text.setVoltageRefADC
                0x00000000       0x16 lib/M128_Danny_ADC.o
 .text.setupADC2
                0x00000000       0x1a lib/M128_Danny_ADC.o
 .text.setupADC3
                0x00000000       0x1a lib/M128_Danny_ADC.o
 .text.setConversion
                0x00000000        0x4 lib/M128_Danny_ADC.o
 .text.setInterruptADCEnable
                0x00000000       0x18 lib/M128_Danny_ADC.o
 .text.isConversionComplete
                0x00000000        0xe lib/M128_Danny_ADC.o
 .text.setIO    0x00000000       0x36 lib/M128_Danny_ADC.o
 .text.analogReadADC2
                0x00000000       0x22 lib/M128_Danny_ADC.o
 .text.analogReadADC3
                0x00000000       0x22 lib/M128_Danny_ADC.o
 .debug_info    0x00000000      0x391 lib/M128_Danny_ADC.o
 .debug_abbrev  0x00000000      0x181 lib/M128_Danny_ADC.o
 .debug_loc     0x00000000      0x1b5 lib/M128_Danny_ADC.o
 .debug_aranges
                0x00000000       0x80 lib/M128_Danny_ADC.o
 .debug_ranges  0x00000000       0x70 lib/M128_Danny_ADC.o
 .debug_line    0x00000000      0x31a lib/M128_Danny_ADC.o
 .debug_str     0x00000000      0x2a2 lib/M128_Danny_ADC.o
 .comment       0x00000000       0x31 lib/M128_Danny_ADC.o
 .debug_frame   0x00000000       0xf4 lib/M128_Danny_ADC.o
 .text          0x00000000        0x0 lib/M128_Danny_SDC.o
 .data          0x00000000        0x0 lib/M128_Danny_SDC.o
 .bss           0x00000000        0x0 lib/M128_Danny_SDC.o
 .text.createFile
                0x00000000       0xb4 lib/M128_Danny_SDC.o
 .text.setSDCContinuous
                0x00000000       0x30 lib/M128_Danny_SDC.o
 .text.setSDCReplace
                0x00000000       0x30 lib/M128_Danny_SDC.o
 .text.getSDCDate
                0x00000000       0x44 lib/M128_Danny_SDC.o
 .text.getSDCTime
                0x00000000       0x44 lib/M128_Danny_SDC.o
 .text.getSDCSize
                0x00000000       0x44 lib/M128_Danny_SDC.o
 .text.getSDCType
                0x00000000       0x40 lib/M128_Danny_SDC.o
 .text.getSDCResponse
                0x00000000       0x40 lib/M128_Danny_SDC.o
 .text.setSDCWords
                0x00000000       0x2a lib/M128_Danny_SDC.o
 .text.setSDCBinUint16
                0x00000000       0x44 lib/M128_Danny_SDC.o
 .text.testSDC  0x00000000       0x22 lib/M128_Danny_SDC.o
 .text.getBufferSize
                0x00000000       0x2c lib/M128_Danny_SDC.o
 .text          0x00000000        0x0 lib/SDC00/ASA_lib_SDC00.o
 .data          0x00000000        0x0 lib/SDC00/ASA_lib_SDC00.o
 .bss           0x00000000        0x0 lib/SDC00/ASA_lib_SDC00.o
 .text.ASA_ID_check
                0x00000000        0xc lib/SDC00/ASA_lib_SDC00.o
 .text.ASA_ID_set
                0x00000000       0x24 lib/SDC00/ASA_lib_SDC00.o
 .bss.LastFileIndex
                0x00000000        0x2 lib/SDC00/ASA_lib_SDC00.o
 .bss.EndPointOfFile
                0x00000000        0x4 lib/SDC00/ASA_lib_SDC00.o
 .bss.FileID    0x00000000        0x2 lib/SDC00/ASA_lib_SDC00.o
 .text          0x00000000        0x0 lib/SDC00/diskio.o
 .data          0x00000000        0x0 lib/SDC00/diskio.o
 .bss           0x00000000        0x0 lib/SDC00/diskio.o
 .text.disk_timerproc
                0x00000000        0x6 lib/SDC00/diskio.o
 .text          0x00000000        0x0 lib/SDC00/ff.o
 .data          0x00000000        0x0 lib/SDC00/ff.o
 .bss           0x00000000        0x0 lib/SDC00/ff.o
 .text.dir_read
                0x00000000       0xac lib/SDC00/ff.o
 .text.putc_bfd
                0x00000000       0x8a lib/SDC00/ff.o
 .text.putc_flush
                0x00000000       0x66 lib/SDC00/ff.o
 .text.f_chdrive
                0x00000000       0x2e lib/SDC00/ff.o
 .text.f_getcwd
                0x00000000      0x292 lib/SDC00/ff.o
 .text.f_opendir
                0x00000000       0xc2 lib/SDC00/ff.o
 .text.f_closedir
                0x00000000       0x32 lib/SDC00/ff.o
 .text.f_readdir
                0x00000000       0x7a lib/SDC00/ff.o
 .text.f_getfree
                0x00000000      0x210 lib/SDC00/ff.o
 .text.f_truncate
                0x00000000      0x166 lib/SDC00/ff.o
 .text.f_unlink
                0x00000000      0x16c lib/SDC00/ff.o
 .text.f_rename
                0x00000000      0x228 lib/SDC00/ff.o
 .text.f_chmod  0x00000000       0x8a lib/SDC00/ff.o
 .text.f_utime  0x00000000       0xa4 lib/SDC00/ff.o
 .text.f_getlabel
                0x00000000      0x11c lib/SDC00/ff.o
 .text.f_setlabel
                0x00000000      0x2ce lib/SDC00/ff.o
 .text.f_mkfs   0x00000000      0xcc4 lib/SDC00/ff.o
 .text.f_gets   0x00000000       0xa8 lib/SDC00/ff.o
 .text.f_putc   0x00000000       0x48 lib/SDC00/ff.o
 .text.f_puts   0x00000000       0x66 lib/SDC00/ff.o
 .text.f_printf
                0x00000000      0x452 lib/SDC00/ff.o
 .progmem.gcc_sw_table.f_printf
                0x00000000       0x2e lib/SDC00/ff.o
 .rodata.cst.2348
                0x00000000        0xe lib/SDC00/ff.o
 .rodata.cst32.2349
                0x00000000        0xe lib/SDC00/ff.o
 .rodata.badchr.2327
                0x00000000       0x10 lib/SDC00/ff.o
 .text          0x00000000        0x0 lib/SDC00/ffunicode_avr.o
 .data          0x00000000        0x0 lib/SDC00/ffunicode_avr.o
 .bss           0x00000000        0x0 lib/SDC00/ffunicode_avr.o
 .debug_info    0x00000000       0x72 lib/SDC00/ffunicode_avr.o
 .debug_abbrev  0x00000000       0x26 lib/SDC00/ffunicode_avr.o
 .debug_aranges
                0x00000000       0x18 lib/SDC00/ffunicode_avr.o
 .debug_line    0x00000000       0x1a lib/SDC00/ffunicode_avr.o
 .debug_str     0x00000000      0x1af lib/SDC00/ffunicode_avr.o
 .comment       0x00000000       0x31 lib/SDC00/ffunicode_avr.o
 .text          0x00000000        0x0 lib/SDC00/mmc_avr_spi.o
 .data          0x00000000        0x0 lib/SDC00/mmc_avr_spi.o
 .bss           0x00000000        0x0 lib/SDC00/mmc_avr_spi.o
 .text.mmc_disk_timerproc
                0x00000000       0x64 lib/SDC00/mmc_avr_spi.o
 .text          0x00000000        0x0 M128_Danny_Timer.o
 .data          0x00000000        0x0 M128_Danny_Timer.o
 .bss           0x00000000        0x0 M128_Danny_Timer.o
 .text.closeTimer0
                0x00000000        0xa M128_Danny_Timer.o
 .text.openTimer2
                0x00000000        0x8 M128_Danny_Timer.o
 .text.closeTimer2
                0x00000000        0xa M128_Danny_Timer.o
 .text.openTimer1B
                0x00000000        0xa M128_Danny_Timer.o
 .text.closeTimer1B
                0x00000000        0xa M128_Danny_Timer.o
 .text.openTimer3B
                0x00000000        0xa M128_Danny_Timer.o
 .text.closeTimer3B
                0x00000000        0xa M128_Danny_Timer.o
 .text.setTimer2_CompareInterrupt
                0x00000000       0x1e M128_Danny_Timer.o
 .text.setTimer1B_CompareInterrupt
                0x00000000       0x2c M128_Danny_Timer.o
 .text.setTimer3B_CompareInterrupt
                0x00000000       0x3a M128_Danny_Timer.o
 .text.openWhichTimer
                0x00000000       0x3c M128_Danny_Timer.o
 .text.closeWhichTimer
                0x00000000       0x3c M128_Danny_Timer.o
 .text          0x00000000        0x0 main.o
 .data          0x00000000        0x0 main.o
 .bss           0x00000000        0x0 main.o
 .text          0x00000000        0x0 c:/program files (x86)/atmel/studio/7.0/toolchain/avr8/avr8-gnu-toolchain/bin/../lib/gcc/avr/5.4.0/../../../../avr/lib/avr51\libm.a(addsf3.o)
 .data          0x00000000        0x0 c:/program files (x86)/atmel/studio/7.0/toolchain/avr8/avr8-gnu-toolchain/bin/../lib/gcc/avr/5.4.0/../../../../avr/lib/avr51\libm.a(addsf3.o)
 .bss           0x00000000        0x0 c:/program files (x86)/atmel/studio/7.0/toolchain/avr8/avr8-gnu-toolchain/bin/../lib/gcc/avr/5.4.0/../../../../avr/lib/avr51\libm.a(addsf3.o)
 .text          0x00000000        0x0 c:/program files (x86)/atmel/studio/7.0/toolchain/avr8/avr8-gnu-toolchain/bin/../lib/gcc/avr/5.4.0/../../../../avr/lib/avr51\libm.a(addsf3x.o)
 .data          0x00000000        0x0 c:/program files (x86)/atmel/studio/7.0/toolchain/avr8/avr8-gnu-toolchain/bin/../lib/gcc/avr/5.4.0/../../../../avr/lib/avr51\libm.a(addsf3x.o)
 .bss           0x00000000        0x0 c:/program files (x86)/atmel/studio/7.0/toolchain/avr8/avr8-gnu-toolchain/bin/../lib/gcc/avr/5.4.0/../../../../avr/lib/avr51\libm.a(addsf3x.o)
 .text          0x00000000        0x0 c:/program files (x86)/atmel/studio/7.0/toolchain/avr8/avr8-gnu-toolchain/bin/../lib/gcc/avr/5.4.0/../../../../avr/lib/avr51\libm.a(divsf3.o)
 .data          0x00000000        0x0 c:/program files (x86)/atmel/studio/7.0/toolchain/avr8/avr8-gnu-toolchain/bin/../lib/gcc/avr/5.4.0/../../../../avr/lib/avr51\libm.a(divsf3.o)
 .bss           0x00000000        0x0 c:/program files (x86)/atmel/studio/7.0/toolchain/avr8/avr8-gnu-toolchain/bin/../lib/gcc/avr/5.4.0/../../../../avr/lib/avr51\libm.a(divsf3.o)
 .text          0x00000000        0x0 c:/program files (x86)/atmel/studio/7.0/toolchain/avr8/avr8-gnu-toolchain/bin/../lib/gcc/avr/5.4.0/../../../../avr/lib/avr51\libm.a(divsf3x.o)
 .data          0x00000000        0x0 c:/program files (x86)/atmel/studio/7.0/toolchain/avr8/avr8-gnu-toolchain/bin/../lib/gcc/avr/5.4.0/../../../../avr/lib/avr51\libm.a(divsf3x.o)
 .bss           0x00000000        0x0 c:/program files (x86)/atmel/studio/7.0/toolchain/avr8/avr8-gnu-toolchain/bin/../lib/gcc/avr/5.4.0/../../../../avr/lib/avr51\libm.a(divsf3x.o)
 .text          0x00000000        0x0 c:/program files (x86)/atmel/studio/7.0/toolchain/avr8/avr8-gnu-toolchain/bin/../lib/gcc/avr/5.4.0/../../../../avr/lib/avr51\libm.a(fixsfsi.o)
 .data          0x00000000        0x0 c:/program files (x86)/atmel/studio/7.0/toolchain/avr8/avr8-gnu-toolchain/bin/../lib/gcc/avr/5.4.0/../../../../avr/lib/avr51\libm.a(fixsfsi.o)
 .bss           0x00000000        0x0 c:/program files (x86)/atmel/studio/7.0/toolchain/avr8/avr8-gnu-toolchain/bin/../lib/gcc/avr/5.4.0/../../../../avr/lib/avr51\libm.a(fixsfsi.o)
 .text          0x00000000        0x0 c:/program files (x86)/atmel/studio/7.0/toolchain/avr8/avr8-gnu-toolchain/bin/../lib/gcc/avr/5.4.0/../../../../avr/lib/avr51\libm.a(fixunssfsi.o)
 .data          0x00000000        0x0 c:/program files (x86)/atmel/studio/7.0/toolchain/avr8/avr8-gnu-toolchain/bin/../lib/gcc/avr/5.4.0/../../../../avr/lib/avr51\libm.a(fixunssfsi.o)
 .bss           0x00000000        0x0 c:/program files (x86)/atmel/studio/7.0/toolchain/avr8/avr8-gnu-toolchain/bin/../lib/gcc/avr/5.4.0/../../../../avr/lib/avr51\libm.a(fixunssfsi.o)
 .text          0x00000000        0x0 c:/program files (x86)/atmel/studio/7.0/toolchain/avr8/avr8-gnu-toolchain/bin/../lib/gcc/avr/5.4.0/../../../../avr/lib/avr51\libm.a(floatsisf.o)
 .data          0x00000000        0x0 c:/program files (x86)/atmel/studio/7.0/toolchain/avr8/avr8-gnu-toolchain/bin/../lib/gcc/avr/5.4.0/../../../../avr/lib/avr51\libm.a(floatsisf.o)
 .bss           0x00000000        0x0 c:/program files (x86)/atmel/studio/7.0/toolchain/avr8/avr8-gnu-toolchain/bin/../lib/gcc/avr/5.4.0/../../../../avr/lib/avr51\libm.a(floatsisf.o)
 .text          0x00000000        0x0 c:/program files (x86)/atmel/studio/7.0/toolchain/avr8/avr8-gnu-toolchain/bin/../lib/gcc/avr/5.4.0/../../../../avr/lib/avr51\libm.a(fp_inf.o)
 .data          0x00000000        0x0 c:/program files (x86)/atmel/studio/7.0/toolchain/avr8/avr8-gnu-toolchain/bin/../lib/gcc/avr/5.4.0/../../../../avr/lib/avr51\libm.a(fp_inf.o)
 .bss           0x00000000        0x0 c:/program files (x86)/atmel/studio/7.0/toolchain/avr8/avr8-gnu-toolchain/bin/../lib/gcc/avr/5.4.0/../../../../avr/lib/avr51\libm.a(fp_inf.o)
 .text          0x00000000        0x0 c:/program files (x86)/atmel/studio/7.0/toolchain/avr8/avr8-gnu-toolchain/bin/../lib/gcc/avr/5.4.0/../../../../avr/lib/avr51\libm.a(fp_nan.o)
 .data          0x00000000        0x0 c:/program files (x86)/atmel/studio/7.0/toolchain/avr8/avr8-gnu-toolchain/bin/../lib/gcc/avr/5.4.0/../../../../avr/lib/avr51\libm.a(fp_nan.o)
 .bss           0x00000000        0x0 c:/program files (x86)/atmel/studio/7.0/toolchain/avr8/avr8-gnu-toolchain/bin/../lib/gcc/avr/5.4.0/../../../../avr/lib/avr51\libm.a(fp_nan.o)
 .text          0x00000000        0x0 c:/program files (x86)/atmel/studio/7.0/toolchain/avr8/avr8-gnu-toolchain/bin/../lib/gcc/avr/5.4.0/../../../../avr/lib/avr51\libm.a(fp_pscA.o)
 .data          0x00000000        0x0 c:/program files (x86)/atmel/studio/7.0/toolchain/avr8/avr8-gnu-toolchain/bin/../lib/gcc/avr/5.4.0/../../../../avr/lib/avr51\libm.a(fp_pscA.o)
 .bss           0x00000000        0x0 c:/program files (x86)/atmel/studio/7.0/toolchain/avr8/avr8-gnu-toolchain/bin/../lib/gcc/avr/5.4.0/../../../../avr/lib/avr51\libm.a(fp_pscA.o)
 .text          0x00000000        0x0 c:/program files (x86)/atmel/studio/7.0/toolchain/avr8/avr8-gnu-toolchain/bin/../lib/gcc/avr/5.4.0/../../../../avr/lib/avr51\libm.a(fp_pscB.o)
 .data          0x00000000        0x0 c:/program files (x86)/atmel/studio/7.0/toolchain/avr8/avr8-gnu-toolchain/bin/../lib/gcc/avr/5.4.0/../../../../avr/lib/avr51\libm.a(fp_pscB.o)
 .bss           0x00000000        0x0 c:/program files (x86)/atmel/studio/7.0/toolchain/avr8/avr8-gnu-toolchain/bin/../lib/gcc/avr/5.4.0/../../../../avr/lib/avr51\libm.a(fp_pscB.o)
 .text          0x00000000        0x0 c:/program files (x86)/atmel/studio/7.0/toolchain/avr8/avr8-gnu-toolchain/bin/../lib/gcc/avr/5.4.0/../../../../avr/lib/avr51\libm.a(fp_round.o)
 .data          0x00000000        0x0 c:/program files (x86)/atmel/studio/7.0/toolchain/avr8/avr8-gnu-toolchain/bin/../lib/gcc/avr/5.4.0/../../../../avr/lib/avr51\libm.a(fp_round.o)
 .bss           0x00000000        0x0 c:/program files (x86)/atmel/studio/7.0/toolchain/avr8/avr8-gnu-toolchain/bin/../lib/gcc/avr/5.4.0/../../../../avr/lib/avr51\libm.a(fp_round.o)
 .text          0x00000000        0x0 c:/program files (x86)/atmel/studio/7.0/toolchain/avr8/avr8-gnu-toolchain/bin/../lib/gcc/avr/5.4.0/../../../../avr/lib/avr51\libm.a(fp_split3.o)
 .data          0x00000000        0x0 c:/program files (x86)/atmel/studio/7.0/toolchain/avr8/avr8-gnu-toolchain/bin/../lib/gcc/avr/5.4.0/../../../../avr/lib/avr51\libm.a(fp_split3.o)
 .bss           0x00000000        0x0 c:/program files (x86)/atmel/studio/7.0/toolchain/avr8/avr8-gnu-toolchain/bin/../lib/gcc/avr/5.4.0/../../../../avr/lib/avr51\libm.a(fp_split3.o)
 .text          0x00000000        0x0 c:/program files (x86)/atmel/studio/7.0/toolchain/avr8/avr8-gnu-toolchain/bin/../lib/gcc/avr/5.4.0/../../../../avr/lib/avr51\libm.a(fp_zero.o)
 .data          0x00000000        0x0 c:/program files (x86)/atmel/studio/7.0/toolchain/avr8/avr8-gnu-toolchain/bin/../lib/gcc/avr/5.4.0/../../../../avr/lib/avr51\libm.a(fp_zero.o)
 .bss           0x00000000        0x0 c:/program files (x86)/atmel/studio/7.0/toolchain/avr8/avr8-gnu-toolchain/bin/../lib/gcc/avr/5.4.0/../../../../avr/lib/avr51\libm.a(fp_zero.o)
 .text          0x00000000        0x0 c:/program files (x86)/atmel/studio/7.0/toolchain/avr8/avr8-gnu-toolchain/bin/../lib/gcc/avr/5.4.0/../../../../avr/lib/avr51\libm.a(mulsf3.o)
 .data          0x00000000        0x0 c:/program files (x86)/atmel/studio/7.0/toolchain/avr8/avr8-gnu-toolchain/bin/../lib/gcc/avr/5.4.0/../../../../avr/lib/avr51\libm.a(mulsf3.o)
 .bss           0x00000000        0x0 c:/program files (x86)/atmel/studio/7.0/toolchain/avr8/avr8-gnu-toolchain/bin/../lib/gcc/avr/5.4.0/../../../../avr/lib/avr51\libm.a(mulsf3.o)
 .text          0x00000000        0x0 c:/program files (x86)/atmel/studio/7.0/toolchain/avr8/avr8-gnu-toolchain/bin/../lib/gcc/avr/5.4.0/../../../../avr/lib/avr51\libm.a(mulsf3x.o)
 .data          0x00000000        0x0 c:/program files (x86)/atmel/studio/7.0/toolchain/avr8/avr8-gnu-toolchain/bin/../lib/gcc/avr/5.4.0/../../../../avr/lib/avr51\libm.a(mulsf3x.o)
 .bss           0x00000000        0x0 c:/program files (x86)/atmel/studio/7.0/toolchain/avr8/avr8-gnu-toolchain/bin/../lib/gcc/avr/5.4.0/../../../../avr/lib/avr51\libm.a(mulsf3x.o)
 .text          0x00000000        0x0 c:/program files (x86)/atmel/studio/7.0/toolchain/avr8/avr8-gnu-toolchain/bin/../lib/gcc/avr/5.4.0/../../../../avr/lib/avr51\libm.a(sin.o)
 .data          0x00000000        0x0 c:/program files (x86)/atmel/studio/7.0/toolchain/avr8/avr8-gnu-toolchain/bin/../lib/gcc/avr/5.4.0/../../../../avr/lib/avr51\libm.a(sin.o)
 .bss           0x00000000        0x0 c:/program files (x86)/atmel/studio/7.0/toolchain/avr8/avr8-gnu-toolchain/bin/../lib/gcc/avr/5.4.0/../../../../avr/lib/avr51\libm.a(sin.o)
 .text          0x00000000        0x0 c:/program files (x86)/atmel/studio/7.0/toolchain/avr8/avr8-gnu-toolchain/bin/../lib/gcc/avr/5.4.0/../../../../avr/lib/avr51\libm.a(fp_rempio2.o)
 .data          0x00000000        0x0 c:/program files (x86)/atmel/studio/7.0/toolchain/avr8/avr8-gnu-toolchain/bin/../lib/gcc/avr/5.4.0/../../../../avr/lib/avr51\libm.a(fp_rempio2.o)
 .bss           0x00000000        0x0 c:/program files (x86)/atmel/studio/7.0/toolchain/avr8/avr8-gnu-toolchain/bin/../lib/gcc/avr/5.4.0/../../../../avr/lib/avr51\libm.a(fp_rempio2.o)
 .text          0x00000000        0x0 c:/program files (x86)/atmel/studio/7.0/toolchain/avr8/avr8-gnu-toolchain/bin/../lib/gcc/avr/5.4.0/../../../../avr/lib/avr51\libm.a(fp_sinus.o)
 .data          0x00000000        0x0 c:/program files (x86)/atmel/studio/7.0/toolchain/avr8/avr8-gnu-toolchain/bin/../lib/gcc/avr/5.4.0/../../../../avr/lib/avr51\libm.a(fp_sinus.o)
 .bss           0x00000000        0x0 c:/program files (x86)/atmel/studio/7.0/toolchain/avr8/avr8-gnu-toolchain/bin/../lib/gcc/avr/5.4.0/../../../../avr/lib/avr51\libm.a(fp_sinus.o)
 .text          0x00000000        0x0 c:/program files (x86)/atmel/studio/7.0/toolchain/avr8/avr8-gnu-toolchain/bin/../lib/gcc/avr/5.4.0/../../../../avr/lib/avr51\libm.a(fp_mpack.o)
 .data          0x00000000        0x0 c:/program files (x86)/atmel/studio/7.0/toolchain/avr8/avr8-gnu-toolchain/bin/../lib/gcc/avr/5.4.0/../../../../avr/lib/avr51\libm.a(fp_mpack.o)
 .bss           0x00000000        0x0 c:/program files (x86)/atmel/studio/7.0/toolchain/avr8/avr8-gnu-toolchain/bin/../lib/gcc/avr/5.4.0/../../../../avr/lib/avr51\libm.a(fp_mpack.o)
 .text          0x00000000        0x0 c:/program files (x86)/atmel/studio/7.0/toolchain/avr8/avr8-gnu-toolchain/bin/../lib/gcc/avr/5.4.0/../../../../avr/lib/avr51\libm.a(fp_powsodd.o)
 .data          0x00000000        0x0 c:/program files (x86)/atmel/studio/7.0/toolchain/avr8/avr8-gnu-toolchain/bin/../lib/gcc/avr/5.4.0/../../../../avr/lib/avr51\libm.a(fp_powsodd.o)
 .bss           0x00000000        0x0 c:/program files (x86)/atmel/studio/7.0/toolchain/avr8/avr8-gnu-toolchain/bin/../lib/gcc/avr/5.4.0/../../../../avr/lib/avr51\libm.a(fp_powsodd.o)
 .text          0x00000000        0x0 c:/program files (x86)/atmel/studio/7.0/toolchain/avr8/avr8-gnu-toolchain/bin/../lib/gcc/avr/5.4.0/../../../../avr/lib/avr51\libm.a(fp_powser.o)
 .data          0x00000000        0x0 c:/program files (x86)/atmel/studio/7.0/toolchain/avr8/avr8-gnu-toolchain/bin/../lib/gcc/avr/5.4.0/../../../../avr/lib/avr51\libm.a(fp_powser.o)
 .bss           0x00000000        0x0 c:/program files (x86)/atmel/studio/7.0/toolchain/avr8/avr8-gnu-toolchain/bin/../lib/gcc/avr/5.4.0/../../../../avr/lib/avr51\libm.a(fp_powser.o)
 .text          0x00000000        0x0 c:/program files (x86)/atmel/studio/7.0/toolchain/avr8/avr8-gnu-toolchain/bin/../lib/gcc/avr/5.4.0/../../../../avr/lib/avr51\libprintf_flt.a(vfprintf_flt.o)
 .data          0x00000000        0x0 c:/program files (x86)/atmel/studio/7.0/toolchain/avr8/avr8-gnu-toolchain/bin/../lib/gcc/avr/5.4.0/../../../../avr/lib/avr51\libprintf_flt.a(vfprintf_flt.o)
 .bss           0x00000000        0x0 c:/program files (x86)/atmel/studio/7.0/toolchain/avr8/avr8-gnu-toolchain/bin/../lib/gcc/avr/5.4.0/../../../../avr/lib/avr51\libprintf_flt.a(vfprintf_flt.o)
 .text          0x00000000        0x0 c:/program files (x86)/atmel/studio/7.0/toolchain/avr8/avr8-gnu-toolchain/bin/../lib/gcc/avr/5.4.0/../../../../avr/lib/avr51\libscanf_flt.a(vfscanf_flt.o)
 .data          0x00000000        0x0 c:/program files (x86)/atmel/studio/7.0/toolchain/avr8/avr8-gnu-toolchain/bin/../lib/gcc/avr/5.4.0/../../../../avr/lib/avr51\libscanf_flt.a(vfscanf_flt.o)
 .bss           0x00000000        0x0 c:/program files (x86)/atmel/studio/7.0/toolchain/avr8/avr8-gnu-toolchain/bin/../lib/gcc/avr/5.4.0/../../../../avr/lib/avr51\libscanf_flt.a(vfscanf_flt.o)
 .bss           0x00000000        0x4 C:\Users\zxpay\Desktop\Interface\Experiment\Experiment4\exp4_1\exp4_1\ASA_Lib.o(ASA_Lib_M128_HMI.o)
 .text          0x00000000        0x0 c:/program files (x86)/atmel/studio/7.0/toolchain/avr8/avr8-gnu-toolchain/bin/../lib/gcc/avr/5.4.0/avr51\libgcc.a(_udivmodsi4.o)
 .data          0x00000000        0x0 c:/program files (x86)/atmel/studio/7.0/toolchain/avr8/avr8-gnu-toolchain/bin/../lib/gcc/avr/5.4.0/avr51\libgcc.a(_udivmodsi4.o)
 .bss           0x00000000        0x0 c:/program files (x86)/atmel/studio/7.0/toolchain/avr8/avr8-gnu-toolchain/bin/../lib/gcc/avr/5.4.0/avr51\libgcc.a(_udivmodsi4.o)
 .text.libgcc.mul
                0x00000000        0x0 c:/program files (x86)/atmel/studio/7.0/toolchain/avr8/avr8-gnu-toolchain/bin/../lib/gcc/avr/5.4.0/avr51\libgcc.a(_udivmodsi4.o)
 .text.libgcc   0x00000000        0x0 c:/program files (x86)/atmel/studio/7.0/toolchain/avr8/avr8-gnu-toolchain/bin/../lib/gcc/avr/5.4.0/avr51\libgcc.a(_udivmodsi4.o)
 .text.libgcc.prologue
                0x00000000        0x0 c:/program files (x86)/atmel/studio/7.0/toolchain/avr8/avr8-gnu-toolchain/bin/../lib/gcc/avr/5.4.0/avr51\libgcc.a(_udivmodsi4.o)
 .text.libgcc.builtins
                0x00000000        0x0 c:/program files (x86)/atmel/studio/7.0/toolchain/avr8/avr8-gnu-toolchain/bin/../lib/gcc/avr/5.4.0/avr51\libgcc.a(_udivmodsi4.o)
 .text.libgcc.fmul
                0x00000000        0x0 c:/program files (x86)/atmel/studio/7.0/toolchain/avr8/avr8-gnu-toolchain/bin/../lib/gcc/avr/5.4.0/avr51\libgcc.a(_udivmodsi4.o)
 .text.libgcc.fixed
                0x00000000        0x0 c:/program files (x86)/atmel/studio/7.0/toolchain/avr8/avr8-gnu-toolchain/bin/../lib/gcc/avr/5.4.0/avr51\libgcc.a(_udivmodsi4.o)
 .text          0x00000000        0x0 c:/program files (x86)/atmel/studio/7.0/toolchain/avr8/avr8-gnu-toolchain/bin/../lib/gcc/avr/5.4.0/avr51\libgcc.a(_exit.o)
 .data          0x00000000        0x0 c:/program files (x86)/atmel/studio/7.0/toolchain/avr8/avr8-gnu-toolchain/bin/../lib/gcc/avr/5.4.0/avr51\libgcc.a(_exit.o)
 .bss           0x00000000        0x0 c:/program files (x86)/atmel/studio/7.0/toolchain/avr8/avr8-gnu-toolchain/bin/../lib/gcc/avr/5.4.0/avr51\libgcc.a(_exit.o)
 .text.libgcc.mul
                0x00000000        0x0 c:/program files (x86)/atmel/studio/7.0/toolchain/avr8/avr8-gnu-toolchain/bin/../lib/gcc/avr/5.4.0/avr51\libgcc.a(_exit.o)
 .text.libgcc.div
                0x00000000        0x0 c:/program files (x86)/atmel/studio/7.0/toolchain/avr8/avr8-gnu-toolchain/bin/../lib/gcc/avr/5.4.0/avr51\libgcc.a(_exit.o)
 .text.libgcc   0x00000000        0x0 c:/program files (x86)/atmel/studio/7.0/toolchain/avr8/avr8-gnu-toolchain/bin/../lib/gcc/avr/5.4.0/avr51\libgcc.a(_exit.o)
 .text.libgcc.prologue
                0x00000000        0x0 c:/program files (x86)/atmel/studio/7.0/toolchain/avr8/avr8-gnu-toolchain/bin/../lib/gcc/avr/5.4.0/avr51\libgcc.a(_exit.o)
 .text.libgcc.builtins
                0x00000000        0x0 c:/program files (x86)/atmel/studio/7.0/toolchain/avr8/avr8-gnu-toolchain/bin/../lib/gcc/avr/5.4.0/avr51\libgcc.a(_exit.o)
 .text.libgcc.fmul
                0x00000000        0x0 c:/program files (x86)/atmel/studio/7.0/toolchain/avr8/avr8-gnu-toolchain/bin/../lib/gcc/avr/5.4.0/avr51\libgcc.a(_exit.o)
 .text.libgcc.fixed
                0x00000000        0x0 c:/program files (x86)/atmel/studio/7.0/toolchain/avr8/avr8-gnu-toolchain/bin/../lib/gcc/avr/5.4.0/avr51\libgcc.a(_exit.o)
 .text          0x00000000        0x0 c:/program files (x86)/atmel/studio/7.0/toolchain/avr8/avr8-gnu-toolchain/bin/../lib/gcc/avr/5.4.0/avr51\libgcc.a(_tablejump2.o)
 .data          0x00000000        0x0 c:/program files (x86)/atmel/studio/7.0/toolchain/avr8/avr8-gnu-toolchain/bin/../lib/gcc/avr/5.4.0/avr51\libgcc.a(_tablejump2.o)
 .bss           0x00000000        0x0 c:/program files (x86)/atmel/studio/7.0/toolchain/avr8/avr8-gnu-toolchain/bin/../lib/gcc/avr/5.4.0/avr51\libgcc.a(_tablejump2.o)
 .text.libgcc.mul
                0x00000000        0x0 c:/program files (x86)/atmel/studio/7.0/toolchain/avr8/avr8-gnu-toolchain/bin/../lib/gcc/avr/5.4.0/avr51\libgcc.a(_tablejump2.o)
 .text.libgcc.div
                0x00000000        0x0 c:/program files (x86)/atmel/studio/7.0/toolchain/avr8/avr8-gnu-toolchain/bin/../lib/gcc/avr/5.4.0/avr51\libgcc.a(_tablejump2.o)
 .text.libgcc.prologue
                0x00000000        0x0 c:/program files (x86)/atmel/studio/7.0/toolchain/avr8/avr8-gnu-toolchain/bin/../lib/gcc/avr/5.4.0/avr51\libgcc.a(_tablejump2.o)
 .text.libgcc.builtins
                0x00000000        0x0 c:/program files (x86)/atmel/studio/7.0/toolchain/avr8/avr8-gnu-toolchain/bin/../lib/gcc/avr/5.4.0/avr51\libgcc.a(_tablejump2.o)
 .text.libgcc.fmul
                0x00000000        0x0 c:/program files (x86)/atmel/studio/7.0/toolchain/avr8/avr8-gnu-toolchain/bin/../lib/gcc/avr/5.4.0/avr51\libgcc.a(_tablejump2.o)
 .text.libgcc.fixed
                0x00000000        0x0 c:/program files (x86)/atmel/studio/7.0/toolchain/avr8/avr8-gnu-toolchain/bin/../lib/gcc/avr/5.4.0/avr51\libgcc.a(_tablejump2.o)
 .text          0x00000000        0x0 c:/program files (x86)/atmel/studio/7.0/toolchain/avr8/avr8-gnu-toolchain/bin/../lib/gcc/avr/5.4.0/avr51\libgcc.a(_copy_data.o)
 .data          0x00000000        0x0 c:/program files (x86)/atmel/studio/7.0/toolchain/avr8/avr8-gnu-toolchain/bin/../lib/gcc/avr/5.4.0/avr51\libgcc.a(_copy_data.o)
 .bss           0x00000000        0x0 c:/program files (x86)/atmel/studio/7.0/toolchain/avr8/avr8-gnu-toolchain/bin/../lib/gcc/avr/5.4.0/avr51\libgcc.a(_copy_data.o)
 .text.libgcc.mul
                0x00000000        0x0 c:/program files (x86)/atmel/studio/7.0/toolchain/avr8/avr8-gnu-toolchain/bin/../lib/gcc/avr/5.4.0/avr51\libgcc.a(_copy_data.o)
 .text.libgcc.div
                0x00000000        0x0 c:/program files (x86)/atmel/studio/7.0/toolchain/avr8/avr8-gnu-toolchain/bin/../lib/gcc/avr/5.4.0/avr51\libgcc.a(_copy_data.o)
 .text.libgcc   0x00000000        0x0 c:/program files (x86)/atmel/studio/7.0/toolchain/avr8/avr8-gnu-toolchain/bin/../lib/gcc/avr/5.4.0/avr51\libgcc.a(_copy_data.o)
 .text.libgcc.prologue
                0x00000000        0x0 c:/program files (x86)/atmel/studio/7.0/toolchain/avr8/avr8-gnu-toolchain/bin/../lib/gcc/avr/5.4.0/avr51\libgcc.a(_copy_data.o)
 .text.libgcc.builtins
                0x00000000        0x0 c:/program files (x86)/atmel/studio/7.0/toolchain/avr8/avr8-gnu-toolchain/bin/../lib/gcc/avr/5.4.0/avr51\libgcc.a(_copy_data.o)
 .text.libgcc.fmul
                0x00000000        0x0 c:/program files (x86)/atmel/studio/7.0/toolchain/avr8/avr8-gnu-toolchain/bin/../lib/gcc/avr/5.4.0/avr51\libgcc.a(_copy_data.o)
 .text.libgcc.fixed
                0x00000000        0x0 c:/program files (x86)/atmel/studio/7.0/toolchain/avr8/avr8-gnu-toolchain/bin/../lib/gcc/avr/5.4.0/avr51\libgcc.a(_copy_data.o)
 .text          0x00000000        0x0 c:/program files (x86)/atmel/studio/7.0/toolchain/avr8/avr8-gnu-toolchain/bin/../lib/gcc/avr/5.4.0/avr51\libgcc.a(_clear_bss.o)
 .data          0x00000000        0x0 c:/program files (x86)/atmel/studio/7.0/toolchain/avr8/avr8-gnu-toolchain/bin/../lib/gcc/avr/5.4.0/avr51\libgcc.a(_clear_bss.o)
 .bss           0x00000000        0x0 c:/program files (x86)/atmel/studio/7.0/toolchain/avr8/avr8-gnu-toolchain/bin/../lib/gcc/avr/5.4.0/avr51\libgcc.a(_clear_bss.o)
 .text.libgcc.mul
                0x00000000        0x0 c:/program files (x86)/atmel/studio/7.0/toolchain/avr8/avr8-gnu-toolchain/bin/../lib/gcc/avr/5.4.0/avr51\libgcc.a(_clear_bss.o)
 .text.libgcc.div
                0x00000000        0x0 c:/program files (x86)/atmel/studio/7.0/toolchain/avr8/avr8-gnu-toolchain/bin/../lib/gcc/avr/5.4.0/avr51\libgcc.a(_clear_bss.o)
 .text.libgcc   0x00000000        0x0 c:/program files (x86)/atmel/studio/7.0/toolchain/avr8/avr8-gnu-toolchain/bin/../lib/gcc/avr/5.4.0/avr51\libgcc.a(_clear_bss.o)
 .text.libgcc.prologue
                0x00000000        0x0 c:/program files (x86)/atmel/studio/7.0/toolchain/avr8/avr8-gnu-toolchain/bin/../lib/gcc/avr/5.4.0/avr51\libgcc.a(_clear_bss.o)
 .text.libgcc.builtins
                0x00000000        0x0 c:/program files (x86)/atmel/studio/7.0/toolchain/avr8/avr8-gnu-toolchain/bin/../lib/gcc/avr/5.4.0/avr51\libgcc.a(_clear_bss.o)
 .text.libgcc.fmul
                0x00000000        0x0 c:/program files (x86)/atmel/studio/7.0/toolchain/avr8/avr8-gnu-toolchain/bin/../lib/gcc/avr/5.4.0/avr51\libgcc.a(_clear_bss.o)
 .text.libgcc.fixed
                0x00000000        0x0 c:/program files (x86)/atmel/studio/7.0/toolchain/avr8/avr8-gnu-toolchain/bin/../lib/gcc/avr/5.4.0/avr51\libgcc.a(_clear_bss.o)
 .text          0x00000000        0x0 c:/program files (x86)/atmel/studio/7.0/toolchain/avr8/avr8-gnu-toolchain/bin/../lib/gcc/avr/5.4.0/avr51\libgcc.a(_muluhisi3.o)
 .data          0x00000000        0x0 c:/program files (x86)/atmel/studio/7.0/toolchain/avr8/avr8-gnu-toolchain/bin/../lib/gcc/avr/5.4.0/avr51\libgcc.a(_muluhisi3.o)
 .bss           0x00000000        0x0 c:/program files (x86)/atmel/studio/7.0/toolchain/avr8/avr8-gnu-toolchain/bin/../lib/gcc/avr/5.4.0/avr51\libgcc.a(_muluhisi3.o)
 .text.libgcc.div
                0x00000000        0x0 c:/program files (x86)/atmel/studio/7.0/toolchain/avr8/avr8-gnu-toolchain/bin/../lib/gcc/avr/5.4.0/avr51\libgcc.a(_muluhisi3.o)
 .text.libgcc   0x00000000        0x0 c:/program files (x86)/atmel/studio/7.0/toolchain/avr8/avr8-gnu-toolchain/bin/../lib/gcc/avr/5.4.0/avr51\libgcc.a(_muluhisi3.o)
 .text.libgcc.prologue
                0x00000000        0x0 c:/program files (x86)/atmel/studio/7.0/toolchain/avr8/avr8-gnu-toolchain/bin/../lib/gcc/avr/5.4.0/avr51\libgcc.a(_muluhisi3.o)
 .text.libgcc.builtins
                0x00000000        0x0 c:/program files (x86)/atmel/studio/7.0/toolchain/avr8/avr8-gnu-toolchain/bin/../lib/gcc/avr/5.4.0/avr51\libgcc.a(_muluhisi3.o)
 .text.libgcc.fmul
                0x00000000        0x0 c:/program files (x86)/atmel/studio/7.0/toolchain/avr8/avr8-gnu-toolchain/bin/../lib/gcc/avr/5.4.0/avr51\libgcc.a(_muluhisi3.o)
 .text.libgcc.fixed
                0x00000000        0x0 c:/program files (x86)/atmel/studio/7.0/toolchain/avr8/avr8-gnu-toolchain/bin/../lib/gcc/avr/5.4.0/avr51\libgcc.a(_muluhisi3.o)
 .text          0x00000000        0x0 c:/program files (x86)/atmel/studio/7.0/toolchain/avr8/avr8-gnu-toolchain/bin/../lib/gcc/avr/5.4.0/avr51\libgcc.a(_umulhisi3.o)
 .data          0x00000000        0x0 c:/program files (x86)/atmel/studio/7.0/toolchain/avr8/avr8-gnu-toolchain/bin/../lib/gcc/avr/5.4.0/avr51\libgcc.a(_umulhisi3.o)
 .bss           0x00000000        0x0 c:/program files (x86)/atmel/studio/7.0/toolchain/avr8/avr8-gnu-toolchain/bin/../lib/gcc/avr/5.4.0/avr51\libgcc.a(_umulhisi3.o)
 .text.libgcc.div
                0x00000000        0x0 c:/program files (x86)/atmel/studio/7.0/toolchain/avr8/avr8-gnu-toolchain/bin/../lib/gcc/avr/5.4.0/avr51\libgcc.a(_umulhisi3.o)
 .text.libgcc   0x00000000        0x0 c:/program files (x86)/atmel/studio/7.0/toolchain/avr8/avr8-gnu-toolchain/bin/../lib/gcc/avr/5.4.0/avr51\libgcc.a(_umulhisi3.o)
 .text.libgcc.prologue
                0x00000000        0x0 c:/program files (x86)/atmel/studio/7.0/toolchain/avr8/avr8-gnu-toolchain/bin/../lib/gcc/avr/5.4.0/avr51\libgcc.a(_umulhisi3.o)
 .text.libgcc.builtins
                0x00000000        0x0 c:/program files (x86)/atmel/studio/7.0/toolchain/avr8/avr8-gnu-toolchain/bin/../lib/gcc/avr/5.4.0/avr51\libgcc.a(_umulhisi3.o)
 .text.libgcc.fmul
                0x00000000        0x0 c:/program files (x86)/atmel/studio/7.0/toolchain/avr8/avr8-gnu-toolchain/bin/../lib/gcc/avr/5.4.0/avr51\libgcc.a(_umulhisi3.o)
 .text.libgcc.fixed
                0x00000000        0x0 c:/program files (x86)/atmel/studio/7.0/toolchain/avr8/avr8-gnu-toolchain/bin/../lib/gcc/avr/5.4.0/avr51\libgcc.a(_umulhisi3.o)
 .text          0x00000000        0x0 c:/program files (x86)/atmel/studio/7.0/toolchain/avr8/avr8-gnu-toolchain/bin/../lib/gcc/avr/5.4.0/../../../../avr/lib/avr51\libc.a(ftoa_engine.o)
 .data          0x00000000        0x0 c:/program files (x86)/atmel/studio/7.0/toolchain/avr8/avr8-gnu-toolchain/bin/../lib/gcc/avr/5.4.0/../../../../avr/lib/avr51\libc.a(ftoa_engine.o)
 .bss           0x00000000        0x0 c:/program files (x86)/atmel/studio/7.0/toolchain/avr8/avr8-gnu-toolchain/bin/../lib/gcc/avr/5.4.0/../../../../avr/lib/avr51\libc.a(ftoa_engine.o)
 .text          0x00000000        0x0 c:/program files (x86)/atmel/studio/7.0/toolchain/avr8/avr8-gnu-toolchain/bin/../lib/gcc/avr/5.4.0/../../../../avr/lib/avr51\libc.a(isspace.o)
 .data          0x00000000        0x0 c:/program files (x86)/atmel/studio/7.0/toolchain/avr8/avr8-gnu-toolchain/bin/../lib/gcc/avr/5.4.0/../../../../avr/lib/avr51\libc.a(isspace.o)
 .bss           0x00000000        0x0 c:/program files (x86)/atmel/studio/7.0/toolchain/avr8/avr8-gnu-toolchain/bin/../lib/gcc/avr/5.4.0/../../../../avr/lib/avr51\libc.a(isspace.o)
 .text          0x00000000        0x0 c:/program files (x86)/atmel/studio/7.0/toolchain/avr8/avr8-gnu-toolchain/bin/../lib/gcc/avr/5.4.0/../../../../avr/lib/avr51\libc.a(tolower.o)
 .data          0x00000000        0x0 c:/program files (x86)/atmel/studio/7.0/toolchain/avr8/avr8-gnu-toolchain/bin/../lib/gcc/avr/5.4.0/../../../../avr/lib/avr51\libc.a(tolower.o)
 .bss           0x00000000        0x0 c:/program files (x86)/atmel/studio/7.0/toolchain/avr8/avr8-gnu-toolchain/bin/../lib/gcc/avr/5.4.0/../../../../avr/lib/avr51\libc.a(tolower.o)
 .text          0x00000000        0x0 c:/program files (x86)/atmel/studio/7.0/toolchain/avr8/avr8-gnu-toolchain/bin/../lib/gcc/avr/5.4.0/../../../../avr/lib/avr51\libc.a(strchr_P.o)
 .data          0x00000000        0x0 c:/program files (x86)/atmel/studio/7.0/toolchain/avr8/avr8-gnu-toolchain/bin/../lib/gcc/avr/5.4.0/../../../../avr/lib/avr51\libc.a(strchr_P.o)
 .bss           0x00000000        0x0 c:/program files (x86)/atmel/studio/7.0/toolchain/avr8/avr8-gnu-toolchain/bin/../lib/gcc/avr/5.4.0/../../../../avr/lib/avr51\libc.a(strchr_P.o)
 .text          0x00000000        0x0 c:/program files (x86)/atmel/studio/7.0/toolchain/avr8/avr8-gnu-toolchain/bin/../lib/gcc/avr/5.4.0/../../../../avr/lib/avr51\libc.a(strnlen_P.o)
 .data          0x00000000        0x0 c:/program files (x86)/atmel/studio/7.0/toolchain/avr8/avr8-gnu-toolchain/bin/../lib/gcc/avr/5.4.0/../../../../avr/lib/avr51\libc.a(strnlen_P.o)
 .bss           0x00000000        0x0 c:/program files (x86)/atmel/studio/7.0/toolchain/avr8/avr8-gnu-toolchain/bin/../lib/gcc/avr/5.4.0/../../../../avr/lib/avr51\libc.a(strnlen_P.o)
 .text          0x00000000        0x0 c:/program files (x86)/atmel/studio/7.0/toolchain/avr8/avr8-gnu-toolchain/bin/../lib/gcc/avr/5.4.0/../../../../avr/lib/avr51\libc.a(strnlen.o)
 .data          0x00000000        0x0 c:/program files (x86)/atmel/studio/7.0/toolchain/avr8/avr8-gnu-toolchain/bin/../lib/gcc/avr/5.4.0/../../../../avr/lib/avr51\libc.a(strnlen.o)
 .bss           0x00000000        0x0 c:/program files (x86)/atmel/studio/7.0/toolchain/avr8/avr8-gnu-toolchain/bin/../lib/gcc/avr/5.4.0/../../../../avr/lib/avr51\libc.a(strnlen.o)
 .text          0x00000000        0x0 c:/program files (x86)/atmel/studio/7.0/toolchain/avr8/avr8-gnu-toolchain/bin/../lib/gcc/avr/5.4.0/../../../../avr/lib/avr51\libc.a(fgetc.o)
 .data          0x00000000        0x0 c:/program files (x86)/atmel/studio/7.0/toolchain/avr8/avr8-gnu-toolchain/bin/../lib/gcc/avr/5.4.0/../../../../avr/lib/avr51\libc.a(fgetc.o)
 .bss           0x00000000        0x0 c:/program files (x86)/atmel/studio/7.0/toolchain/avr8/avr8-gnu-toolchain/bin/../lib/gcc/avr/5.4.0/../../../../avr/lib/avr51\libc.a(fgetc.o)
 .text          0x00000000        0x0 c:/program files (x86)/atmel/studio/7.0/toolchain/avr8/avr8-gnu-toolchain/bin/../lib/gcc/avr/5.4.0/../../../../avr/lib/avr51\libc.a(fputc.o)
 .data          0x00000000        0x0 c:/program files (x86)/atmel/studio/7.0/toolchain/avr8/avr8-gnu-toolchain/bin/../lib/gcc/avr/5.4.0/../../../../avr/lib/avr51\libc.a(fputc.o)
 .bss           0x00000000        0x0 c:/program files (x86)/atmel/studio/7.0/toolchain/avr8/avr8-gnu-toolchain/bin/../lib/gcc/avr/5.4.0/../../../../avr/lib/avr51\libc.a(fputc.o)
 .text          0x00000000        0x0 c:/program files (x86)/atmel/studio/7.0/toolchain/avr8/avr8-gnu-toolchain/bin/../lib/gcc/avr/5.4.0/../../../../avr/lib/avr51\libc.a(iob.o)
 .data          0x00000000        0x0 c:/program files (x86)/atmel/studio/7.0/toolchain/avr8/avr8-gnu-toolchain/bin/../lib/gcc/avr/5.4.0/../../../../avr/lib/avr51\libc.a(iob.o)
 .bss           0x00000000        0x0 c:/program files (x86)/atmel/studio/7.0/toolchain/avr8/avr8-gnu-toolchain/bin/../lib/gcc/avr/5.4.0/../../../../avr/lib/avr51\libc.a(iob.o)
 .text          0x00000000        0x0 c:/program files (x86)/atmel/studio/7.0/toolchain/avr8/avr8-gnu-toolchain/bin/../lib/gcc/avr/5.4.0/../../../../avr/lib/avr51\libc.a(printf.o)
 .data          0x00000000        0x0 c:/program files (x86)/atmel/studio/7.0/toolchain/avr8/avr8-gnu-toolchain/bin/../lib/gcc/avr/5.4.0/../../../../avr/lib/avr51\libc.a(printf.o)
 .bss           0x00000000        0x0 c:/program files (x86)/atmel/studio/7.0/toolchain/avr8/avr8-gnu-toolchain/bin/../lib/gcc/avr/5.4.0/../../../../avr/lib/avr51\libc.a(printf.o)
 .text          0x00000000        0x0 c:/program files (x86)/atmel/studio/7.0/toolchain/avr8/avr8-gnu-toolchain/bin/../lib/gcc/avr/5.4.0/../../../../avr/lib/avr51\libc.a(puts.o)
 .data          0x00000000        0x0 c:/program files (x86)/atmel/studio/7.0/toolchain/avr8/avr8-gnu-toolchain/bin/../lib/gcc/avr/5.4.0/../../../../avr/lib/avr51\libc.a(puts.o)
 .bss           0x00000000        0x0 c:/program files (x86)/atmel/studio/7.0/toolchain/avr8/avr8-gnu-toolchain/bin/../lib/gcc/avr/5.4.0/../../../../avr/lib/avr51\libc.a(puts.o)
 .text          0x00000000        0x0 c:/program files (x86)/atmel/studio/7.0/toolchain/avr8/avr8-gnu-toolchain/bin/../lib/gcc/avr/5.4.0/../../../../avr/lib/avr51\libc.a(scanf.o)
 .data          0x00000000        0x0 c:/program files (x86)/atmel/studio/7.0/toolchain/avr8/avr8-gnu-toolchain/bin/../lib/gcc/avr/5.4.0/../../../../avr/lib/avr51\libc.a(scanf.o)
 .bss           0x00000000        0x0 c:/program files (x86)/atmel/studio/7.0/toolchain/avr8/avr8-gnu-toolchain/bin/../lib/gcc/avr/5.4.0/../../../../avr/lib/avr51\libc.a(scanf.o)
 .text          0x00000000        0x0 c:/program files (x86)/atmel/studio/7.0/toolchain/avr8/avr8-gnu-toolchain/bin/../lib/gcc/avr/5.4.0/../../../../avr/lib/avr51\libc.a(sprintf.o)
 .data          0x00000000        0x0 c:/program files (x86)/atmel/studio/7.0/toolchain/avr8/avr8-gnu-toolchain/bin/../lib/gcc/avr/5.4.0/../../../../avr/lib/avr51\libc.a(sprintf.o)
 .bss           0x00000000        0x0 c:/program files (x86)/atmel/studio/7.0/toolchain/avr8/avr8-gnu-toolchain/bin/../lib/gcc/avr/5.4.0/../../../../avr/lib/avr51\libc.a(sprintf.o)
 .text          0x00000000        0x0 c:/program files (x86)/atmel/studio/7.0/toolchain/avr8/avr8-gnu-toolchain/bin/../lib/gcc/avr/5.4.0/../../../../avr/lib/avr51\libc.a(ungetc.o)
 .data          0x00000000        0x0 c:/program files (x86)/atmel/studio/7.0/toolchain/avr8/avr8-gnu-toolchain/bin/../lib/gcc/avr/5.4.0/../../../../avr/lib/avr51\libc.a(ungetc.o)
 .bss           0x00000000        0x0 c:/program files (x86)/atmel/studio/7.0/toolchain/avr8/avr8-gnu-toolchain/bin/../lib/gcc/avr/5.4.0/../../../../avr/lib/avr51\libc.a(ungetc.o)
 .text          0x00000000        0x0 c:/program files (x86)/atmel/studio/7.0/toolchain/avr8/avr8-gnu-toolchain/bin/../lib/gcc/avr/5.4.0/../../../../avr/lib/avr51\libc.a(ultoa_invert.o)
 .data          0x00000000        0x0 c:/program files (x86)/atmel/studio/7.0/toolchain/avr8/avr8-gnu-toolchain/bin/../lib/gcc/avr/5.4.0/../../../../avr/lib/avr51\libc.a(ultoa_invert.o)
 .bss           0x00000000        0x0 c:/program files (x86)/atmel/studio/7.0/toolchain/avr8/avr8-gnu-toolchain/bin/../lib/gcc/avr/5.4.0/../../../../avr/lib/avr51\libc.a(ultoa_invert.o)
 .text          0x00000000        0x0 c:/program files (x86)/atmel/studio/7.0/toolchain/avr8/avr8-gnu-toolchain/bin/../lib/gcc/avr/5.4.0/../../../../avr/lib/avr51\libc.a(cty_isfalse.o)
 .data          0x00000000        0x0 c:/program files (x86)/atmel/studio/7.0/toolchain/avr8/avr8-gnu-toolchain/bin/../lib/gcc/avr/5.4.0/../../../../avr/lib/avr51\libc.a(cty_isfalse.o)
 .bss           0x00000000        0x0 c:/program files (x86)/atmel/studio/7.0/toolchain/avr8/avr8-gnu-toolchain/bin/../lib/gcc/avr/5.4.0/../../../../avr/lib/avr51\libc.a(cty_isfalse.o)

Memory Configuration

Name             Origin             Length             Attributes
text             0x00000000         0x00020000         xr
data             0x00800100         0x0000ff00         rw !x
eeprom           0x00810000         0x00010000         rw !x
fuse             0x00820000         0x00000003         rw !x
lock             0x00830000         0x00000400         rw !x
signature        0x00840000         0x00000400         rw !x
user_signatures  0x00850000         0x00000400         rw !x
*default*        0x00000000         0xffffffff

Linker script and memory map

Address of section .data set to 0x800100
LOAD C:/Program Files (x86)/Atmel/Studio/7.0/Packs/atmel/ATmega_DFP/1.2.209/gcc/dev/atmega128/avr51/crtatmega128.o
LOAD lib/M128_Danny_ADC.o
LOAD lib/M128_Danny_SDC.o
LOAD lib/SDC00/ASA_lib_SDC00.o
LOAD lib/SDC00/diskio.o
LOAD lib/SDC00/ff.o
LOAD lib/SDC00/ffunicode_avr.o
LOAD lib/SDC00/mmc_avr_spi.o
LOAD M128_Danny_Timer.o
LOAD main.o
START GROUP
LOAD c:/program files (x86)/atmel/studio/7.0/toolchain/avr8/avr8-gnu-toolchain/bin/../lib/gcc/avr/5.4.0/../../../../avr/lib/avr51\libm.a
LOAD c:/program files (x86)/atmel/studio/7.0/toolchain/avr8/avr8-gnu-toolchain/bin/../lib/gcc/avr/5.4.0/../../../../avr/lib/avr51\libprintf_flt.a
LOAD c:/program files (x86)/atmel/studio/7.0/toolchain/avr8/avr8-gnu-toolchain/bin/../lib/gcc/avr/5.4.0/../../../../avr/lib/avr51\libscanf_flt.a
END GROUP
LOAD C:\Users\zxpay\Desktop\Interface\Experiment\Experiment4\exp4_1\exp4_1\ASA_Lib.o
START GROUP
LOAD c:/program files (x86)/atmel/studio/7.0/toolchain/avr8/avr8-gnu-toolchain/bin/../lib/gcc/avr/5.4.0/avr51\libgcc.a
LOAD c:/program files (x86)/atmel/studio/7.0/toolchain/avr8/avr8-gnu-toolchain/bin/../lib/gcc/avr/5.4.0/../../../../avr/lib/avr51\libm.a
LOAD c:/program files (x86)/atmel/studio/7.0/toolchain/avr8/avr8-gnu-toolchain/bin/../lib/gcc/avr/5.4.0/../../../../avr/lib/avr51\libc.a
LOAD C:/Program Files (x86)/Atmel/Studio/7.0/Packs/atmel/ATmega_DFP/1.2.209/gcc/dev/atmega128/avr51\libatmega128.a
END GROUP
                0x00020000                __TEXT_REGION_LENGTH__ = DEFINED (__TEXT_REGION_LENGTH__)?__TEXT_REGION_LENGTH__:0x20000
                0x0000ff00                __DATA_REGION_LENGTH__ = DEFINED (__DATA_REGION_LENGTH__)?__DATA_REGION_LENGTH__:0xff00
                0x00010000                __EEPROM_REGION_LENGTH__ = DEFINED (__EEPROM_REGION_LENGTH__)?__EEPROM_REGION_LENGTH__:0x10000
                [0x00000003]                __FUSE_REGION_LENGTH__ = DEFINED (__FUSE_REGION_LENGTH__)?__FUSE_REGION_LENGTH__:0x400
                0x00000400                __LOCK_REGION_LENGTH__ = DEFINED (__LOCK_REGION_LENGTH__)?__LOCK_REGION_LENGTH__:0x400
                0x00000400                __SIGNATURE_REGION_LENGTH__ = DEFINED (__SIGNATURE_REGION_LENGTH__)?__SIGNATURE_REGION_LENGTH__:0x400
                0x00000400                __USER_SIGNATURE_REGION_LENGTH__ = DEFINED (__USER_SIGNATURE_REGION_LENGTH__)?__USER_SIGNATURE_REGION_LENGTH__:0x400

.hash
 *(.hash)

.dynsym
 *(.dynsym)

.dynstr
 *(.dynstr)

.gnu.version
 *(.gnu.version)

.gnu.version_d
 *(.gnu.version_d)

.gnu.version_r
 *(.gnu.version_r)

.rel.init
 *(.rel.init)

.rela.init
 *(.rela.init)

.rel.text
 *(.rel.text)
 *(.rel.text.*)
 *(.rel.gnu.linkonce.t*)

.rela.text
 *(.rela.text)
 *(.rela.text.*)
 *(.rela.gnu.linkonce.t*)

.rel.fini
 *(.rel.fini)

.rela.fini
 *(.rela.fini)

.rel.rodata
 *(.rel.rodata)
 *(.rel.rodata.*)
 *(.rel.gnu.linkonce.r*)

.rela.rodata
 *(.rela.rodata)
 *(.rela.rodata.*)
 *(.rela.gnu.linkonce.r*)

.rel.data
 *(.rel.data)
 *(.rel.data.*)
 *(.rel.gnu.linkonce.d*)

.rela.data
 *(.rela.data)
 *(.rela.data.*)
 *(.rela.gnu.linkonce.d*)

.rel.ctors
 *(.rel.ctors)

.rela.ctors
 *(.rela.ctors)

.rel.dtors
 *(.rel.dtors)

.rela.dtors
 *(.rela.dtors)

.rel.got
 *(.rel.got)

.rela.got
 *(.rela.got)

.rel.bss
 *(.rel.bss)

.rela.bss
 *(.rela.bss)

.rel.plt
 *(.rel.plt)

.rela.plt
 *(.rela.plt)

.text           0x00000000     0x694a
 *(.vectors)
 .vectors       0x00000000       0x8c C:/Program Files (x86)/Atmel/Studio/7.0/Packs/atmel/ATmega_DFP/1.2.209/gcc/dev/atmega128/avr51/crtatmega128.o
                0x00000000                __vector_default
                0x00000000                __vectors
 *(.vectors)
 *(.progmem.gcc*)
 .progmem.gcc_sw_table.ascii2num
                0x0000008c       0x12 lib/M128_Danny_SDC.o
 .progmem.gcc_sw_table.mmc_disk_ioctl
                0x0000009e       0x74 lib/SDC00/mmc_avr_spi.o
 .progmem.gcc_fplib
                0x00000112       0x1e c:/program files (x86)/atmel/studio/7.0/toolchain/avr8/avr8-gnu-toolchain/bin/../lib/gcc/avr/5.4.0/../../../../avr/lib/avr51\libm.a(fp_sinus.o)
                0x00000130                . = ALIGN (0x2)
                0x00000130                __trampolines_start = .
 *(.trampolines)
 .trampolines   0x00000130        0x0 linker stubs
 *(.trampolines*)
                0x00000130                __trampolines_end = .
 *libprintf_flt.a:*(.progmem.data)
 .progmem.data  0x00000130        0x8 c:/program files (x86)/atmel/studio/7.0/toolchain/avr8/avr8-gnu-toolchain/bin/../lib/gcc/avr/5.4.0/../../../../avr/lib/avr51\libprintf_flt.a(vfprintf_flt.o)
 *libc.a:*(.progmem.data)
 .progmem.data  0x00000138       0xfa c:/program files (x86)/atmel/studio/7.0/toolchain/avr8/avr8-gnu-toolchain/bin/../lib/gcc/avr/5.4.0/../../../../avr/lib/avr51\libc.a(ftoa_engine.o)
 *(.progmem*)
 .progmem.data  0x00000232       0x4d c:/program files (x86)/atmel/studio/7.0/toolchain/avr8/avr8-gnu-toolchain/bin/../lib/gcc/avr/5.4.0/../../../../avr/lib/avr51\libscanf_flt.a(vfscanf_flt.o)
                0x00000280                . = ALIGN (0x2)
 *fill*         0x0000027f        0x1 
 *(.jumptables)
 *(.jumptables*)
 *(.lowtext)
 *(.lowtext*)
                0x00000280                __ctors_start = .
 *(.ctors)
                0x00000280                __ctors_end = .
                0x00000280                __dtors_start = .
 *(.dtors)
                0x00000280                __dtors_end = .
 SORT(*)(.ctors)
 SORT(*)(.dtors)
 *(.init0)
 .init0         0x00000280        0x0 C:/Program Files (x86)/Atmel/Studio/7.0/Packs/atmel/ATmega_DFP/1.2.209/gcc/dev/atmega128/avr51/crtatmega128.o
                0x00000280                __init
 *(.init0)
 *(.init1)
 *(.init1)
 *(.init2)
 .init2         0x00000280        0xc C:/Program Files (x86)/Atmel/Studio/7.0/Packs/atmel/ATmega_DFP/1.2.209/gcc/dev/atmega128/avr51/crtatmega128.o
 *(.init2)
 *(.init3)
 *(.init3)
 *(.init4)
 .init4         0x0000028c       0x1a c:/program files (x86)/atmel/studio/7.0/toolchain/avr8/avr8-gnu-toolchain/bin/../lib/gcc/avr/5.4.0/avr51\libgcc.a(_copy_data.o)
                0x0000028c                __do_copy_data
 .init4         0x000002a6       0x10 c:/program files (x86)/atmel/studio/7.0/toolchain/avr8/avr8-gnu-toolchain/bin/../lib/gcc/avr/5.4.0/avr51\libgcc.a(_clear_bss.o)
                0x000002a6                __do_clear_bss
 *(.init4)
 *(.init5)
 *(.init5)
 *(.init6)
 *(.init6)
 *(.init7)
 *(.init7)
 *(.init8)
 *(.init8)
 *(.init9)
 .init9         0x000002b6        0x8 C:/Program Files (x86)/Atmel/Studio/7.0/Packs/atmel/ATmega_DFP/1.2.209/gcc/dev/atmega128/avr51/crtatmega128.o
 *(.init9)
 *(.text)
 .text          0x000002be        0x2 C:/Program Files (x86)/Atmel/Studio/7.0/Packs/atmel/ATmega_DFP/1.2.209/gcc/dev/atmega128/avr51/crtatmega128.o
                0x000002be                __vector_22
                0x000002be                __vector_28
                0x000002be                __vector_1
                0x000002be                __vector_32
                0x000002be                __vector_34
                0x000002be                __vector_24
                0x000002be                __vector_12
                0x000002be                __bad_interrupt
                0x000002be                __vector_6
                0x000002be                __vector_31
                0x000002be                __vector_3
                0x000002be                __vector_23
                0x000002be                __vector_30
                0x000002be                __vector_25
                0x000002be                __vector_11
                0x000002be                __vector_13
                0x000002be                __vector_17
                0x000002be                __vector_19
                0x000002be                __vector_7
                0x000002be                __vector_27
                0x000002be                __vector_5
                0x000002be                __vector_33
                0x000002be                __vector_4
                0x000002be                __vector_9
                0x000002be                __vector_2
                0x000002be                __vector_21
                0x000002be                __vector_29
                0x000002be                __vector_8
                0x000002be                __vector_26
                0x000002be                __vector_14
                0x000002be                __vector_10
                0x000002be                __vector_16
                0x000002be                __vector_18
                0x000002be                __vector_20
 .text          0x000002c0      0x33e C:\Users\zxpay\Desktop\Interface\Experiment\Experiment4\exp4_1\exp4_1\ASA_Lib.o(ASA_Lib_M128_HMI.o)
                0x000002c0                uart_put
                0x000002c8                uart_get
                0x000002d0                M128_HMI_set
                0x000002fc                HMI_timeout_set
                0x0000033a                M128_HMI_put
                0x0000039e                M128_HMI_get
                0x00000426                stdio_putchar
                0x00000440                stdio_getchar
                0x00000456                ASA_M128_set
                0x00000486                M128_HMI_Form_get
                0x00000552                M128_HMI_Form_put
                0x000005fe                . = ALIGN (0x2)
 *(.text.*)
 .text.initBuffer
                0x000005fe        0x8 lib/M128_Danny_SDC.o
                0x000005fe                initBuffer
 .text.setSDCRead
                0x00000606       0x12 lib/M128_Danny_SDC.o
                0x00000606                setSDCRead
 .text.getSDCData
                0x00000618        0xc lib/M128_Danny_SDC.o
                0x00000618                getSDCData
 .text.closeSDC
                0x00000624       0x2e lib/M128_Danny_SDC.o
                0x00000624                closeSDC
 .text.setSDCName
                0x00000652       0x20 lib/M128_Danny_SDC.o
                0x00000652                setSDCName
 .text.getBufferSizeUseCRLF
                0x00000672       0x4c lib/M128_Danny_SDC.o
                0x00000672                getBufferSizeUseCRLF
 .text.ascii2num
                0x000006be       0x50 lib/M128_Danny_SDC.o
                0x000006be                ascii2num
 .text.ASA_SDC00_Select
                0x0000070e       0x32 lib/SDC00/ASA_lib_SDC00.o
                0x0000070e                ASA_SDC00_Select
 .text.ASA_SDC00_Deselect
                0x00000740       0x20 lib/SDC00/ASA_lib_SDC00.o
                0x00000740                ASA_SDC00_Deselect
 .text.ASA_SDC00_Init
                0x00000760       0x96 lib/SDC00/ASA_lib_SDC00.o
                0x00000760                ASA_SDC00_Init
 .text.ASA_SDC00_set
                0x000007f6      0x14e lib/SDC00/ASA_lib_SDC00.o
                0x000007f6                ASA_SDC00_set
 .text.ASA_SDC00_put
                0x00000944      0x230 lib/SDC00/ASA_lib_SDC00.o
                0x00000944                ASA_SDC00_put
 .text.check_info
                0x00000b74       0x6c lib/SDC00/ASA_lib_SDC00.o
                0x00000b74                check_info
 .text.ASA_SDC00_get
                0x00000be0      0x15c lib/SDC00/ASA_lib_SDC00.o
                0x00000be0                ASA_SDC00_get
 .text.disk_status
                0x00000d3c        0xe lib/SDC00/diskio.o
                0x00000d3c                disk_status
 .text.disk_initialize
                0x00000d4a        0xe lib/SDC00/diskio.o
                0x00000d4a                disk_initialize
 .text.disk_read
                0x00000d58       0x20 lib/SDC00/diskio.o
                0x00000d58                disk_read
 .text.disk_write
                0x00000d78       0x20 lib/SDC00/diskio.o
                0x00000d78                disk_write
 .text.disk_ioctl
                0x00000d98       0x12 lib/SDC00/diskio.o
                0x00000d98                disk_ioctl
 .text.ld_dword
                0x00000daa       0x36 lib/SDC00/ff.o
 .text.mem_cpy  0x00000de0       0x1c lib/SDC00/ff.o
 .text.mem_set  0x00000dfc       0x10 lib/SDC00/ff.o
 .text.mem_cmp  0x00000e0c       0x1c lib/SDC00/ff.o
 .text.dbc_2nd  0x00000e28       0x26 lib/SDC00/ff.o
 .text.clst2sect
                0x00000e4e       0x50 lib/SDC00/ff.o
 .text.get_fileinfo
                0x00000e9e       0xac lib/SDC00/ff.o
 .text.get_ldnumber
                0x00000f4a       0x78 lib/SDC00/ff.o
 .text.validate
                0x00000fc2       0x58 lib/SDC00/ff.o
 .text.sync_window
                0x0000101a       0xb0 lib/SDC00/ff.o
 .text.move_window
                0x000010ca       0x78 lib/SDC00/ff.o
 .text.dir_clear
                0x00001142       0xbc lib/SDC00/ff.o
 .text.sync_fs  0x000011fe       0xe4 lib/SDC00/ff.o
 .text.put_fat  0x000012e2      0x238 lib/SDC00/ff.o
 .text.st_clust
                0x0000151a       0x1a lib/SDC00/ff.o
 .text.get_fat  0x00001534      0x1b4 lib/SDC00/ff.o
 .text.dir_sdi  0x000016e8      0x1d2 lib/SDC00/ff.o
 .text.create_chain
                0x000018ba      0x2c2 lib/SDC00/ff.o
 .text.remove_chain
                0x00001b7c      0x124 lib/SDC00/ff.o
 .text.dir_next
                0x00001ca0      0x1ec lib/SDC00/ff.o
 .text.dir_alloc
                0x00001e8c       0x7a lib/SDC00/ff.o
 .text.dir_register
                0x00001f06       0x64 lib/SDC00/ff.o
 .text.check_fs
                0x00001f6a       0x94 lib/SDC00/ff.o
 .text.find_volume
                0x00001ffe      0x68e lib/SDC00/ff.o
 .text.ld_clust
                0x0000268c       0x44 lib/SDC00/ff.o
 .text.follow_path
                0x000026d0      0x3c2 lib/SDC00/ff.o
 .text.f_mount  0x00002a92       0x8a lib/SDC00/ff.o
                0x00002a92                f_mount
 .text.f_open   0x00002b1c      0x362 lib/SDC00/ff.o
                0x00002b1c                f_open
 .text.f_read   0x00002e7e      0x2c6 lib/SDC00/ff.o
                0x00002e7e                f_read
 .text.f_write  0x00003144      0x39a lib/SDC00/ff.o
                0x00003144                f_write
 .text.f_sync   0x000034de       0xac lib/SDC00/ff.o
                0x000034de                f_sync
 .text.f_close  0x0000358a       0x3a lib/SDC00/ff.o
                0x0000358a                f_close
 .text.f_chdir  0x000035c4       0xaa lib/SDC00/ff.o
                0x000035c4                f_chdir
 .text.f_lseek  0x0000366e      0x364 lib/SDC00/ff.o
                0x0000366e                f_lseek
 .text.f_stat   0x000039d2       0x7c lib/SDC00/ff.o
                0x000039d2                f_stat
 .text.f_mkdir  0x00003a4e      0x212 lib/SDC00/ff.o
                0x00003a4e                f_mkdir
 .text.xchg_spi
                0x00003c60        0xa lib/SDC00/mmc_avr_spi.o
 .text.wait_ready
                0x00003c6a       0x98 lib/SDC00/mmc_avr_spi.o
 .text.deselect
                0x00003d02       0x10 lib/SDC00/mmc_avr_spi.o
 .text.select   0x00003d12       0x2e lib/SDC00/mmc_avr_spi.o
 .text.rcvr_datablock
                0x00003d40       0xd2 lib/SDC00/mmc_avr_spi.o
 .text.xmit_datablock
                0x00003e12       0x68 lib/SDC00/mmc_avr_spi.o
 .text.send_cmd
                0x00003e7a       0xac lib/SDC00/mmc_avr_spi.o
 .text.mmc_disk_initialize
                0x00003f26      0x2d0 lib/SDC00/mmc_avr_spi.o
                0x00003f26                mmc_disk_initialize
 .text.mmc_disk_status
                0x000041f6        0x6 lib/SDC00/mmc_avr_spi.o
                0x000041f6                mmc_disk_status
 .text.mmc_disk_read
                0x000041fc       0x94 lib/SDC00/mmc_avr_spi.o
                0x000041fc                mmc_disk_read
 .text.mmc_disk_write
                0x00004290       0xd2 lib/SDC00/mmc_avr_spi.o
                0x00004290                mmc_disk_write
 .text.mmc_disk_ioctl
                0x00004362      0x692 lib/SDC00/mmc_avr_spi.o
                0x00004362                mmc_disk_ioctl
 .text.openTimer0
                0x000049f4        0xa M128_Danny_Timer.o
                0x000049f4                openTimer0
 .text.getTimer0PrescalerLevel
                0x000049fe       0x5a M128_Danny_Timer.o
                0x000049fe                getTimer0PrescalerLevel
 .text.setTimer0_CompareInterrupt
                0x00004a58       0x22 M128_Danny_Timer.o
                0x00004a58                setTimer0_CompareInterrupt
 .text.getTimer123PrescalerLevel
                0x00004a7a       0x44 M128_Danny_Timer.o
                0x00004a7a                getTimer123PrescalerLevel
 .text.setTimerPrescaler
                0x00004abe       0x7a M128_Danny_Timer.o
                0x00004abe                setTimerPrescaler
 .text.setPWMTimer1Channel
                0x00004b38       0x3c M128_Danny_Timer.o
                0x00004b38                setPWMTimer1Channel
 .text.setTimer1Mode
                0x00004b74       0x3c M128_Danny_Timer.o
                0x00004b74                setTimer1Mode
 .text.setPWMFrequency
                0x00004bb0       0x3a M128_Danny_Timer.o
                0x00004bb0                setPWMFrequency
 .text.setPWMDutyCycle
                0x00004bea       0xa6 M128_Danny_Timer.o
                0x00004bea                setPWMDutyCycle
 .text.__vector_15
                0x00004c90       0x96 main.o
                0x00004c90                __vector_15
 .text.main     0x00004d26      0x24a main.o
                0x00004d26                main
 .text.avr-libc.fplib
                0x00004f70        0xa c:/program files (x86)/atmel/studio/7.0/toolchain/avr8/avr8-gnu-toolchain/bin/../lib/gcc/avr/5.4.0/../../../../avr/lib/avr51\libm.a(addsf3.o)
                0x00004f70                __subsf3
                0x00004f72                __addsf3
 .text.avr-libc.fplib
                0x00004f7a       0xc0 c:/program files (x86)/atmel/studio/7.0/toolchain/avr8/avr8-gnu-toolchain/bin/../lib/gcc/avr/5.4.0/../../../../avr/lib/avr51\libm.a(addsf3x.o)
                0x00004f94                __addsf3x
 .text.avr-libc.fplib
                0x0000503a        0x4 c:/program files (x86)/atmel/studio/7.0/toolchain/avr8/avr8-gnu-toolchain/bin/../lib/gcc/avr/5.4.0/../../../../avr/lib/avr51\libm.a(divsf3.o)
                0x0000503a                __divsf3
 .text.avr-libc.fplib
                0x0000503e       0xcc c:/program files (x86)/atmel/studio/7.0/toolchain/avr8/avr8-gnu-toolchain/bin/../lib/gcc/avr/5.4.0/../../../../avr/lib/avr51\libm.a(divsf3x.o)
                0x00005054                __divsf3x
                0x00005058                __divsf3_pse
 .text.avr-libc.fplib
                0x0000510a        0xa c:/program files (x86)/atmel/studio/7.0/toolchain/avr8/avr8-gnu-toolchain/bin/../lib/gcc/avr/5.4.0/../../../../avr/lib/avr51\libm.a(fixsfsi.o)
                0x0000510a                __fixsfsi
 .text.avr-libc.fplib
                0x00005114       0x58 c:/program files (x86)/atmel/studio/7.0/toolchain/avr8/avr8-gnu-toolchain/bin/../lib/gcc/avr/5.4.0/../../../../avr/lib/avr51\libm.a(fixunssfsi.o)
                0x00005114                __fixunssfsi
 .text.avr-libc.fplib
                0x0000516c       0x7a c:/program files (x86)/atmel/studio/7.0/toolchain/avr8/avr8-gnu-toolchain/bin/../lib/gcc/avr/5.4.0/../../../../avr/lib/avr51\libm.a(floatsisf.o)
                0x0000516c                __floatunsisf
                0x00005170                __floatsisf
 .text.avr-libc.fplib
                0x000051e6        0xc c:/program files (x86)/atmel/studio/7.0/toolchain/avr8/avr8-gnu-toolchain/bin/../lib/gcc/avr/5.4.0/../../../../avr/lib/avr51\libm.a(fp_inf.o)
                0x000051e6                __fp_inf
 .text.avr-libc.fplib
                0x000051f2        0x6 c:/program files (x86)/atmel/studio/7.0/toolchain/avr8/avr8-gnu-toolchain/bin/../lib/gcc/avr/5.4.0/../../../../avr/lib/avr51\libm.a(fp_nan.o)
                0x000051f2                __fp_nan
 .text.avr-libc.fplib
                0x000051f8        0xe c:/program files (x86)/atmel/studio/7.0/toolchain/avr8/avr8-gnu-toolchain/bin/../lib/gcc/avr/5.4.0/../../../../avr/lib/avr51\libm.a(fp_pscA.o)
                0x000051f8                __fp_pscA
 .text.avr-libc.fplib
                0x00005206        0xe c:/program files (x86)/atmel/studio/7.0/toolchain/avr8/avr8-gnu-toolchain/bin/../lib/gcc/avr/5.4.0/../../../../avr/lib/avr51\libm.a(fp_pscB.o)
                0x00005206                __fp_pscB
 .text.avr-libc.fplib
                0x00005214       0x22 c:/program files (x86)/atmel/studio/7.0/toolchain/avr8/avr8-gnu-toolchain/bin/../lib/gcc/avr/5.4.0/../../../../avr/lib/avr51\libm.a(fp_round.o)
                0x00005214                __fp_round
 .text.avr-libc.fplib
                0x00005236       0x44 c:/program files (x86)/atmel/studio/7.0/toolchain/avr8/avr8-gnu-toolchain/bin/../lib/gcc/avr/5.4.0/../../../../avr/lib/avr51\libm.a(fp_split3.o)
                0x00005236                __fp_split3
                0x00005246                __fp_splitA
 .text.avr-libc.fplib
                0x0000527a        0xe c:/program files (x86)/atmel/studio/7.0/toolchain/avr8/avr8-gnu-toolchain/bin/../lib/gcc/avr/5.4.0/../../../../avr/lib/avr51\libm.a(fp_zero.o)
                0x0000527a                __fp_zero
                0x0000527c                __fp_szero
 .text.avr-libc.fplib
                0x00005288        0x4 c:/program files (x86)/atmel/studio/7.0/toolchain/avr8/avr8-gnu-toolchain/bin/../lib/gcc/avr/5.4.0/../../../../avr/lib/avr51\libm.a(mulsf3.o)
                0x00005288                __mulsf3
 .text.avr-libc.fplib
                0x0000528c       0xc2 c:/program files (x86)/atmel/studio/7.0/toolchain/avr8/avr8-gnu-toolchain/bin/../lib/gcc/avr/5.4.0/../../../../avr/lib/avr51\libm.a(mulsf3x.o)
                0x000052a0                __mulsf3x
                0x000052a4                __mulsf3_pse
 .text.avr-libc.fplib
                0x0000534e        0xc c:/program files (x86)/atmel/studio/7.0/toolchain/avr8/avr8-gnu-toolchain/bin/../lib/gcc/avr/5.4.0/../../../../avr/lib/avr51\libm.a(sin.o)
                0x0000534e                sin
 .text.avr-libc.fplib
                0x0000535a       0x50 c:/program files (x86)/atmel/studio/7.0/toolchain/avr8/avr8-gnu-toolchain/bin/../lib/gcc/avr/5.4.0/../../../../avr/lib/avr51\libm.a(fp_rempio2.o)
                0x0000535c                __fp_rempio2
 .text.avr-libc.fplib
                0x000053aa       0x22 c:/program files (x86)/atmel/studio/7.0/toolchain/avr8/avr8-gnu-toolchain/bin/../lib/gcc/avr/5.4.0/../../../../avr/lib/avr51\libm.a(fp_sinus.o)
                0x000053aa                __fp_sinus
 .text.avr-libc.fplib
                0x000053cc       0x1c c:/program files (x86)/atmel/studio/7.0/toolchain/avr8/avr8-gnu-toolchain/bin/../lib/gcc/avr/5.4.0/../../../../avr/lib/avr51\libm.a(fp_mpack.o)
                0x000053cc                __fp_mpack
                0x000053d0                __fp_mpack_finite
 .text.avr-libc.fplib
                0x000053e8       0x22 c:/program files (x86)/atmel/studio/7.0/toolchain/avr8/avr8-gnu-toolchain/bin/../lib/gcc/avr/5.4.0/../../../../avr/lib/avr51\libm.a(fp_powsodd.o)
                0x000053e8                __fp_powsodd
 .text.avr-libc.fplib
                0x0000540a       0x4a c:/program files (x86)/atmel/studio/7.0/toolchain/avr8/avr8-gnu-toolchain/bin/../lib/gcc/avr/5.4.0/../../../../avr/lib/avr51\libm.a(fp_powser.o)
                0x0000540a                __fp_powser
 .text.avr-libc
                0x00005454      0x714 c:/program files (x86)/atmel/studio/7.0/toolchain/avr8/avr8-gnu-toolchain/bin/../lib/gcc/avr/5.4.0/../../../../avr/lib/avr51\libprintf_flt.a(vfprintf_flt.o)
                0x00005454                vfprintf
 .text.avr-libc
                0x00005b68      0x850 c:/program files (x86)/atmel/studio/7.0/toolchain/avr8/avr8-gnu-toolchain/bin/../lib/gcc/avr/5.4.0/../../../../avr/lib/avr51\libscanf_flt.a(vfscanf_flt.o)
                0x0000614e                vfscanf
 .text.libgcc.div
                0x000063b8       0x44 c:/program files (x86)/atmel/studio/7.0/toolchain/avr8/avr8-gnu-toolchain/bin/../lib/gcc/avr/5.4.0/avr51\libgcc.a(_udivmodsi4.o)
                0x000063b8                __udivmodsi4
 .text.libgcc   0x000063fc       0x12 c:/program files (x86)/atmel/studio/7.0/toolchain/avr8/avr8-gnu-toolchain/bin/../lib/gcc/avr/5.4.0/avr51\libgcc.a(_tablejump2.o)
                0x000063fc                __tablejump2__
 .text.libgcc.mul
                0x0000640e       0x14 c:/program files (x86)/atmel/studio/7.0/toolchain/avr8/avr8-gnu-toolchain/bin/../lib/gcc/avr/5.4.0/avr51\libgcc.a(_muluhisi3.o)
                0x0000640e                __muluhisi3
 .text.libgcc.mul
                0x00006422       0x1e c:/program files (x86)/atmel/studio/7.0/toolchain/avr8/avr8-gnu-toolchain/bin/../lib/gcc/avr/5.4.0/avr51\libgcc.a(_umulhisi3.o)
                0x00006422                __umulhisi3
 .text.avr-libc
                0x00006440      0x1b0 c:/program files (x86)/atmel/studio/7.0/toolchain/avr8/avr8-gnu-toolchain/bin/../lib/gcc/avr/5.4.0/../../../../avr/lib/avr51\libc.a(ftoa_engine.o)
                0x00006440                __ftoa_engine
 .text.avr-libc
                0x000065f0       0x10 c:/program files (x86)/atmel/studio/7.0/toolchain/avr8/avr8-gnu-toolchain/bin/../lib/gcc/avr/5.4.0/../../../../avr/lib/avr51\libc.a(isspace.o)
                0x000065f0                isspace
 .text.avr-libc
                0x00006600       0x10 c:/program files (x86)/atmel/studio/7.0/toolchain/avr8/avr8-gnu-toolchain/bin/../lib/gcc/avr/5.4.0/../../../../avr/lib/avr51\libc.a(tolower.o)
                0x00006600                tolower
 .text.avr-libc
                0x00006610       0x16 c:/program files (x86)/atmel/studio/7.0/toolchain/avr8/avr8-gnu-toolchain/bin/../lib/gcc/avr/5.4.0/../../../../avr/lib/avr51\libc.a(strchr_P.o)
                0x00006610                strchr_P
 .text.avr-libc
                0x00006626       0x16 c:/program files (x86)/atmel/studio/7.0/toolchain/avr8/avr8-gnu-toolchain/bin/../lib/gcc/avr/5.4.0/../../../../avr/lib/avr51\libc.a(strnlen_P.o)
                0x00006626                strnlen_P
 .text.avr-libc
                0x0000663c       0x16 c:/program files (x86)/atmel/studio/7.0/toolchain/avr8/avr8-gnu-toolchain/bin/../lib/gcc/avr/5.4.0/../../../../avr/lib/avr51\libc.a(strnlen.o)
                0x0000663c                strnlen
 .text.avr-libc
                0x00006652       0x7c c:/program files (x86)/atmel/studio/7.0/toolchain/avr8/avr8-gnu-toolchain/bin/../lib/gcc/avr/5.4.0/../../../../avr/lib/avr51\libc.a(fgetc.o)
                0x00006652                fgetc
 .text.avr-libc
                0x000066ce       0x78 c:/program files (x86)/atmel/studio/7.0/toolchain/avr8/avr8-gnu-toolchain/bin/../lib/gcc/avr/5.4.0/../../../../avr/lib/avr51\libc.a(fputc.o)
                0x000066ce                fputc
 .text.avr-libc
                0x00006746       0x28 c:/program files (x86)/atmel/studio/7.0/toolchain/avr8/avr8-gnu-toolchain/bin/../lib/gcc/avr/5.4.0/../../../../avr/lib/avr51\libc.a(printf.o)
                0x00006746                printf
 .text.avr-libc
                0x0000676e       0x60 c:/program files (x86)/atmel/studio/7.0/toolchain/avr8/avr8-gnu-toolchain/bin/../lib/gcc/avr/5.4.0/../../../../avr/lib/avr51\libc.a(puts.o)
                0x0000676e                puts
 .text.avr-libc
                0x000067ce       0x26 c:/program files (x86)/atmel/studio/7.0/toolchain/avr8/avr8-gnu-toolchain/bin/../lib/gcc/avr/5.4.0/../../../../avr/lib/avr51\libc.a(scanf.o)
                0x000067ce                scanf
 .text.avr-libc
                0x000067f4       0x5e c:/program files (x86)/atmel/studio/7.0/toolchain/avr8/avr8-gnu-toolchain/bin/../lib/gcc/avr/5.4.0/../../../../avr/lib/avr51\libc.a(sprintf.o)
                0x000067f4                sprintf
 .text.avr-libc
                0x00006852       0x32 c:/program files (x86)/atmel/studio/7.0/toolchain/avr8/avr8-gnu-toolchain/bin/../lib/gcc/avr/5.4.0/../../../../avr/lib/avr51\libc.a(ungetc.o)
                0x00006852                ungetc
 .text.avr-libc
                0x00006884       0xbc c:/program files (x86)/atmel/studio/7.0/toolchain/avr8/avr8-gnu-toolchain/bin/../lib/gcc/avr/5.4.0/../../../../avr/lib/avr51\libc.a(ultoa_invert.o)
                0x00006884                __ultoa_invert
 .text.avr-libc
                0x00006940        0x6 c:/program files (x86)/atmel/studio/7.0/toolchain/avr8/avr8-gnu-toolchain/bin/../lib/gcc/avr/5.4.0/../../../../avr/lib/avr51\libc.a(cty_isfalse.o)
                0x00006940                __ctype_isfalse
                0x00006944                __ctype_istrue
                0x00006946                . = ALIGN (0x2)
 *(.fini9)
 .fini9         0x00006946        0x0 c:/program files (x86)/atmel/studio/7.0/toolchain/avr8/avr8-gnu-toolchain/bin/../lib/gcc/avr/5.4.0/avr51\libgcc.a(_exit.o)
                0x00006946                _exit
                0x00006946                exit
 *(.fini9)
 *(.fini8)
 *(.fini8)
 *(.fini7)
 *(.fini7)
 *(.fini6)
 *(.fini6)
 *(.fini5)
 *(.fini5)
 *(.fini4)
 *(.fini4)
 *(.fini3)
 *(.fini3)
 *(.fini2)
 *(.fini2)
 *(.fini1)
 *(.fini1)
 *(.fini0)
 .fini0         0x00006946        0x4 c:/program files (x86)/atmel/studio/7.0/toolchain/avr8/avr8-gnu-toolchain/bin/../lib/gcc/avr/5.4.0/avr51\libgcc.a(_exit.o)
 *(.fini0)
                0x0000694a                _etext = .

.data           0x00800100      0x19c load address 0x0000694a
                0x00800100                PROVIDE (__data_start, .)
 *(.data)
 .data          0x00800100       0x13 C:\Users\zxpay\Desktop\Interface\Experiment\Experiment4\exp4_1\exp4_1\ASA_Lib.o(ASA_Lib_M128_HMI.o)
                0x00800100                Timeout
                0x00800104                TimeoutMode
 *(.data*)
 .data.ASA_SDC00_ID
                0x00800113        0x1 lib/SDC00/ASA_lib_SDC00.o
                0x00800113                ASA_SDC00_ID
 .data.ASA_DATA_Dir
                0x00800114        0x9 lib/SDC00/ASA_lib_SDC00.o
                0x00800114                ASA_DATA_Dir
 .data.Stat     0x0080011d        0x1 lib/SDC00/mmc_avr_spi.o
 *(.gnu.linkonce.d*)
 *(.rodata)
 *(.rodata*)
 .rodata.str1.1
                0x0080011e       0x7e lib/M128_Danny_SDC.o
 .rodata.str1.1
                0x0080019c       0x12 lib/SDC00/ASA_lib_SDC00.o
                                 0x13 (size before relaxing)
 .rodata.str1.1
                0x008001ae       0x4d lib/SDC00/ff.o
 .rodata.str1.1
                0x008001fb       0x7c M128_Danny_Timer.o
 .rodata.str1.1
                0x00800277       0x24 main.o
                                 0x2a (size before relaxing)
 *(.gnu.linkonce.r*)
                0x0080029c                . = ALIGN (0x2)
 *fill*         0x0080029b        0x1 
                0x0080029c                _edata = .
                0x0080029c                PROVIDE (__data_end, .)

.bss            0x0080029c      0xcd5
                0x0080029c                PROVIDE (__bss_start, .)
 *(.bss)
 *(.bss*)
 .bss.fno.2231  0x0080029c       0x16 lib/SDC00/ASA_lib_SDC00.o
 .bss.name_ext_buffer.2193
                0x008002b2        0x3 lib/SDC00/ASA_lib_SDC00.o
 .bss.name_buffer.2192
                0x008002b5        0x8 lib/SDC00/ASA_lib_SDC00.o
 .bss.SDC_Init_Success_Flag
                0x008002bd        0x1 lib/SDC00/ASA_lib_SDC00.o
 .bss.is_file_extcheck
                0x008002be        0x1 lib/SDC00/ASA_lib_SDC00.o
                0x008002be                is_file_extcheck
 .bss.SDC_State
                0x008002bf        0x1 lib/SDC00/ASA_lib_SDC00.o
                0x008002bf                SDC_State
 .bss.CurrVol   0x008002c0        0x1 lib/SDC00/ff.o
 .bss.Fsid      0x008002c1        0x2 lib/SDC00/ff.o
 .bss.FatFs     0x008002c3        0x4 lib/SDC00/ff.o
 .bss.CardType  0x008002c7        0x1 lib/SDC00/mmc_avr_spi.o
 .bss.Timer2    0x008002c8        0x4 lib/SDC00/mmc_avr_spi.o
 .bss.Timer1    0x008002cc        0x4 lib/SDC00/mmc_avr_spi.o
 .bss.cnt       0x008002d0        0x2 main.o
                0x008002d0                cnt
 *(COMMON)
 COMMON         0x008002d2      0x4bd lib/SDC00/ASA_lib_SDC00.o
                0x008002d2                FatFs
                0x00800738                FileObj
                0x0080075a                DirObj
                0x00800782                FileName
 COMMON         0x0080078f        0xa M128_Danny_Timer.o
                0x0080078f                timerDutyCycle
 COMMON         0x00800799      0x7d2 main.o
                0x00800799                data
                0x00800dd9                SinDataNumbers
                0x00800ddb                sinData
 COMMON         0x00800f6b        0x6 c:/program files (x86)/atmel/studio/7.0/toolchain/avr8/avr8-gnu-toolchain/bin/../lib/gcc/avr/5.4.0/../../../../avr/lib/avr51\libc.a(iob.o)
                0x00800f6b                __iob
                0x00800f71                PROVIDE (__bss_end, .)
                0x0000694a                __data_load_start = LOADADDR (.data)
                0x00006ae6                __data_load_end = (__data_load_start + SIZEOF (.data))

.noinit         0x00800f71        0x0
                [!provide]                PROVIDE (__noinit_start, .)
 *(.noinit*)
                [!provide]                PROVIDE (__noinit_end, .)
                0x00800f71                _end = .
                [!provide]                PROVIDE (__heap_start, .)

.eeprom         0x00810000        0x0
 *(.eeprom*)
                0x00810000                __eeprom_end = .

.fuse
 *(.fuse)
 *(.lfuse)
 *(.hfuse)
 *(.efuse)

.lock
 *(.lock*)

.signature
 *(.signature*)

.user_signatures
 *(.user_signatures*)

.stab
 *(.stab)

.stabstr
 *(.stabstr)

.stab.excl
 *(.stab.excl)

.stab.exclstr
 *(.stab.exclstr)

.stab.index
 *(.stab.index)

.stab.indexstr
 *(.stab.indexstr)

.comment        0x00000000       0x5c
 *(.comment)
 .comment       0x00000000       0x30 lib/M128_Danny_SDC.o
                                 0x31 (size before relaxing)
 .comment       0x00000030       0x31 lib/SDC00/ASA_lib_SDC00.o
 .comment       0x00000030       0x31 lib/SDC00/diskio.o
 .comment       0x00000030       0x31 lib/SDC00/ff.o
 .comment       0x00000030       0x31 lib/SDC00/mmc_avr_spi.o
 .comment       0x00000030       0x31 M128_Danny_Timer.o
 .comment       0x00000030       0x31 main.o
 .comment       0x00000030       0x2c c:/program files (x86)/atmel/studio/7.0/toolchain/avr8/avr8-gnu-toolchain/bin/../lib/gcc/avr/5.4.0/../../../../avr/lib/avr51\libprintf_flt.a(vfprintf_flt.o)
                                 0x2d (size before relaxing)
 .comment       0x0000005c       0x2d c:/program files (x86)/atmel/studio/7.0/toolchain/avr8/avr8-gnu-toolchain/bin/../lib/gcc/avr/5.4.0/../../../../avr/lib/avr51\libscanf_flt.a(vfscanf_flt.o)
 .comment       0x0000005c       0x31 c:/program files (x86)/atmel/studio/7.0/toolchain/avr8/avr8-gnu-toolchain/bin/../lib/gcc/avr/5.4.0/../../../../avr/lib/avr51\libc.a(fgetc.o)
 .comment       0x0000005c       0x31 c:/program files (x86)/atmel/studio/7.0/toolchain/avr8/avr8-gnu-toolchain/bin/../lib/gcc/avr/5.4.0/../../../../avr/lib/avr51\libc.a(fputc.o)
 .comment       0x0000005c       0x31 c:/program files (x86)/atmel/studio/7.0/toolchain/avr8/avr8-gnu-toolchain/bin/../lib/gcc/avr/5.4.0/../../../../avr/lib/avr51\libc.a(iob.o)
 .comment       0x0000005c       0x31 c:/program files (x86)/atmel/studio/7.0/toolchain/avr8/avr8-gnu-toolchain/bin/../lib/gcc/avr/5.4.0/../../../../avr/lib/avr51\libc.a(printf.o)
 .comment       0x0000005c       0x31 c:/program files (x86)/atmel/studio/7.0/toolchain/avr8/avr8-gnu-toolchain/bin/../lib/gcc/avr/5.4.0/../../../../avr/lib/avr51\libc.a(puts.o)
 .comment       0x0000005c       0x31 c:/program files (x86)/atmel/studio/7.0/toolchain/avr8/avr8-gnu-toolchain/bin/../lib/gcc/avr/5.4.0/../../../../avr/lib/avr51\libc.a(scanf.o)
 .comment       0x0000005c       0x31 c:/program files (x86)/atmel/studio/7.0/toolchain/avr8/avr8-gnu-toolchain/bin/../lib/gcc/avr/5.4.0/../../../../avr/lib/avr51\libc.a(sprintf.o)
 .comment       0x0000005c       0x31 c:/program files (x86)/atmel/studio/7.0/toolchain/avr8/avr8-gnu-toolchain/bin/../lib/gcc/avr/5.4.0/../../../../avr/lib/avr51\libc.a(ungetc.o)

.note.gnu.avr.deviceinfo
                0x00000000       0x3c
 .note.gnu.avr.deviceinfo
                0x00000000       0x3c C:/Program Files (x86)/Atmel/Studio/7.0/Packs/atmel/ATmega_DFP/1.2.209/gcc/dev/atmega128/avr51/crtatmega128.o

.note.gnu.build-id
 *(.note.gnu.build-id)

.debug
 *(.debug)

.line
 *(.line)

.debug_srcinfo
 *(.debug_srcinfo)

.debug_sfnames
 *(.debug_sfnames)

.debug_aranges  0x00000000      0x4c0
 *(.debug_aranges)
 .debug_aranges
                0x00000000       0xb0 lib/M128_Danny_SDC.o
 .debug_aranges
                0x000000b0       0x60 lib/SDC00/ASA_lib_SDC00.o
 .debug_aranges
                0x00000110       0x48 lib/SDC00/diskio.o
 .debug_aranges
                0x00000158      0x1e0 lib/SDC00/ff.o
 .debug_aranges
                0x00000338       0x80 lib/SDC00/mmc_avr_spi.o
 .debug_aranges
                0x000003b8       0xc0 M128_Danny_Timer.o
 .debug_aranges
                0x00000478       0x28 main.o
 .debug_aranges
                0x000004a0       0x20 C:\Users\zxpay\Desktop\Interface\Experiment\Experiment4\exp4_1\exp4_1\ASA_Lib.o(ASA_Lib_M128_HMI.o)

.debug_pubnames
                0x00000000      0x102
 *(.debug_pubnames)
 .debug_pubnames
                0x00000000      0x102 C:\Users\zxpay\Desktop\Interface\Experiment\Experiment4\exp4_1\exp4_1\ASA_Lib.o(ASA_Lib_M128_HMI.o)

.debug_info     0x00000000     0x92f2
 *(.debug_info .gnu.linkonce.wi.*)
 .debug_info    0x00000000      0x780 C:/Program Files (x86)/Atmel/Studio/7.0/Packs/atmel/ATmega_DFP/1.2.209/gcc/dev/atmega128/avr51/crtatmega128.o
 .debug_info    0x00000780      0x8af lib/M128_Danny_SDC.o
 .debug_info    0x0000102f      0xe0d lib/SDC00/ASA_lib_SDC00.o
 .debug_info    0x00001e3c      0x33c lib/SDC00/diskio.o
 .debug_info    0x00002178     0x4ee1 lib/SDC00/ff.o
 .debug_info    0x00007059      0xf95 lib/SDC00/mmc_avr_spi.o
 .debug_info    0x00007fee      0x585 M128_Danny_Timer.o
 .debug_info    0x00008573      0x566 main.o
 .debug_info    0x00008ad9      0x819 C:\Users\zxpay\Desktop\Interface\Experiment\Experiment4\exp4_1\exp4_1\ASA_Lib.o(ASA_Lib_M128_HMI.o)

.debug_abbrev   0x00000000     0x1760
 *(.debug_abbrev)
 .debug_abbrev  0x00000000      0x718 C:/Program Files (x86)/Atmel/Studio/7.0/Packs/atmel/ATmega_DFP/1.2.209/gcc/dev/atmega128/avr51/crtatmega128.o
 .debug_abbrev  0x00000718      0x195 lib/M128_Danny_SDC.o
 .debug_abbrev  0x000008ad      0x2d1 lib/SDC00/ASA_lib_SDC00.o
 .debug_abbrev  0x00000b7e      0x10c lib/SDC00/diskio.o
 .debug_abbrev  0x00000c8a      0x31f lib/SDC00/ff.o
 .debug_abbrev  0x00000fa9      0x27f lib/SDC00/mmc_avr_spi.o
 .debug_abbrev  0x00001228      0x13b M128_Danny_Timer.o
 .debug_abbrev  0x00001363      0x1d7 main.o
 .debug_abbrev  0x0000153a      0x226 C:\Users\zxpay\Desktop\Interface\Experiment\Experiment4\exp4_1\exp4_1\ASA_Lib.o(ASA_Lib_M128_HMI.o)

.debug_line     0x00000000     0x5678
 *(.debug_line .debug_line.* .debug_line_end)
 .debug_line    0x00000000      0x169 C:/Program Files (x86)/Atmel/Studio/7.0/Packs/atmel/ATmega_DFP/1.2.209/gcc/dev/atmega128/avr51/crtatmega128.o
 .debug_line    0x00000169      0x4a6 lib/M128_Danny_SDC.o
 .debug_line    0x0000060f      0x6dc lib/SDC00/ASA_lib_SDC00.o
 .debug_line    0x00000ceb      0x13b lib/SDC00/diskio.o
 .debug_line    0x00000e26     0x31ca lib/SDC00/ff.o
 .debug_line    0x00003ff0      0x99a lib/SDC00/mmc_avr_spi.o
 .debug_line    0x0000498a      0x508 M128_Danny_Timer.o
 .debug_line    0x00004e92      0x240 main.o
 .debug_line    0x000050d2      0x5a6 C:\Users\zxpay\Desktop\Interface\Experiment\Experiment4\exp4_1\exp4_1\ASA_Lib.o(ASA_Lib_M128_HMI.o)

.debug_frame    0x00000000     0x16e8
 *(.debug_frame)
 .debug_frame   0x00000000      0x250 lib/M128_Danny_SDC.o
 .debug_frame   0x00000250      0x13c lib/SDC00/ASA_lib_SDC00.o
 .debug_frame   0x0000038c       0x8c lib/SDC00/diskio.o
 .debug_frame   0x00000418      0xdd4 lib/SDC00/ff.o
 .debug_frame   0x000011ec      0x1e8 lib/SDC00/mmc_avr_spi.o
 .debug_frame   0x000013d4      0x1c8 M128_Danny_Timer.o
 .debug_frame   0x0000159c       0x8c main.o
 .debug_frame   0x00001628       0xc0 C:\Users\zxpay\Desktop\Interface\Experiment\Experiment4\exp4_1\exp4_1\ASA_Lib.o(ASA_Lib_M128_HMI.o)

.debug_str      0x00000000     0x1337
 *(.debug_str)
 .debug_str     0x00000000      0x27d C:/Program Files (x86)/Atmel/Studio/7.0/Packs/atmel/ATmega_DFP/1.2.209/gcc/dev/atmega128/avr51/crtatmega128.o
 .debug_str     0x0000027d      0x2e0 lib/M128_Danny_SDC.o
                                0x330 (size before relaxing)
 .debug_str     0x0000055d      0x46c lib/SDC00/ASA_lib_SDC00.o
                                0x63f (size before relaxing)
 .debug_str     0x000009c9       0xc6 lib/SDC00/diskio.o
                                0x296 (size before relaxing)
 .debug_str     0x00000a8f      0x383 lib/SDC00/ff.o
                                0x825 (size before relaxing)
 .debug_str     0x00000e12       0xc0 lib/SDC00/mmc_avr_spi.o
                                0x34b (size before relaxing)
 .debug_str     0x00000ed2      0x239 M128_Danny_Timer.o
                                0x3d3 (size before relaxing)
 .debug_str     0x0000110b       0x86 main.o
                                0x352 (size before relaxing)
 .debug_str     0x00001191      0x1a6 C:\Users\zxpay\Desktop\Interface\Experiment\Experiment4\exp4_1\exp4_1\ASA_Lib.o(ASA_Lib_M128_HMI.o)
                                0x28b (size before relaxing)

.debug_loc      0x00000000     0xd2ff
 *(.debug_loc)
 .debug_loc     0x00000000      0xbcb lib/M128_Danny_SDC.o
 .debug_loc     0x00000bcb      0xa1e lib/SDC00/ASA_lib_SDC00.o
 .debug_loc     0x000015e9      0x38d lib/SDC00/diskio.o
 .debug_loc     0x00001976     0x96bd lib/SDC00/ff.o
 .debug_loc     0x0000b033     0x13c1 lib/SDC00/mmc_avr_spi.o
 .debug_loc     0x0000c3f4      0x846 M128_Danny_Timer.o
 .debug_loc     0x0000cc3a      0x29b main.o
 .debug_loc     0x0000ced5      0x42a C:\Users\zxpay\Desktop\Interface\Experiment\Experiment4\exp4_1\exp4_1\ASA_Lib.o(ASA_Lib_M128_HMI.o)

.debug_macinfo
 *(.debug_macinfo)

.debug_weaknames
 *(.debug_weaknames)

.debug_funcnames
 *(.debug_funcnames)

.debug_typenames
 *(.debug_typenames)

.debug_varnames
 *(.debug_varnames)

.debug_pubtypes
 *(.debug_pubtypes)

.debug_ranges   0x00000000      0x610
 *(.debug_ranges)
 .debug_ranges  0x00000000       0xd8 lib/M128_Danny_SDC.o
 .debug_ranges  0x000000d8       0xb8 lib/SDC00/ASA_lib_SDC00.o
 .debug_ranges  0x00000190       0x38 lib/SDC00/diskio.o
 .debug_ranges  0x000001c8      0x2b8 lib/SDC00/ff.o
 .debug_ranges  0x00000480       0x70 lib/SDC00/mmc_avr_spi.o
 .debug_ranges  0x000004f0       0xb0 M128_Danny_Timer.o
 .debug_ranges  0x000005a0       0x70 main.o

.debug_macro
 *(.debug_macro)
OUTPUT(exp4_1.elf elf32-avr)
LOAD linker stubs
