Archive member included to satisfy reference by file (symbol)

ASA_Lib.o(ASA_Lib_M128_HMI.o)
                              main.o (ASA_M128_set)
c:/avr-gcc-8.1.0-x64-mingw/bin/../lib/gcc/avr/8.1.0/../../../../avr/lib/avr51\libm.a(addsf3.o)
                              main.o (__subsf3)
c:/avr-gcc-8.1.0-x64-mingw/bin/../lib/gcc/avr/8.1.0/../../../../avr/lib/avr51\libm.a(addsf3x.o)
                              c:/avr-gcc-8.1.0-x64-mingw/bin/../lib/gcc/avr/8.1.0/../../../../avr/lib/avr51\libm.a(addsf3.o) (__addsf3x)
c:/avr-gcc-8.1.0-x64-mingw/bin/../lib/gcc/avr/8.1.0/../../../../avr/lib/avr51\libm.a(divsf3.o)
                              main.o (__divsf3)
c:/avr-gcc-8.1.0-x64-mingw/bin/../lib/gcc/avr/8.1.0/../../../../avr/lib/avr51\libm.a(divsf3x.o)
                              c:/avr-gcc-8.1.0-x64-mingw/bin/../lib/gcc/avr/8.1.0/../../../../avr/lib/avr51\libm.a(divsf3.o) (__divsf3x)
c:/avr-gcc-8.1.0-x64-mingw/bin/../lib/gcc/avr/8.1.0/../../../../avr/lib/avr51\libm.a(floatsisf.o)
                              main.o (__floatsisf)
c:/avr-gcc-8.1.0-x64-mingw/bin/../lib/gcc/avr/8.1.0/../../../../avr/lib/avr51\libm.a(fp_inf.o)
                              c:/avr-gcc-8.1.0-x64-mingw/bin/../lib/gcc/avr/8.1.0/../../../../avr/lib/avr51\libm.a(addsf3x.o) (__fp_inf)
c:/avr-gcc-8.1.0-x64-mingw/bin/../lib/gcc/avr/8.1.0/../../../../avr/lib/avr51\libm.a(fp_nan.o)
                              c:/avr-gcc-8.1.0-x64-mingw/bin/../lib/gcc/avr/8.1.0/../../../../avr/lib/avr51\libm.a(addsf3x.o) (__fp_nan)
c:/avr-gcc-8.1.0-x64-mingw/bin/../lib/gcc/avr/8.1.0/../../../../avr/lib/avr51\libm.a(fp_pscA.o)
                              c:/avr-gcc-8.1.0-x64-mingw/bin/../lib/gcc/avr/8.1.0/../../../../avr/lib/avr51\libm.a(addsf3x.o) (__fp_pscA)
c:/avr-gcc-8.1.0-x64-mingw/bin/../lib/gcc/avr/8.1.0/../../../../avr/lib/avr51\libm.a(fp_pscB.o)
                              c:/avr-gcc-8.1.0-x64-mingw/bin/../lib/gcc/avr/8.1.0/../../../../avr/lib/avr51\libm.a(addsf3x.o) (__fp_pscB)
c:/avr-gcc-8.1.0-x64-mingw/bin/../lib/gcc/avr/8.1.0/../../../../avr/lib/avr51\libm.a(fp_round.o)
                              c:/avr-gcc-8.1.0-x64-mingw/bin/../lib/gcc/avr/8.1.0/../../../../avr/lib/avr51\libm.a(addsf3.o) (__fp_round)
c:/avr-gcc-8.1.0-x64-mingw/bin/../lib/gcc/avr/8.1.0/../../../../avr/lib/avr51\libm.a(fp_split3.o)
                              c:/avr-gcc-8.1.0-x64-mingw/bin/../lib/gcc/avr/8.1.0/../../../../avr/lib/avr51\libm.a(addsf3x.o) (__fp_split3)
c:/avr-gcc-8.1.0-x64-mingw/bin/../lib/gcc/avr/8.1.0/../../../../avr/lib/avr51\libm.a(fp_zero.o)
                              c:/avr-gcc-8.1.0-x64-mingw/bin/../lib/gcc/avr/8.1.0/../../../../avr/lib/avr51\libm.a(addsf3x.o) (__fp_zero)
c:/avr-gcc-8.1.0-x64-mingw/bin/../lib/gcc/avr/8.1.0/../../../../avr/lib/avr51\libprintf_flt.a(vfprintf_flt.o)
                              (vfprintf)
c:/avr-gcc-8.1.0-x64-mingw/bin/../lib/gcc/avr/8.1.0/../../../../avr/lib/avr51\libscanf_flt.a(vfscanf_flt.o)
                              (vfscanf)
c:/avr-gcc-8.1.0-x64-mingw/bin/../lib/gcc/avr/8.1.0/avr51\libgcc.a(_udivmodsi4.o)
                              lib/SDC00/ff.o (__udivmodsi4)
c:/avr-gcc-8.1.0-x64-mingw/bin/../lib/gcc/avr/8.1.0/avr51\libgcc.a(_exit.o)
                              c:/avr-gcc-8.1.0-x64-mingw/bin/../lib/gcc/avr/8.1.0/../../../../avr/lib/avr51/crtatmega128.o (exit)
c:/avr-gcc-8.1.0-x64-mingw/bin/../lib/gcc/avr/8.1.0/avr51\libgcc.a(_tablejump2.o)
                              main.o (__tablejump2__)
c:/avr-gcc-8.1.0-x64-mingw/bin/../lib/gcc/avr/8.1.0/avr51\libgcc.a(_copy_data.o)
                              main.o (__do_copy_data)
c:/avr-gcc-8.1.0-x64-mingw/bin/../lib/gcc/avr/8.1.0/avr51\libgcc.a(_clear_bss.o)
                              main.o (__do_clear_bss)
c:/avr-gcc-8.1.0-x64-mingw/bin/../lib/gcc/avr/8.1.0/avr51\libgcc.a(_muluhisi3.o)
                              lib/SDC00/ff.o (__muluhisi3)
c:/avr-gcc-8.1.0-x64-mingw/bin/../lib/gcc/avr/8.1.0/avr51\libgcc.a(_umulhisi3.o)
                              c:/avr-gcc-8.1.0-x64-mingw/bin/../lib/gcc/avr/8.1.0/avr51\libgcc.a(_muluhisi3.o) (__umulhisi3)
c:/avr-gcc-8.1.0-x64-mingw/bin/../lib/gcc/avr/8.1.0/../../../../avr/lib/avr51\libm.a(mulsf3.o)
                              c:/avr-gcc-8.1.0-x64-mingw/bin/../lib/gcc/avr/8.1.0/../../../../avr/lib/avr51\libscanf_flt.a(vfscanf_flt.o) (__mulsf3)
c:/avr-gcc-8.1.0-x64-mingw/bin/../lib/gcc/avr/8.1.0/../../../../avr/lib/avr51\libm.a(mulsf3x.o)
                              c:/avr-gcc-8.1.0-x64-mingw/bin/../lib/gcc/avr/8.1.0/../../../../avr/lib/avr51\libm.a(mulsf3.o) (__mulsf3x)
c:/avr-gcc-8.1.0-x64-mingw/bin/../lib/gcc/avr/8.1.0/../../../../avr/lib/avr51\libc.a(ftoa_engine.o)
                              c:/avr-gcc-8.1.0-x64-mingw/bin/../lib/gcc/avr/8.1.0/../../../../avr/lib/avr51\libprintf_flt.a(vfprintf_flt.o) (__ftoa_engine)
c:/avr-gcc-8.1.0-x64-mingw/bin/../lib/gcc/avr/8.1.0/../../../../avr/lib/avr51\libc.a(isspace.o)
                              c:/avr-gcc-8.1.0-x64-mingw/bin/../lib/gcc/avr/8.1.0/../../../../avr/lib/avr51\libscanf_flt.a(vfscanf_flt.o) (isspace)
c:/avr-gcc-8.1.0-x64-mingw/bin/../lib/gcc/avr/8.1.0/../../../../avr/lib/avr51\libc.a(tolower.o)
                              c:/avr-gcc-8.1.0-x64-mingw/bin/../lib/gcc/avr/8.1.0/../../../../avr/lib/avr51\libscanf_flt.a(vfscanf_flt.o) (tolower)
c:/avr-gcc-8.1.0-x64-mingw/bin/../lib/gcc/avr/8.1.0/../../../../avr/lib/avr51\libc.a(strchr_P.o)
                              c:/avr-gcc-8.1.0-x64-mingw/bin/../lib/gcc/avr/8.1.0/../../../../avr/lib/avr51\libscanf_flt.a(vfscanf_flt.o) (strchr_P)
c:/avr-gcc-8.1.0-x64-mingw/bin/../lib/gcc/avr/8.1.0/../../../../avr/lib/avr51\libc.a(strnlen_P.o)
                              c:/avr-gcc-8.1.0-x64-mingw/bin/../lib/gcc/avr/8.1.0/../../../../avr/lib/avr51\libprintf_flt.a(vfprintf_flt.o) (strnlen_P)
c:/avr-gcc-8.1.0-x64-mingw/bin/../lib/gcc/avr/8.1.0/../../../../avr/lib/avr51\libc.a(strnlen.o)
                              c:/avr-gcc-8.1.0-x64-mingw/bin/../lib/gcc/avr/8.1.0/../../../../avr/lib/avr51\libprintf_flt.a(vfprintf_flt.o) (strnlen)
c:/avr-gcc-8.1.0-x64-mingw/bin/../lib/gcc/avr/8.1.0/../../../../avr/lib/avr51\libc.a(fgetc.o)
                              c:/avr-gcc-8.1.0-x64-mingw/bin/../lib/gcc/avr/8.1.0/../../../../avr/lib/avr51\libscanf_flt.a(vfscanf_flt.o) (fgetc)
c:/avr-gcc-8.1.0-x64-mingw/bin/../lib/gcc/avr/8.1.0/../../../../avr/lib/avr51\libc.a(fputc.o)
                              c:/avr-gcc-8.1.0-x64-mingw/bin/../lib/gcc/avr/8.1.0/../../../../avr/lib/avr51\libprintf_flt.a(vfprintf_flt.o) (fputc)
c:/avr-gcc-8.1.0-x64-mingw/bin/../lib/gcc/avr/8.1.0/../../../../avr/lib/avr51\libc.a(iob.o)
                              ASA_Lib.o(ASA_Lib_M128_HMI.o) (__iob)
c:/avr-gcc-8.1.0-x64-mingw/bin/../lib/gcc/avr/8.1.0/../../../../avr/lib/avr51\libc.a(printf.o)
                              main.o (printf)
c:/avr-gcc-8.1.0-x64-mingw/bin/../lib/gcc/avr/8.1.0/../../../../avr/lib/avr51\libc.a(putchar.o)
                              main.o (putchar)
c:/avr-gcc-8.1.0-x64-mingw/bin/../lib/gcc/avr/8.1.0/../../../../avr/lib/avr51\libc.a(puts.o)
                              main.o (puts)
c:/avr-gcc-8.1.0-x64-mingw/bin/../lib/gcc/avr/8.1.0/../../../../avr/lib/avr51\libc.a(scanf.o)
                              main.o (scanf)
c:/avr-gcc-8.1.0-x64-mingw/bin/../lib/gcc/avr/8.1.0/../../../../avr/lib/avr51\libc.a(sprintf.o)
                              lib/SDC00/ASA_lib_SDC00.o (sprintf)
c:/avr-gcc-8.1.0-x64-mingw/bin/../lib/gcc/avr/8.1.0/../../../../avr/lib/avr51\libc.a(ungetc.o)
                              c:/avr-gcc-8.1.0-x64-mingw/bin/../lib/gcc/avr/8.1.0/../../../../avr/lib/avr51\libscanf_flt.a(vfscanf_flt.o) (ungetc)
c:/avr-gcc-8.1.0-x64-mingw/bin/../lib/gcc/avr/8.1.0/../../../../avr/lib/avr51\libc.a(ultoa_invert.o)
                              c:/avr-gcc-8.1.0-x64-mingw/bin/../lib/gcc/avr/8.1.0/../../../../avr/lib/avr51\libprintf_flt.a(vfprintf_flt.o) (__ultoa_invert)
c:/avr-gcc-8.1.0-x64-mingw/bin/../lib/gcc/avr/8.1.0/../../../../avr/lib/avr51\libc.a(cty_isfalse.o)
                              c:/avr-gcc-8.1.0-x64-mingw/bin/../lib/gcc/avr/8.1.0/../../../../avr/lib/avr51\libc.a(isspace.o) (__ctype_isfalse)

Allocating common symbols
Common symbol       size              file

dataADC2            0x2               main.o
FatFs               0x466             lib/SDC00/ASA_lib_SDC00.o
FileObj             0x22              lib/SDC00/ASA_lib_SDC00.o
DirObj              0x28              lib/SDC00/ASA_lib_SDC00.o
FileName            0xd               lib/SDC00/ASA_lib_SDC00.o
__iob               0x6               c:/avr-gcc-8.1.0-x64-mingw/bin/../lib/gcc/avr/8.1.0/../../../../avr/lib/avr51\libc.a(iob.o)
dataADC3            0x2               main.o

Memory Configuration

Name             Origin             Length             Attributes
text             0x0000000000000000 0x0000000000020000 xr
data             0x0000000000800100 0x000000000000ff00 rw !x
eeprom           0x0000000000810000 0x0000000000010000 rw !x
fuse             0x0000000000820000 0x0000000000000400 rw !x
lock             0x0000000000830000 0x0000000000000400 rw !x
signature        0x0000000000840000 0x0000000000000400 rw !x
user_signatures  0x0000000000850000 0x0000000000000400 rw !x
*default*        0x0000000000000000 0xffffffffffffffff

Linker script and memory map

Address of section .data set to 0x800100
LOAD c:/avr-gcc-8.1.0-x64-mingw/bin/../lib/gcc/avr/8.1.0/../../../../avr/lib/avr51/crtatmega128.o
LOAD main.o
LOAD lib/SDC00/diskio.o
LOAD lib/SDC00/ffunicode_avr.o
LOAD lib/SDC00/ff.o
LOAD lib/SDC00/ASA_lib_SDC00.o
LOAD lib/SDC00/mmc_avr_spi.o
LOAD lib/M128_Danny_ADC.o
LOAD lib/M128_Danny_Timer.o
LOAD lib/M128_Danny_SDC.o
LOAD ASA_Lib.o
LOAD c:/avr-gcc-8.1.0-x64-mingw/bin/../lib/gcc/avr/8.1.0/../../../../avr/lib/avr51\libm.a
LOAD c:/avr-gcc-8.1.0-x64-mingw/bin/../lib/gcc/avr/8.1.0/../../../../avr/lib/avr51\libprintf_flt.a
LOAD c:/avr-gcc-8.1.0-x64-mingw/bin/../lib/gcc/avr/8.1.0/../../../../avr/lib/avr51\libscanf_flt.a
START GROUP
LOAD c:/avr-gcc-8.1.0-x64-mingw/bin/../lib/gcc/avr/8.1.0/avr51\libgcc.a
LOAD c:/avr-gcc-8.1.0-x64-mingw/bin/../lib/gcc/avr/8.1.0/../../../../avr/lib/avr51\libm.a
LOAD c:/avr-gcc-8.1.0-x64-mingw/bin/../lib/gcc/avr/8.1.0/../../../../avr/lib/avr51\libc.a
LOAD c:/avr-gcc-8.1.0-x64-mingw/bin/../lib/gcc/avr/8.1.0/../../../../avr/lib/avr51\libatmega128.a
END GROUP
                0x0000000000020000                __TEXT_REGION_LENGTH__ = DEFINED (__TEXT_REGION_LENGTH__)?__TEXT_REGION_LENGTH__:0x20000
                0x000000000000ff00                __DATA_REGION_LENGTH__ = DEFINED (__DATA_REGION_LENGTH__)?__DATA_REGION_LENGTH__:0xff00
                0x0000000000010000                __EEPROM_REGION_LENGTH__ = DEFINED (__EEPROM_REGION_LENGTH__)?__EEPROM_REGION_LENGTH__:0x10000
                0x0000000000000400                __FUSE_REGION_LENGTH__ = DEFINED (__FUSE_REGION_LENGTH__)?__FUSE_REGION_LENGTH__:0x400
                0x0000000000000400                __LOCK_REGION_LENGTH__ = DEFINED (__LOCK_REGION_LENGTH__)?__LOCK_REGION_LENGTH__:0x400
                0x0000000000000400                __SIGNATURE_REGION_LENGTH__ = DEFINED (__SIGNATURE_REGION_LENGTH__)?__SIGNATURE_REGION_LENGTH__:0x400
                0x0000000000000400                __USER_SIGNATURE_REGION_LENGTH__ = DEFINED (__USER_SIGNATURE_REGION_LENGTH__)?__USER_SIGNATURE_REGION_LENGTH__:0x400

.hash
 *(.hash)

.dynsym
 *(.dynsym)

.dynstr
 *(.dynstr)

.gnu.version
 *(.gnu.version)

.gnu.version_d
 *(.gnu.version_d)

.gnu.version_r
 *(.gnu.version_r)

.rel.init
 *(.rel.init)

.rela.init
 *(.rela.init)

.rel.text
 *(.rel.text)
 *(.rel.text.*)
 *(.rel.gnu.linkonce.t*)

.rela.text
 *(.rela.text)
 *(.rela.text.*)
 *(.rela.gnu.linkonce.t*)

.rel.fini
 *(.rel.fini)

.rela.fini
 *(.rela.fini)

.rel.rodata
 *(.rel.rodata)
 *(.rel.rodata.*)
 *(.rel.gnu.linkonce.r*)

.rela.rodata
 *(.rela.rodata)
 *(.rela.rodata.*)
 *(.rela.gnu.linkonce.r*)

.rel.data
 *(.rel.data)
 *(.rel.data.*)
 *(.rel.gnu.linkonce.d*)

.rela.data
 *(.rela.data)
 *(.rela.data.*)
 *(.rela.gnu.linkonce.d*)

.rel.ctors
 *(.rel.ctors)

.rela.ctors
 *(.rela.ctors)

.rel.dtors
 *(.rel.dtors)

.rela.dtors
 *(.rela.dtors)

.rel.got
 *(.rel.got)

.rela.got
 *(.rela.got)

.rel.bss
 *(.rel.bss)

.rela.bss
 *(.rela.bss)

.rel.plt
 *(.rel.plt)

.rela.plt
 *(.rela.plt)

.text           0x0000000000000000     0x8556
 *(.vectors)
 .vectors       0x0000000000000000       0x8c c:/avr-gcc-8.1.0-x64-mingw/bin/../lib/gcc/avr/8.1.0/../../../../avr/lib/avr51/crtatmega128.o
                0x0000000000000000                __vector_default
                0x0000000000000000                __vectors
 *(.vectors)
 *(.progmem.gcc*)
                0x000000000000008c                . = ALIGN (0x2)
                0x000000000000008c                __trampolines_start = .
 *(.trampolines)
 .trampolines   0x000000000000008c        0x0 linker stubs
 *(.trampolines*)
                0x000000000000008c                __trampolines_end = .
 *libprintf_flt.a:*(.progmem.data)
 .progmem.data  0x000000000000008c        0x8 c:/avr-gcc-8.1.0-x64-mingw/bin/../lib/gcc/avr/8.1.0/../../../../avr/lib/avr51\libprintf_flt.a(vfprintf_flt.o)
 *libc.a:*(.progmem.data)
 .progmem.data  0x0000000000000094       0xfa c:/avr-gcc-8.1.0-x64-mingw/bin/../lib/gcc/avr/8.1.0/../../../../avr/lib/avr51\libc.a(ftoa_engine.o)
 *(.progmem.*)
 .progmem.data  0x000000000000018e       0x4d c:/avr-gcc-8.1.0-x64-mingw/bin/../lib/gcc/avr/8.1.0/../../../../avr/lib/avr51\libscanf_flt.a(vfscanf_flt.o)
                0x00000000000001dc                . = ALIGN (0x2)
 *fill*         0x00000000000001db        0x1 
 *(.lowtext)
 *(.lowtext*)
                0x00000000000001dc                __ctors_start = .
 *(.ctors)
                0x00000000000001dc                __ctors_end = .
                0x00000000000001dc                __dtors_start = .
 *(.dtors)
                0x00000000000001dc                __dtors_end = .
 SORT_BY_NAME(*)(.ctors)
 SORT_BY_NAME(*)(.dtors)
 *(.init0)
 .init0         0x00000000000001dc        0x0 c:/avr-gcc-8.1.0-x64-mingw/bin/../lib/gcc/avr/8.1.0/../../../../avr/lib/avr51/crtatmega128.o
                0x00000000000001dc                __init
 *(.init0)
 *(.init1)
 *(.init1)
 *(.init2)
 .init2         0x00000000000001dc        0xc c:/avr-gcc-8.1.0-x64-mingw/bin/../lib/gcc/avr/8.1.0/../../../../avr/lib/avr51/crtatmega128.o
 *(.init2)
 *(.init3)
 *(.init3)
 *(.init4)
 .init4         0x00000000000001e8       0x1a c:/avr-gcc-8.1.0-x64-mingw/bin/../lib/gcc/avr/8.1.0/avr51\libgcc.a(_copy_data.o)
                0x00000000000001e8                __do_copy_data
 .init4         0x0000000000000202       0x10 c:/avr-gcc-8.1.0-x64-mingw/bin/../lib/gcc/avr/8.1.0/avr51\libgcc.a(_clear_bss.o)
                0x0000000000000202                __do_clear_bss
 *(.init4)
 *(.init5)
 *(.init5)
 *(.init6)
 *(.init6)
 *(.init7)
 *(.init7)
 *(.init8)
 *(.init8)
 *(.init9)
 .init9         0x0000000000000212        0x8 c:/avr-gcc-8.1.0-x64-mingw/bin/../lib/gcc/avr/8.1.0/../../../../avr/lib/avr51/crtatmega128.o
 *(.init9)
 *(.text)
 .text          0x000000000000021a        0x4 c:/avr-gcc-8.1.0-x64-mingw/bin/../lib/gcc/avr/8.1.0/../../../../avr/lib/avr51/crtatmega128.o
                0x000000000000021a                __vector_22
                0x000000000000021a                __vector_28
                0x000000000000021a                __vector_1
                0x000000000000021a                __vector_32
                0x000000000000021a                __vector_34
                0x000000000000021a                __vector_24
                0x000000000000021a                __vector_12
                0x000000000000021a                __bad_interrupt
                0x000000000000021a                __vector_6
                0x000000000000021a                __vector_31
                0x000000000000021a                __vector_3
                0x000000000000021a                __vector_23
                0x000000000000021a                __vector_30
                0x000000000000021a                __vector_25
                0x000000000000021a                __vector_11
                0x000000000000021a                __vector_17
                0x000000000000021a                __vector_19
                0x000000000000021a                __vector_7
                0x000000000000021a                __vector_5
                0x000000000000021a                __vector_33
                0x000000000000021a                __vector_4
                0x000000000000021a                __vector_2
                0x000000000000021a                __vector_29
                0x000000000000021a                __vector_8
                0x000000000000021a                __vector_26
                0x000000000000021a                __vector_14
                0x000000000000021a                __vector_10
                0x000000000000021a                __vector_16
                0x000000000000021a                __vector_18
                0x000000000000021a                __vector_20
 .text          0x000000000000021e       0xa4 main.o
                0x000000000000021e                __vector_21
                0x00000000000002ba                __vector_15
                0x00000000000002bc                __vector_9
                0x00000000000002be                __vector_13
                0x00000000000002c0                __vector_27
 .text          0x00000000000002c2       0x72 lib/SDC00/diskio.o
                0x00000000000002c2                disk_status
                0x00000000000002ce                disk_initialize
                0x00000000000002da                disk_read
                0x00000000000002fc                disk_write
                0x000000000000031e                disk_ioctl
                0x0000000000000330                disk_timerproc
 .text          0x0000000000000334        0x0 lib/SDC00/ffunicode_avr.o
 .text          0x0000000000000334     0x49aa lib/SDC00/ff.o
                0x0000000000001ca4                f_mount
                0x0000000000001d26                f_open
                0x0000000000002054                f_read
                0x00000000000022f6                f_write
                0x0000000000002734                f_sync
                0x00000000000027e0                f_close
                0x000000000000281c                f_chdrive
                0x000000000000284a                f_chdir
                0x00000000000028f6                f_getcwd
                0x0000000000002b04                f_lseek
                0x0000000000002e36                f_opendir
                0x0000000000002eec                f_closedir
                0x0000000000002f1e                f_readdir
                0x0000000000002f90                f_stat
                0x000000000000300c                f_getfree
                0x0000000000003202                f_truncate
                0x0000000000003306                f_unlink
                0x000000000000346e                f_mkdir
                0x000000000000366c                f_rename
                0x0000000000003886                f_chmod
                0x0000000000003910                f_utime
                0x00000000000039b2                f_getlabel
                0x0000000000003ac8                f_setlabel
                0x0000000000003d0a                f_mkfs
                0x00000000000047d8                f_gets
                0x0000000000004870                f_putc
                0x00000000000048b8                f_puts
                0x0000000000004910                f_printf
 .text          0x0000000000004cde      0x548 lib/SDC00/ASA_lib_SDC00.o
                0x0000000000004cde                ASA_ID_check
                0x0000000000004cea                ASA_ID_set
                0x0000000000004d0c                ASA_SDC00_Select
                0x0000000000004d24                ASA_SDC00_Deselect
                0x0000000000004d3e                ASA_SDC00_Init
                0x0000000000004dc0                ASA_SDC00_set
                0x0000000000004ede                ASA_SDC00_put
                0x000000000000507a                check_info
                0x00000000000050e6                ASA_SDC00_get
 .text          0x0000000000005226      0xd1c lib/SDC00/mmc_avr_spi.o
                0x00000000000054b2                mmc_disk_initialize
                0x000000000000575e                mmc_disk_status
                0x0000000000005764                mmc_disk_read
                0x00000000000057ec                mmc_disk_write
                0x00000000000058ec                mmc_disk_ioctl
                0x0000000000005ede                mmc_disk_timerproc
 .text          0x0000000000005f42      0x154 lib/M128_Danny_ADC.o
                0x0000000000005f42                setEnableADC
                0x0000000000005f4e                setADCDivision
                0x0000000000005fa0                setFreeRunning
                0x0000000000005fac                setMuxADC
                0x0000000000005fd8                setVoltageRefADC
                0x0000000000005fee                setupADC2
                0x0000000000006004                setupADC3
                0x000000000000601a                setConversion
                0x000000000000601e                setInterruptADCEnable
                0x0000000000006034                isConversionComplete
                0x0000000000006042                setIO
                0x0000000000006062                analogReadADC2
                0x000000000000607c                analogReadADC3
 .text          0x0000000000006096      0x1c0 lib/M128_Danny_Timer.o
                0x0000000000006096                openTimer0
                0x00000000000060a0                closeTimer0
                0x00000000000060aa                openTimer2
                0x00000000000060b2                closeTimer2
                0x00000000000060bc                openTimer1B
                0x00000000000060c6                closeTimer1B
                0x00000000000060d0                openTimer3B
                0x00000000000060d4                closeTimer3B
                0x00000000000060d8                getTimer0PrescalerLavel
                0x000000000000612a                setTimer0_CompareInterrupt
                0x0000000000006148                getTimer123PrescalerLavel
                0x0000000000006184                setTimer2_CompareInterrupt
                0x00000000000061a2                setTimer1B_CompareInterrupt
                0x00000000000061c8                setTimer3B_CompareInterrupt
                0x0000000000006202                openWhichTimer
                0x000000000000622c                closeWhichTimer
 .text          0x0000000000006256      0x3da lib/M128_Danny_SDC.o
                0x0000000000006256                createFile
                0x000000000000630a                initBuffer
                0x0000000000006312                setSDCContinuous
                0x0000000000006342                setSDCReplace
                0x0000000000006372                setSDCRead
                0x00000000000063a2                getSDCData
                0x00000000000063cc                getSDCDate
                0x0000000000006410                getSDCTime
                0x0000000000006454                getSDCSize
                0x0000000000006498                getSDCType
                0x00000000000064d8                getSDCResponse
                0x0000000000006518                closeSDC
                0x0000000000006548                setSDCName
                0x00000000000065a4                getSendBufferSize
                0x00000000000065ba                setSDCWords
                0x0000000000006614                testSDC
 .text          0x0000000000006630      0x342 ASA_Lib.o(ASA_Lib_M128_HMI.o)
                0x0000000000006630                uart_put
                0x0000000000006638                uart_get
                0x0000000000006640                M128_HMI_set
                0x000000000000666c                HMI_timeout_set
                0x00000000000066aa                M128_HMI_put
                0x000000000000670e                M128_HMI_get
                0x0000000000006796                stdio_putchar
                0x00000000000067b2                stdio_getchar
                0x00000000000067ca                ASA_M128_set
                0x00000000000067fa                M128_HMI_Form_get
                0x00000000000068c6                M128_HMI_Form_put
 .text          0x0000000000006972        0x0 c:/avr-gcc-8.1.0-x64-mingw/bin/../lib/gcc/avr/8.1.0/../../../../avr/lib/avr51\libm.a(addsf3.o)
 .text          0x0000000000006972        0x0 c:/avr-gcc-8.1.0-x64-mingw/bin/../lib/gcc/avr/8.1.0/../../../../avr/lib/avr51\libm.a(addsf3x.o)
 .text          0x0000000000006972        0x0 c:/avr-gcc-8.1.0-x64-mingw/bin/../lib/gcc/avr/8.1.0/../../../../avr/lib/avr51\libm.a(divsf3.o)
 .text          0x0000000000006972        0x0 c:/avr-gcc-8.1.0-x64-mingw/bin/../lib/gcc/avr/8.1.0/../../../../avr/lib/avr51\libm.a(divsf3x.o)
 .text          0x0000000000006972        0x0 c:/avr-gcc-8.1.0-x64-mingw/bin/../lib/gcc/avr/8.1.0/../../../../avr/lib/avr51\libm.a(floatsisf.o)
 .text          0x0000000000006972        0x0 c:/avr-gcc-8.1.0-x64-mingw/bin/../lib/gcc/avr/8.1.0/../../../../avr/lib/avr51\libm.a(fp_inf.o)
 .text          0x0000000000006972        0x0 c:/avr-gcc-8.1.0-x64-mingw/bin/../lib/gcc/avr/8.1.0/../../../../avr/lib/avr51\libm.a(fp_nan.o)
 .text          0x0000000000006972        0x0 c:/avr-gcc-8.1.0-x64-mingw/bin/../lib/gcc/avr/8.1.0/../../../../avr/lib/avr51\libm.a(fp_pscA.o)
 .text          0x0000000000006972        0x0 c:/avr-gcc-8.1.0-x64-mingw/bin/../lib/gcc/avr/8.1.0/../../../../avr/lib/avr51\libm.a(fp_pscB.o)
 .text          0x0000000000006972        0x0 c:/avr-gcc-8.1.0-x64-mingw/bin/../lib/gcc/avr/8.1.0/../../../../avr/lib/avr51\libm.a(fp_round.o)
 .text          0x0000000000006972        0x0 c:/avr-gcc-8.1.0-x64-mingw/bin/../lib/gcc/avr/8.1.0/../../../../avr/lib/avr51\libm.a(fp_split3.o)
 .text          0x0000000000006972        0x0 c:/avr-gcc-8.1.0-x64-mingw/bin/../lib/gcc/avr/8.1.0/../../../../avr/lib/avr51\libm.a(fp_zero.o)
 .text          0x0000000000006972        0x0 c:/avr-gcc-8.1.0-x64-mingw/bin/../lib/gcc/avr/8.1.0/../../../../avr/lib/avr51\libprintf_flt.a(vfprintf_flt.o)
 .text          0x0000000000006972        0x0 c:/avr-gcc-8.1.0-x64-mingw/bin/../lib/gcc/avr/8.1.0/../../../../avr/lib/avr51\libscanf_flt.a(vfscanf_flt.o)
 .text          0x0000000000006972        0x0 c:/avr-gcc-8.1.0-x64-mingw/bin/../lib/gcc/avr/8.1.0/avr51\libgcc.a(_udivmodsi4.o)
 .text          0x0000000000006972        0x0 c:/avr-gcc-8.1.0-x64-mingw/bin/../lib/gcc/avr/8.1.0/avr51\libgcc.a(_exit.o)
 .text          0x0000000000006972        0x0 c:/avr-gcc-8.1.0-x64-mingw/bin/../lib/gcc/avr/8.1.0/avr51\libgcc.a(_tablejump2.o)
 .text          0x0000000000006972        0x0 c:/avr-gcc-8.1.0-x64-mingw/bin/../lib/gcc/avr/8.1.0/avr51\libgcc.a(_copy_data.o)
 .text          0x0000000000006972        0x0 c:/avr-gcc-8.1.0-x64-mingw/bin/../lib/gcc/avr/8.1.0/avr51\libgcc.a(_clear_bss.o)
 .text          0x0000000000006972        0x0 c:/avr-gcc-8.1.0-x64-mingw/bin/../lib/gcc/avr/8.1.0/avr51\libgcc.a(_muluhisi3.o)
 .text          0x0000000000006972        0x0 c:/avr-gcc-8.1.0-x64-mingw/bin/../lib/gcc/avr/8.1.0/avr51\libgcc.a(_umulhisi3.o)
 .text          0x0000000000006972        0x0 c:/avr-gcc-8.1.0-x64-mingw/bin/../lib/gcc/avr/8.1.0/../../../../avr/lib/avr51\libm.a(mulsf3.o)
 .text          0x0000000000006972        0x0 c:/avr-gcc-8.1.0-x64-mingw/bin/../lib/gcc/avr/8.1.0/../../../../avr/lib/avr51\libm.a(mulsf3x.o)
 .text          0x0000000000006972        0x0 c:/avr-gcc-8.1.0-x64-mingw/bin/../lib/gcc/avr/8.1.0/../../../../avr/lib/avr51\libc.a(ftoa_engine.o)
 .text          0x0000000000006972        0x0 c:/avr-gcc-8.1.0-x64-mingw/bin/../lib/gcc/avr/8.1.0/../../../../avr/lib/avr51\libc.a(isspace.o)
 .text          0x0000000000006972        0x0 c:/avr-gcc-8.1.0-x64-mingw/bin/../lib/gcc/avr/8.1.0/../../../../avr/lib/avr51\libc.a(tolower.o)
 .text          0x0000000000006972        0x0 c:/avr-gcc-8.1.0-x64-mingw/bin/../lib/gcc/avr/8.1.0/../../../../avr/lib/avr51\libc.a(strchr_P.o)
 .text          0x0000000000006972        0x0 c:/avr-gcc-8.1.0-x64-mingw/bin/../lib/gcc/avr/8.1.0/../../../../avr/lib/avr51\libc.a(strnlen_P.o)
 .text          0x0000000000006972        0x0 c:/avr-gcc-8.1.0-x64-mingw/bin/../lib/gcc/avr/8.1.0/../../../../avr/lib/avr51\libc.a(strnlen.o)
 .text          0x0000000000006972        0x0 c:/avr-gcc-8.1.0-x64-mingw/bin/../lib/gcc/avr/8.1.0/../../../../avr/lib/avr51\libc.a(fgetc.o)
 .text          0x0000000000006972        0x0 c:/avr-gcc-8.1.0-x64-mingw/bin/../lib/gcc/avr/8.1.0/../../../../avr/lib/avr51\libc.a(fputc.o)
 .text          0x0000000000006972        0x0 c:/avr-gcc-8.1.0-x64-mingw/bin/../lib/gcc/avr/8.1.0/../../../../avr/lib/avr51\libc.a(iob.o)
 .text          0x0000000000006972        0x0 c:/avr-gcc-8.1.0-x64-mingw/bin/../lib/gcc/avr/8.1.0/../../../../avr/lib/avr51\libc.a(printf.o)
 .text          0x0000000000006972        0x0 c:/avr-gcc-8.1.0-x64-mingw/bin/../lib/gcc/avr/8.1.0/../../../../avr/lib/avr51\libc.a(putchar.o)
 .text          0x0000000000006972        0x0 c:/avr-gcc-8.1.0-x64-mingw/bin/../lib/gcc/avr/8.1.0/../../../../avr/lib/avr51\libc.a(puts.o)
 .text          0x0000000000006972        0x0 c:/avr-gcc-8.1.0-x64-mingw/bin/../lib/gcc/avr/8.1.0/../../../../avr/lib/avr51\libc.a(scanf.o)
 .text          0x0000000000006972        0x0 c:/avr-gcc-8.1.0-x64-mingw/bin/../lib/gcc/avr/8.1.0/../../../../avr/lib/avr51\libc.a(sprintf.o)
 .text          0x0000000000006972        0x0 c:/avr-gcc-8.1.0-x64-mingw/bin/../lib/gcc/avr/8.1.0/../../../../avr/lib/avr51\libc.a(ungetc.o)
 .text          0x0000000000006972        0x0 c:/avr-gcc-8.1.0-x64-mingw/bin/../lib/gcc/avr/8.1.0/../../../../avr/lib/avr51\libc.a(ultoa_invert.o)
 .text          0x0000000000006972        0x0 c:/avr-gcc-8.1.0-x64-mingw/bin/../lib/gcc/avr/8.1.0/../../../../avr/lib/avr51\libc.a(cty_isfalse.o)
                0x0000000000006972                . = ALIGN (0x2)
 *(.text.*)
 .text.startup  0x0000000000006972      0x38c main.o
                0x0000000000006972                main
 .text.avr-libc.fplib
                0x0000000000006cfe        0xe c:/avr-gcc-8.1.0-x64-mingw/bin/../lib/gcc/avr/8.1.0/../../../../avr/lib/avr51\libm.a(addsf3.o)
                0x0000000000006cfe                __subsf3
                0x0000000000006d00                __addsf3
 .text.avr-libc.fplib
                0x0000000000006d0c       0xcc c:/avr-gcc-8.1.0-x64-mingw/bin/../lib/gcc/avr/8.1.0/../../../../avr/lib/avr51\libm.a(addsf3x.o)
                0x0000000000006d2e                __addsf3x
 .text.avr-libc.fplib
                0x0000000000006dd8        0x8 c:/avr-gcc-8.1.0-x64-mingw/bin/../lib/gcc/avr/8.1.0/../../../../avr/lib/avr51\libm.a(divsf3.o)
                0x0000000000006dd8                __divsf3
 .text.avr-libc.fplib
                0x0000000000006de0       0xdc c:/avr-gcc-8.1.0-x64-mingw/bin/../lib/gcc/avr/8.1.0/../../../../avr/lib/avr51\libm.a(divsf3x.o)
                0x0000000000006e00                __divsf3x
                0x0000000000006e06                __divsf3_pse
 .text.avr-libc.fplib
                0x0000000000006ebc       0x7a c:/avr-gcc-8.1.0-x64-mingw/bin/../lib/gcc/avr/8.1.0/../../../../avr/lib/avr51\libm.a(floatsisf.o)
                0x0000000000006ebc                __floatunsisf
                0x0000000000006ec0                __floatsisf
 .text.avr-libc.fplib
                0x0000000000006f36        0xc c:/avr-gcc-8.1.0-x64-mingw/bin/../lib/gcc/avr/8.1.0/../../../../avr/lib/avr51\libm.a(fp_inf.o)
                0x0000000000006f36                __fp_inf
 .text.avr-libc.fplib
                0x0000000000006f42        0x6 c:/avr-gcc-8.1.0-x64-mingw/bin/../lib/gcc/avr/8.1.0/../../../../avr/lib/avr51\libm.a(fp_nan.o)
                0x0000000000006f42                __fp_nan
 .text.avr-libc.fplib
                0x0000000000006f48        0xe c:/avr-gcc-8.1.0-x64-mingw/bin/../lib/gcc/avr/8.1.0/../../../../avr/lib/avr51\libm.a(fp_pscA.o)
                0x0000000000006f48                __fp_pscA
 .text.avr-libc.fplib
                0x0000000000006f56        0xe c:/avr-gcc-8.1.0-x64-mingw/bin/../lib/gcc/avr/8.1.0/../../../../avr/lib/avr51\libm.a(fp_pscB.o)
                0x0000000000006f56                __fp_pscB
 .text.avr-libc.fplib
                0x0000000000006f64       0x22 c:/avr-gcc-8.1.0-x64-mingw/bin/../lib/gcc/avr/8.1.0/../../../../avr/lib/avr51\libm.a(fp_round.o)
                0x0000000000006f64                __fp_round
 .text.avr-libc.fplib
                0x0000000000006f86       0x44 c:/avr-gcc-8.1.0-x64-mingw/bin/../lib/gcc/avr/8.1.0/../../../../avr/lib/avr51\libm.a(fp_split3.o)
                0x0000000000006f86                __fp_split3
                0x0000000000006f96                __fp_splitA
 .text.avr-libc.fplib
                0x0000000000006fca        0xe c:/avr-gcc-8.1.0-x64-mingw/bin/../lib/gcc/avr/8.1.0/../../../../avr/lib/avr51\libm.a(fp_zero.o)
                0x0000000000006fca                __fp_zero
                0x0000000000006fcc                __fp_szero
 .text.avr-libc
                0x0000000000006fd8      0x6ec c:/avr-gcc-8.1.0-x64-mingw/bin/../lib/gcc/avr/8.1.0/../../../../avr/lib/avr51\libprintf_flt.a(vfprintf_flt.o)
                0x0000000000006fd8                vfprintf
 .text.avr-libc
                0x00000000000076c4      0x800 c:/avr-gcc-8.1.0-x64-mingw/bin/../lib/gcc/avr/8.1.0/../../../../avr/lib/avr51\libscanf_flt.a(vfscanf_flt.o)
                0x0000000000007c6e                vfscanf
 .text.libgcc.mul
                0x0000000000007ec4        0x0 c:/avr-gcc-8.1.0-x64-mingw/bin/../lib/gcc/avr/8.1.0/avr51\libgcc.a(_udivmodsi4.o)
 .text.libgcc.div
                0x0000000000007ec4       0x44 c:/avr-gcc-8.1.0-x64-mingw/bin/../lib/gcc/avr/8.1.0/avr51\libgcc.a(_udivmodsi4.o)
                0x0000000000007ec4                __udivmodsi4
 .text.libgcc   0x0000000000007f08        0x0 c:/avr-gcc-8.1.0-x64-mingw/bin/../lib/gcc/avr/8.1.0/avr51\libgcc.a(_udivmodsi4.o)
 .text.libgcc.prologue
                0x0000000000007f08        0x0 c:/avr-gcc-8.1.0-x64-mingw/bin/../lib/gcc/avr/8.1.0/avr51\libgcc.a(_udivmodsi4.o)
 .text.libgcc.builtins
                0x0000000000007f08        0x0 c:/avr-gcc-8.1.0-x64-mingw/bin/../lib/gcc/avr/8.1.0/avr51\libgcc.a(_udivmodsi4.o)
 .text.libgcc.fmul
                0x0000000000007f08        0x0 c:/avr-gcc-8.1.0-x64-mingw/bin/../lib/gcc/avr/8.1.0/avr51\libgcc.a(_udivmodsi4.o)
 .text.libgcc.fixed
                0x0000000000007f08        0x0 c:/avr-gcc-8.1.0-x64-mingw/bin/../lib/gcc/avr/8.1.0/avr51\libgcc.a(_udivmodsi4.o)
 .text.libgcc.mul
                0x0000000000007f08        0x0 c:/avr-gcc-8.1.0-x64-mingw/bin/../lib/gcc/avr/8.1.0/avr51\libgcc.a(_exit.o)
 .text.libgcc.div
                0x0000000000007f08        0x0 c:/avr-gcc-8.1.0-x64-mingw/bin/../lib/gcc/avr/8.1.0/avr51\libgcc.a(_exit.o)
 .text.libgcc   0x0000000000007f08        0x0 c:/avr-gcc-8.1.0-x64-mingw/bin/../lib/gcc/avr/8.1.0/avr51\libgcc.a(_exit.o)
 .text.libgcc.prologue
                0x0000000000007f08        0x0 c:/avr-gcc-8.1.0-x64-mingw/bin/../lib/gcc/avr/8.1.0/avr51\libgcc.a(_exit.o)
 .text.libgcc.builtins
                0x0000000000007f08        0x0 c:/avr-gcc-8.1.0-x64-mingw/bin/../lib/gcc/avr/8.1.0/avr51\libgcc.a(_exit.o)
 .text.libgcc.fmul
                0x0000000000007f08        0x0 c:/avr-gcc-8.1.0-x64-mingw/bin/../lib/gcc/avr/8.1.0/avr51\libgcc.a(_exit.o)
 .text.libgcc.fixed
                0x0000000000007f08        0x0 c:/avr-gcc-8.1.0-x64-mingw/bin/../lib/gcc/avr/8.1.0/avr51\libgcc.a(_exit.o)
 .text.libgcc.mul
                0x0000000000007f08        0x0 c:/avr-gcc-8.1.0-x64-mingw/bin/../lib/gcc/avr/8.1.0/avr51\libgcc.a(_tablejump2.o)
 .text.libgcc.div
                0x0000000000007f08        0x0 c:/avr-gcc-8.1.0-x64-mingw/bin/../lib/gcc/avr/8.1.0/avr51\libgcc.a(_tablejump2.o)
 .text.libgcc   0x0000000000007f08       0x12 c:/avr-gcc-8.1.0-x64-mingw/bin/../lib/gcc/avr/8.1.0/avr51\libgcc.a(_tablejump2.o)
                0x0000000000007f08                __tablejump2__
 .text.libgcc.prologue
                0x0000000000007f1a        0x0 c:/avr-gcc-8.1.0-x64-mingw/bin/../lib/gcc/avr/8.1.0/avr51\libgcc.a(_tablejump2.o)
 .text.libgcc.builtins
                0x0000000000007f1a        0x0 c:/avr-gcc-8.1.0-x64-mingw/bin/../lib/gcc/avr/8.1.0/avr51\libgcc.a(_tablejump2.o)
 .text.libgcc.fmul
                0x0000000000007f1a        0x0 c:/avr-gcc-8.1.0-x64-mingw/bin/../lib/gcc/avr/8.1.0/avr51\libgcc.a(_tablejump2.o)
 .text.libgcc.fixed
                0x0000000000007f1a        0x0 c:/avr-gcc-8.1.0-x64-mingw/bin/../lib/gcc/avr/8.1.0/avr51\libgcc.a(_tablejump2.o)
 .text.libgcc.mul
                0x0000000000007f1a        0x0 c:/avr-gcc-8.1.0-x64-mingw/bin/../lib/gcc/avr/8.1.0/avr51\libgcc.a(_copy_data.o)
 .text.libgcc.div
                0x0000000000007f1a        0x0 c:/avr-gcc-8.1.0-x64-mingw/bin/../lib/gcc/avr/8.1.0/avr51\libgcc.a(_copy_data.o)
 .text.libgcc   0x0000000000007f1a        0x0 c:/avr-gcc-8.1.0-x64-mingw/bin/../lib/gcc/avr/8.1.0/avr51\libgcc.a(_copy_data.o)
 .text.libgcc.prologue
                0x0000000000007f1a        0x0 c:/avr-gcc-8.1.0-x64-mingw/bin/../lib/gcc/avr/8.1.0/avr51\libgcc.a(_copy_data.o)
 .text.libgcc.builtins
                0x0000000000007f1a        0x0 c:/avr-gcc-8.1.0-x64-mingw/bin/../lib/gcc/avr/8.1.0/avr51\libgcc.a(_copy_data.o)
 .text.libgcc.fmul
                0x0000000000007f1a        0x0 c:/avr-gcc-8.1.0-x64-mingw/bin/../lib/gcc/avr/8.1.0/avr51\libgcc.a(_copy_data.o)
 .text.libgcc.fixed
                0x0000000000007f1a        0x0 c:/avr-gcc-8.1.0-x64-mingw/bin/../lib/gcc/avr/8.1.0/avr51\libgcc.a(_copy_data.o)
 .text.libgcc.mul
                0x0000000000007f1a        0x0 c:/avr-gcc-8.1.0-x64-mingw/bin/../lib/gcc/avr/8.1.0/avr51\libgcc.a(_clear_bss.o)
 .text.libgcc.div
                0x0000000000007f1a        0x0 c:/avr-gcc-8.1.0-x64-mingw/bin/../lib/gcc/avr/8.1.0/avr51\libgcc.a(_clear_bss.o)
 .text.libgcc   0x0000000000007f1a        0x0 c:/avr-gcc-8.1.0-x64-mingw/bin/../lib/gcc/avr/8.1.0/avr51\libgcc.a(_clear_bss.o)
 .text.libgcc.prologue
                0x0000000000007f1a        0x0 c:/avr-gcc-8.1.0-x64-mingw/bin/../lib/gcc/avr/8.1.0/avr51\libgcc.a(_clear_bss.o)
 .text.libgcc.builtins
                0x0000000000007f1a        0x0 c:/avr-gcc-8.1.0-x64-mingw/bin/../lib/gcc/avr/8.1.0/avr51\libgcc.a(_clear_bss.o)
 .text.libgcc.fmul
                0x0000000000007f1a        0x0 c:/avr-gcc-8.1.0-x64-mingw/bin/../lib/gcc/avr/8.1.0/avr51\libgcc.a(_clear_bss.o)
 .text.libgcc.fixed
                0x0000000000007f1a        0x0 c:/avr-gcc-8.1.0-x64-mingw/bin/../lib/gcc/avr/8.1.0/avr51\libgcc.a(_clear_bss.o)
 .text.libgcc.mul
                0x0000000000007f1a       0x16 c:/avr-gcc-8.1.0-x64-mingw/bin/../lib/gcc/avr/8.1.0/avr51\libgcc.a(_muluhisi3.o)
                0x0000000000007f1a                __muluhisi3
 .text.libgcc.div
                0x0000000000007f30        0x0 c:/avr-gcc-8.1.0-x64-mingw/bin/../lib/gcc/avr/8.1.0/avr51\libgcc.a(_muluhisi3.o)
 .text.libgcc   0x0000000000007f30        0x0 c:/avr-gcc-8.1.0-x64-mingw/bin/../lib/gcc/avr/8.1.0/avr51\libgcc.a(_muluhisi3.o)
 .text.libgcc.prologue
                0x0000000000007f30        0x0 c:/avr-gcc-8.1.0-x64-mingw/bin/../lib/gcc/avr/8.1.0/avr51\libgcc.a(_muluhisi3.o)
 .text.libgcc.builtins
                0x0000000000007f30        0x0 c:/avr-gcc-8.1.0-x64-mingw/bin/../lib/gcc/avr/8.1.0/avr51\libgcc.a(_muluhisi3.o)
 .text.libgcc.fmul
                0x0000000000007f30        0x0 c:/avr-gcc-8.1.0-x64-mingw/bin/../lib/gcc/avr/8.1.0/avr51\libgcc.a(_muluhisi3.o)
 .text.libgcc.fixed
                0x0000000000007f30        0x0 c:/avr-gcc-8.1.0-x64-mingw/bin/../lib/gcc/avr/8.1.0/avr51\libgcc.a(_muluhisi3.o)
 .text.libgcc.mul
                0x0000000000007f30       0x1e c:/avr-gcc-8.1.0-x64-mingw/bin/../lib/gcc/avr/8.1.0/avr51\libgcc.a(_umulhisi3.o)
                0x0000000000007f30                __umulhisi3
 .text.libgcc.div
                0x0000000000007f4e        0x0 c:/avr-gcc-8.1.0-x64-mingw/bin/../lib/gcc/avr/8.1.0/avr51\libgcc.a(_umulhisi3.o)
 .text.libgcc   0x0000000000007f4e        0x0 c:/avr-gcc-8.1.0-x64-mingw/bin/../lib/gcc/avr/8.1.0/avr51\libgcc.a(_umulhisi3.o)
 .text.libgcc.prologue
                0x0000000000007f4e        0x0 c:/avr-gcc-8.1.0-x64-mingw/bin/../lib/gcc/avr/8.1.0/avr51\libgcc.a(_umulhisi3.o)
 .text.libgcc.builtins
                0x0000000000007f4e        0x0 c:/avr-gcc-8.1.0-x64-mingw/bin/../lib/gcc/avr/8.1.0/avr51\libgcc.a(_umulhisi3.o)
 .text.libgcc.fmul
                0x0000000000007f4e        0x0 c:/avr-gcc-8.1.0-x64-mingw/bin/../lib/gcc/avr/8.1.0/avr51\libgcc.a(_umulhisi3.o)
 .text.libgcc.fixed
                0x0000000000007f4e        0x0 c:/avr-gcc-8.1.0-x64-mingw/bin/../lib/gcc/avr/8.1.0/avr51\libgcc.a(_umulhisi3.o)
 .text.avr-libc.fplib
                0x0000000000007f4e        0x8 c:/avr-gcc-8.1.0-x64-mingw/bin/../lib/gcc/avr/8.1.0/../../../../avr/lib/avr51\libm.a(mulsf3.o)
                0x0000000000007f4e                __mulsf3
 .text.avr-libc.fplib
                0x0000000000007f56       0xd2 c:/avr-gcc-8.1.0-x64-mingw/bin/../lib/gcc/avr/8.1.0/../../../../avr/lib/avr51\libm.a(mulsf3x.o)
                0x0000000000007f74                __mulsf3x
                0x0000000000007f7a                __mulsf3_pse
 .text.avr-libc
                0x0000000000008028      0x1b0 c:/avr-gcc-8.1.0-x64-mingw/bin/../lib/gcc/avr/8.1.0/../../../../avr/lib/avr51\libc.a(ftoa_engine.o)
                0x0000000000008028                __ftoa_engine
 .text.avr-libc
                0x00000000000081d8       0x12 c:/avr-gcc-8.1.0-x64-mingw/bin/../lib/gcc/avr/8.1.0/../../../../avr/lib/avr51\libc.a(isspace.o)
                0x00000000000081d8                isspace
 .text.avr-libc
                0x00000000000081ea       0x10 c:/avr-gcc-8.1.0-x64-mingw/bin/../lib/gcc/avr/8.1.0/../../../../avr/lib/avr51\libc.a(tolower.o)
                0x00000000000081ea                tolower
 .text.avr-libc
                0x00000000000081fa       0x16 c:/avr-gcc-8.1.0-x64-mingw/bin/../lib/gcc/avr/8.1.0/../../../../avr/lib/avr51\libc.a(strchr_P.o)
                0x00000000000081fa                strchr_P
 .text.avr-libc
                0x0000000000008210       0x16 c:/avr-gcc-8.1.0-x64-mingw/bin/../lib/gcc/avr/8.1.0/../../../../avr/lib/avr51\libc.a(strnlen_P.o)
                0x0000000000008210                strnlen_P
 .text.avr-libc
                0x0000000000008226       0x16 c:/avr-gcc-8.1.0-x64-mingw/bin/../lib/gcc/avr/8.1.0/../../../../avr/lib/avr51\libc.a(strnlen.o)
                0x0000000000008226                strnlen
 .text.avr-libc
                0x000000000000823c       0x74 c:/avr-gcc-8.1.0-x64-mingw/bin/../lib/gcc/avr/8.1.0/../../../../avr/lib/avr51\libc.a(fgetc.o)
                0x000000000000823c                fgetc
 .text.avr-libc
                0x00000000000082b0       0x60 c:/avr-gcc-8.1.0-x64-mingw/bin/../lib/gcc/avr/8.1.0/../../../../avr/lib/avr51\libc.a(fputc.o)
                0x00000000000082b0                fputc
 .text.avr-libc
                0x0000000000008310       0x28 c:/avr-gcc-8.1.0-x64-mingw/bin/../lib/gcc/avr/8.1.0/../../../../avr/lib/avr51\libc.a(printf.o)
                0x0000000000008310                printf
 .text.avr-libc
                0x0000000000008338        0xc c:/avr-gcc-8.1.0-x64-mingw/bin/../lib/gcc/avr/8.1.0/../../../../avr/lib/avr51\libc.a(putchar.o)
                0x0000000000008338                putchar
 .text.avr-libc
                0x0000000000008344       0x58 c:/avr-gcc-8.1.0-x64-mingw/bin/../lib/gcc/avr/8.1.0/../../../../avr/lib/avr51\libc.a(puts.o)
                0x0000000000008344                puts
 .text.avr-libc
                0x000000000000839c       0x28 c:/avr-gcc-8.1.0-x64-mingw/bin/../lib/gcc/avr/8.1.0/../../../../avr/lib/avr51\libc.a(scanf.o)
                0x000000000000839c                scanf
 .text.avr-libc
                0x00000000000083c4       0x60 c:/avr-gcc-8.1.0-x64-mingw/bin/../lib/gcc/avr/8.1.0/../../../../avr/lib/avr51\libc.a(sprintf.o)
                0x00000000000083c4                sprintf
 .text.avr-libc
                0x0000000000008424       0x30 c:/avr-gcc-8.1.0-x64-mingw/bin/../lib/gcc/avr/8.1.0/../../../../avr/lib/avr51\libc.a(ungetc.o)
                0x0000000000008424                ungetc
 .text.avr-libc
                0x0000000000008454       0xbc c:/avr-gcc-8.1.0-x64-mingw/bin/../lib/gcc/avr/8.1.0/../../../../avr/lib/avr51\libc.a(ultoa_invert.o)
                0x0000000000008454                __ultoa_invert
 .text.avr-libc
                0x0000000000008510        0x6 c:/avr-gcc-8.1.0-x64-mingw/bin/../lib/gcc/avr/8.1.0/../../../../avr/lib/avr51\libc.a(cty_isfalse.o)
                0x0000000000008510                __ctype_isfalse
                0x0000000000008514                __ctype_istrue
                0x0000000000008516                . = ALIGN (0x2)
 *(.fini9)
 .fini9         0x0000000000008516        0x0 c:/avr-gcc-8.1.0-x64-mingw/bin/../lib/gcc/avr/8.1.0/avr51\libgcc.a(_exit.o)
                0x0000000000008516                _exit
                0x0000000000008516                exit
 *(.fini9)
 *(.fini8)
 *(.fini8)
 *(.fini7)
 *(.fini7)
 *(.fini6)
 *(.fini6)
 *(.fini5)
 *(.fini5)
 *(.fini4)
 *(.fini4)
 *(.fini3)
 *(.fini3)
 *(.fini2)
 *(.fini2)
 *(.fini1)
 *(.fini1)
 *(.fini0)
 .fini0         0x0000000000008516        0x4 c:/avr-gcc-8.1.0-x64-mingw/bin/../lib/gcc/avr/8.1.0/avr51\libgcc.a(_exit.o)
 *(.fini0)
 *(.hightext)
 *(.hightext*)
 *(.progmemx.*)
                0x000000000000851a                . = ALIGN (0x2)
 *(.jumptables)
 *(.jumptables*)
 .jumptables.gcc.main
                0x000000000000851a       0x3c main.o
                0x0000000000008556                _etext = .

.data           0x0000000000800100      0x34a load address 0x0000000000008556
                0x0000000000800100                PROVIDE (__data_start = .)
 *(.data)
 .data          0x0000000000800100        0x0 c:/avr-gcc-8.1.0-x64-mingw/bin/../lib/gcc/avr/8.1.0/../../../../avr/lib/avr51/crtatmega128.o
 .data          0x0000000000800100        0x0 main.o
 .data          0x0000000000800100        0x0 lib/SDC00/diskio.o
 .data          0x0000000000800100        0x0 lib/SDC00/ffunicode_avr.o
 .data          0x0000000000800100        0x0 lib/SDC00/ff.o
 .data          0x0000000000800100        0xa lib/SDC00/ASA_lib_SDC00.o
                0x0000000000800100                ASA_SDC00_ID
                0x0000000000800101                ASA_DATA_Dir
 .data          0x000000000080010a        0x1 lib/SDC00/mmc_avr_spi.o
 .data          0x000000000080010b        0x0 lib/M128_Danny_ADC.o
 .data          0x000000000080010b        0x0 lib/M128_Danny_Timer.o
 .data          0x000000000080010b        0x0 lib/M128_Danny_SDC.o
 .data          0x000000000080010b       0x13 ASA_Lib.o(ASA_Lib_M128_HMI.o)
                0x000000000080010b                Timeout
                0x000000000080010f                TimeoutMode
 .data          0x000000000080011e        0x0 c:/avr-gcc-8.1.0-x64-mingw/bin/../lib/gcc/avr/8.1.0/../../../../avr/lib/avr51\libm.a(addsf3.o)
 .data          0x000000000080011e        0x0 c:/avr-gcc-8.1.0-x64-mingw/bin/../lib/gcc/avr/8.1.0/../../../../avr/lib/avr51\libm.a(addsf3x.o)
 .data          0x000000000080011e        0x0 c:/avr-gcc-8.1.0-x64-mingw/bin/../lib/gcc/avr/8.1.0/../../../../avr/lib/avr51\libm.a(divsf3.o)
 .data          0x000000000080011e        0x0 c:/avr-gcc-8.1.0-x64-mingw/bin/../lib/gcc/avr/8.1.0/../../../../avr/lib/avr51\libm.a(divsf3x.o)
 .data          0x000000000080011e        0x0 c:/avr-gcc-8.1.0-x64-mingw/bin/../lib/gcc/avr/8.1.0/../../../../avr/lib/avr51\libm.a(floatsisf.o)
 .data          0x000000000080011e        0x0 c:/avr-gcc-8.1.0-x64-mingw/bin/../lib/gcc/avr/8.1.0/../../../../avr/lib/avr51\libm.a(fp_inf.o)
 .data          0x000000000080011e        0x0 c:/avr-gcc-8.1.0-x64-mingw/bin/../lib/gcc/avr/8.1.0/../../../../avr/lib/avr51\libm.a(fp_nan.o)
 .data          0x000000000080011e        0x0 c:/avr-gcc-8.1.0-x64-mingw/bin/../lib/gcc/avr/8.1.0/../../../../avr/lib/avr51\libm.a(fp_pscA.o)
 .data          0x000000000080011e        0x0 c:/avr-gcc-8.1.0-x64-mingw/bin/../lib/gcc/avr/8.1.0/../../../../avr/lib/avr51\libm.a(fp_pscB.o)
 .data          0x000000000080011e        0x0 c:/avr-gcc-8.1.0-x64-mingw/bin/../lib/gcc/avr/8.1.0/../../../../avr/lib/avr51\libm.a(fp_round.o)
 .data          0x000000000080011e        0x0 c:/avr-gcc-8.1.0-x64-mingw/bin/../lib/gcc/avr/8.1.0/../../../../avr/lib/avr51\libm.a(fp_split3.o)
 .data          0x000000000080011e        0x0 c:/avr-gcc-8.1.0-x64-mingw/bin/../lib/gcc/avr/8.1.0/../../../../avr/lib/avr51\libm.a(fp_zero.o)
 .data          0x000000000080011e        0x0 c:/avr-gcc-8.1.0-x64-mingw/bin/../lib/gcc/avr/8.1.0/../../../../avr/lib/avr51\libprintf_flt.a(vfprintf_flt.o)
 .data          0x000000000080011e        0x0 c:/avr-gcc-8.1.0-x64-mingw/bin/../lib/gcc/avr/8.1.0/../../../../avr/lib/avr51\libscanf_flt.a(vfscanf_flt.o)
 .data          0x000000000080011e        0x0 c:/avr-gcc-8.1.0-x64-mingw/bin/../lib/gcc/avr/8.1.0/avr51\libgcc.a(_udivmodsi4.o)
 .data          0x000000000080011e        0x0 c:/avr-gcc-8.1.0-x64-mingw/bin/../lib/gcc/avr/8.1.0/avr51\libgcc.a(_exit.o)
 .data          0x000000000080011e        0x0 c:/avr-gcc-8.1.0-x64-mingw/bin/../lib/gcc/avr/8.1.0/avr51\libgcc.a(_tablejump2.o)
 .data          0x000000000080011e        0x0 c:/avr-gcc-8.1.0-x64-mingw/bin/../lib/gcc/avr/8.1.0/avr51\libgcc.a(_copy_data.o)
 .data          0x000000000080011e        0x0 c:/avr-gcc-8.1.0-x64-mingw/bin/../lib/gcc/avr/8.1.0/avr51\libgcc.a(_clear_bss.o)
 .data          0x000000000080011e        0x0 c:/avr-gcc-8.1.0-x64-mingw/bin/../lib/gcc/avr/8.1.0/avr51\libgcc.a(_muluhisi3.o)
 .data          0x000000000080011e        0x0 c:/avr-gcc-8.1.0-x64-mingw/bin/../lib/gcc/avr/8.1.0/avr51\libgcc.a(_umulhisi3.o)
 .data          0x000000000080011e        0x0 c:/avr-gcc-8.1.0-x64-mingw/bin/../lib/gcc/avr/8.1.0/../../../../avr/lib/avr51\libm.a(mulsf3.o)
 .data          0x000000000080011e        0x0 c:/avr-gcc-8.1.0-x64-mingw/bin/../lib/gcc/avr/8.1.0/../../../../avr/lib/avr51\libm.a(mulsf3x.o)
 .data          0x000000000080011e        0x0 c:/avr-gcc-8.1.0-x64-mingw/bin/../lib/gcc/avr/8.1.0/../../../../avr/lib/avr51\libc.a(ftoa_engine.o)
 .data          0x000000000080011e        0x0 c:/avr-gcc-8.1.0-x64-mingw/bin/../lib/gcc/avr/8.1.0/../../../../avr/lib/avr51\libc.a(isspace.o)
 .data          0x000000000080011e        0x0 c:/avr-gcc-8.1.0-x64-mingw/bin/../lib/gcc/avr/8.1.0/../../../../avr/lib/avr51\libc.a(tolower.o)
 .data          0x000000000080011e        0x0 c:/avr-gcc-8.1.0-x64-mingw/bin/../lib/gcc/avr/8.1.0/../../../../avr/lib/avr51\libc.a(strchr_P.o)
 .data          0x000000000080011e        0x0 c:/avr-gcc-8.1.0-x64-mingw/bin/../lib/gcc/avr/8.1.0/../../../../avr/lib/avr51\libc.a(strnlen_P.o)
 .data          0x000000000080011e        0x0 c:/avr-gcc-8.1.0-x64-mingw/bin/../lib/gcc/avr/8.1.0/../../../../avr/lib/avr51\libc.a(strnlen.o)
 .data          0x000000000080011e        0x0 c:/avr-gcc-8.1.0-x64-mingw/bin/../lib/gcc/avr/8.1.0/../../../../avr/lib/avr51\libc.a(fgetc.o)
 .data          0x000000000080011e        0x0 c:/avr-gcc-8.1.0-x64-mingw/bin/../lib/gcc/avr/8.1.0/../../../../avr/lib/avr51\libc.a(fputc.o)
 .data          0x000000000080011e        0x0 c:/avr-gcc-8.1.0-x64-mingw/bin/../lib/gcc/avr/8.1.0/../../../../avr/lib/avr51\libc.a(iob.o)
 .data          0x000000000080011e        0x0 c:/avr-gcc-8.1.0-x64-mingw/bin/../lib/gcc/avr/8.1.0/../../../../avr/lib/avr51\libc.a(printf.o)
 .data          0x000000000080011e        0x0 c:/avr-gcc-8.1.0-x64-mingw/bin/../lib/gcc/avr/8.1.0/../../../../avr/lib/avr51\libc.a(putchar.o)
 .data          0x000000000080011e        0x0 c:/avr-gcc-8.1.0-x64-mingw/bin/../lib/gcc/avr/8.1.0/../../../../avr/lib/avr51\libc.a(puts.o)
 .data          0x000000000080011e        0x0 c:/avr-gcc-8.1.0-x64-mingw/bin/../lib/gcc/avr/8.1.0/../../../../avr/lib/avr51\libc.a(scanf.o)
 .data          0x000000000080011e        0x0 c:/avr-gcc-8.1.0-x64-mingw/bin/../lib/gcc/avr/8.1.0/../../../../avr/lib/avr51\libc.a(sprintf.o)
 .data          0x000000000080011e        0x0 c:/avr-gcc-8.1.0-x64-mingw/bin/../lib/gcc/avr/8.1.0/../../../../avr/lib/avr51\libc.a(ungetc.o)
 .data          0x000000000080011e        0x0 c:/avr-gcc-8.1.0-x64-mingw/bin/../lib/gcc/avr/8.1.0/../../../../avr/lib/avr51\libc.a(ultoa_invert.o)
 .data          0x000000000080011e        0x0 c:/avr-gcc-8.1.0-x64-mingw/bin/../lib/gcc/avr/8.1.0/../../../../avr/lib/avr51\libc.a(cty_isfalse.o)
 *(.data*)
 *(.gnu.linkonce.d*)
 *(.rodata)
 .rodata        0x000000000080011e       0x20 main.o
 .rodata        0x000000000080013e       0x2c lib/SDC00/ff.o
 *(.rodata*)
 .rodata.str1.1
                0x000000000080016a      0x138 main.o
 .rodata.str1.1
                0x00000000008002a2       0x4d lib/SDC00/ff.o
 .rodata.str1.1
                0x00000000008002ef       0x12 lib/SDC00/ASA_lib_SDC00.o
                                         0x13 (size before relaxing)
 .rodata.str1.1
                0x0000000000800301       0x4f lib/M128_Danny_ADC.o
 .rodata.str1.1
                0x0000000000800350       0x48 lib/M128_Danny_Timer.o
 .rodata.str1.1
                0x0000000000800398       0xb2 lib/M128_Danny_SDC.o
                                         0xb6 (size before relaxing)
 *(.gnu.linkonce.r*)
                0x000000000080044a                . = ALIGN (0x2)
                0x000000000080044a                _edata = .
                0x000000000080044a                PROVIDE (__data_end = .)

.bss            0x000000000080044a      0x508
                0x000000000080044a                PROVIDE (__bss_start = .)
 *(.bss)
 .bss           0x000000000080044a        0x0 c:/avr-gcc-8.1.0-x64-mingw/bin/../lib/gcc/avr/8.1.0/../../../../avr/lib/avr51/crtatmega128.o
 .bss           0x000000000080044a        0x1 main.o
 .bss           0x000000000080044b        0x0 lib/SDC00/diskio.o
 .bss           0x000000000080044b        0x0 lib/SDC00/ffunicode_avr.o
 .bss           0x000000000080044b        0x7 lib/SDC00/ff.o
 .bss           0x0000000000800452       0x2c lib/SDC00/ASA_lib_SDC00.o
                0x0000000000800452                LastFileIndex
                0x0000000000800454                EndPointOfFile
                0x0000000000800458                is_file_extcheck
                0x0000000000800459                SDC_State
                0x000000000080045a                FileID
 .bss           0x000000000080047e        0x9 lib/SDC00/mmc_avr_spi.o
 .bss           0x0000000000800487        0x0 lib/M128_Danny_ADC.o
 .bss           0x0000000000800487        0x0 lib/M128_Danny_Timer.o
 .bss           0x0000000000800487        0x0 lib/M128_Danny_SDC.o
 .bss           0x0000000000800487        0x4 ASA_Lib.o(ASA_Lib_M128_HMI.o)
                0x0000000000800487                timeout_count
 .bss           0x000000000080048b        0x0 c:/avr-gcc-8.1.0-x64-mingw/bin/../lib/gcc/avr/8.1.0/../../../../avr/lib/avr51\libm.a(addsf3.o)
 .bss           0x000000000080048b        0x0 c:/avr-gcc-8.1.0-x64-mingw/bin/../lib/gcc/avr/8.1.0/../../../../avr/lib/avr51\libm.a(addsf3x.o)
 .bss           0x000000000080048b        0x0 c:/avr-gcc-8.1.0-x64-mingw/bin/../lib/gcc/avr/8.1.0/../../../../avr/lib/avr51\libm.a(divsf3.o)
 .bss           0x000000000080048b        0x0 c:/avr-gcc-8.1.0-x64-mingw/bin/../lib/gcc/avr/8.1.0/../../../../avr/lib/avr51\libm.a(divsf3x.o)
 .bss           0x000000000080048b        0x0 c:/avr-gcc-8.1.0-x64-mingw/bin/../lib/gcc/avr/8.1.0/../../../../avr/lib/avr51\libm.a(floatsisf.o)
 .bss           0x000000000080048b        0x0 c:/avr-gcc-8.1.0-x64-mingw/bin/../lib/gcc/avr/8.1.0/../../../../avr/lib/avr51\libm.a(fp_inf.o)
 .bss           0x000000000080048b        0x0 c:/avr-gcc-8.1.0-x64-mingw/bin/../lib/gcc/avr/8.1.0/../../../../avr/lib/avr51\libm.a(fp_nan.o)
 .bss           0x000000000080048b        0x0 c:/avr-gcc-8.1.0-x64-mingw/bin/../lib/gcc/avr/8.1.0/../../../../avr/lib/avr51\libm.a(fp_pscA.o)
 .bss           0x000000000080048b        0x0 c:/avr-gcc-8.1.0-x64-mingw/bin/../lib/gcc/avr/8.1.0/../../../../avr/lib/avr51\libm.a(fp_pscB.o)
 .bss           0x000000000080048b        0x0 c:/avr-gcc-8.1.0-x64-mingw/bin/../lib/gcc/avr/8.1.0/../../../../avr/lib/avr51\libm.a(fp_round.o)
 .bss           0x000000000080048b        0x0 c:/avr-gcc-8.1.0-x64-mingw/bin/../lib/gcc/avr/8.1.0/../../../../avr/lib/avr51\libm.a(fp_split3.o)
 .bss           0x000000000080048b        0x0 c:/avr-gcc-8.1.0-x64-mingw/bin/../lib/gcc/avr/8.1.0/../../../../avr/lib/avr51\libm.a(fp_zero.o)
 .bss           0x000000000080048b        0x0 c:/avr-gcc-8.1.0-x64-mingw/bin/../lib/gcc/avr/8.1.0/../../../../avr/lib/avr51\libprintf_flt.a(vfprintf_flt.o)
 .bss           0x000000000080048b        0x0 c:/avr-gcc-8.1.0-x64-mingw/bin/../lib/gcc/avr/8.1.0/../../../../avr/lib/avr51\libscanf_flt.a(vfscanf_flt.o)
 .bss           0x000000000080048b        0x0 c:/avr-gcc-8.1.0-x64-mingw/bin/../lib/gcc/avr/8.1.0/avr51\libgcc.a(_udivmodsi4.o)
 .bss           0x000000000080048b        0x0 c:/avr-gcc-8.1.0-x64-mingw/bin/../lib/gcc/avr/8.1.0/avr51\libgcc.a(_exit.o)
 .bss           0x000000000080048b        0x0 c:/avr-gcc-8.1.0-x64-mingw/bin/../lib/gcc/avr/8.1.0/avr51\libgcc.a(_tablejump2.o)
 .bss           0x000000000080048b        0x0 c:/avr-gcc-8.1.0-x64-mingw/bin/../lib/gcc/avr/8.1.0/avr51\libgcc.a(_copy_data.o)
 .bss           0x000000000080048b        0x0 c:/avr-gcc-8.1.0-x64-mingw/bin/../lib/gcc/avr/8.1.0/avr51\libgcc.a(_clear_bss.o)
 .bss           0x000000000080048b        0x0 c:/avr-gcc-8.1.0-x64-mingw/bin/../lib/gcc/avr/8.1.0/avr51\libgcc.a(_muluhisi3.o)
 .bss           0x000000000080048b        0x0 c:/avr-gcc-8.1.0-x64-mingw/bin/../lib/gcc/avr/8.1.0/avr51\libgcc.a(_umulhisi3.o)
 .bss           0x000000000080048b        0x0 c:/avr-gcc-8.1.0-x64-mingw/bin/../lib/gcc/avr/8.1.0/../../../../avr/lib/avr51\libm.a(mulsf3.o)
 .bss           0x000000000080048b        0x0 c:/avr-gcc-8.1.0-x64-mingw/bin/../lib/gcc/avr/8.1.0/../../../../avr/lib/avr51\libm.a(mulsf3x.o)
 .bss           0x000000000080048b        0x0 c:/avr-gcc-8.1.0-x64-mingw/bin/../lib/gcc/avr/8.1.0/../../../../avr/lib/avr51\libc.a(ftoa_engine.o)
 .bss           0x000000000080048b        0x0 c:/avr-gcc-8.1.0-x64-mingw/bin/../lib/gcc/avr/8.1.0/../../../../avr/lib/avr51\libc.a(isspace.o)
 .bss           0x000000000080048b        0x0 c:/avr-gcc-8.1.0-x64-mingw/bin/../lib/gcc/avr/8.1.0/../../../../avr/lib/avr51\libc.a(tolower.o)
 .bss           0x000000000080048b        0x0 c:/avr-gcc-8.1.0-x64-mingw/bin/../lib/gcc/avr/8.1.0/../../../../avr/lib/avr51\libc.a(strchr_P.o)
 .bss           0x000000000080048b        0x0 c:/avr-gcc-8.1.0-x64-mingw/bin/../lib/gcc/avr/8.1.0/../../../../avr/lib/avr51\libc.a(strnlen_P.o)
 .bss           0x000000000080048b        0x0 c:/avr-gcc-8.1.0-x64-mingw/bin/../lib/gcc/avr/8.1.0/../../../../avr/lib/avr51\libc.a(strnlen.o)
 .bss           0x000000000080048b        0x0 c:/avr-gcc-8.1.0-x64-mingw/bin/../lib/gcc/avr/8.1.0/../../../../avr/lib/avr51\libc.a(fgetc.o)
 .bss           0x000000000080048b        0x0 c:/avr-gcc-8.1.0-x64-mingw/bin/../lib/gcc/avr/8.1.0/../../../../avr/lib/avr51\libc.a(fputc.o)
 .bss           0x000000000080048b        0x0 c:/avr-gcc-8.1.0-x64-mingw/bin/../lib/gcc/avr/8.1.0/../../../../avr/lib/avr51\libc.a(iob.o)
 .bss           0x000000000080048b        0x0 c:/avr-gcc-8.1.0-x64-mingw/bin/../lib/gcc/avr/8.1.0/../../../../avr/lib/avr51\libc.a(printf.o)
 .bss           0x000000000080048b        0x0 c:/avr-gcc-8.1.0-x64-mingw/bin/../lib/gcc/avr/8.1.0/../../../../avr/lib/avr51\libc.a(putchar.o)
 .bss           0x000000000080048b        0x0 c:/avr-gcc-8.1.0-x64-mingw/bin/../lib/gcc/avr/8.1.0/../../../../avr/lib/avr51\libc.a(puts.o)
 .bss           0x000000000080048b        0x0 c:/avr-gcc-8.1.0-x64-mingw/bin/../lib/gcc/avr/8.1.0/../../../../avr/lib/avr51\libc.a(scanf.o)
 .bss           0x000000000080048b        0x0 c:/avr-gcc-8.1.0-x64-mingw/bin/../lib/gcc/avr/8.1.0/../../../../avr/lib/avr51\libc.a(sprintf.o)
 .bss           0x000000000080048b        0x0 c:/avr-gcc-8.1.0-x64-mingw/bin/../lib/gcc/avr/8.1.0/../../../../avr/lib/avr51\libc.a(ungetc.o)
 .bss           0x000000000080048b        0x0 c:/avr-gcc-8.1.0-x64-mingw/bin/../lib/gcc/avr/8.1.0/../../../../avr/lib/avr51\libc.a(ultoa_invert.o)
 .bss           0x000000000080048b        0x0 c:/avr-gcc-8.1.0-x64-mingw/bin/../lib/gcc/avr/8.1.0/../../../../avr/lib/avr51\libc.a(cty_isfalse.o)
 *(.bss*)
 *(COMMON)
 COMMON         0x000000000080048b        0x4 main.o
                0x000000000080048b                dataADC2
                0x000000000080048d                dataADC3
 COMMON         0x000000000080048f      0x4bd lib/SDC00/ASA_lib_SDC00.o
                0x000000000080048f                FatFs
                0x00000000008008f5                FileObj
                0x0000000000800917                DirObj
                0x000000000080093f                FileName
 COMMON         0x000000000080094c        0x6 c:/avr-gcc-8.1.0-x64-mingw/bin/../lib/gcc/avr/8.1.0/../../../../avr/lib/avr51\libc.a(iob.o)
                0x000000000080094c                __iob
                0x0000000000800952                PROVIDE (__bss_end = .)
                0x0000000000008556                __data_load_start = LOADADDR (.data)
                0x00000000000088a0                __data_load_end = (__data_load_start + SIZEOF (.data))

.noinit         0x0000000000800952        0x0
                [!provide]                        PROVIDE (__noinit_start = .)
 *(.noinit*)
                [!provide]                        PROVIDE (__noinit_end = .)
                0x0000000000800952                _end = .
                [!provide]                        PROVIDE (__heap_start = .)

.eeprom         0x0000000000810000        0x0
 *(.eeprom*)
                0x0000000000810000                __eeprom_end = .

.fuse
 *(.fuse)
 *(.lfuse)
 *(.hfuse)
 *(.efuse)

.lock
 *(.lock*)

.signature
 *(.signature*)

.stab
 *(.stab)

.stabstr
 *(.stabstr)

.stab.excl
 *(.stab.excl)

.stab.exclstr
 *(.stab.exclstr)

.stab.index
 *(.stab.index)

.stab.indexstr
 *(.stab.indexstr)

.comment        0x0000000000000000       0x11
 *(.comment)
 .comment       0x0000000000000000       0x11 main.o
                                         0x12 (size before relaxing)
 .comment       0x0000000000000011       0x12 lib/SDC00/diskio.o
 .comment       0x0000000000000011       0x12 lib/SDC00/ffunicode_avr.o
 .comment       0x0000000000000011       0x12 lib/SDC00/ff.o
 .comment       0x0000000000000011       0x12 lib/SDC00/ASA_lib_SDC00.o
 .comment       0x0000000000000011       0x12 lib/SDC00/mmc_avr_spi.o
 .comment       0x0000000000000011       0x12 lib/M128_Danny_ADC.o
 .comment       0x0000000000000011       0x12 lib/M128_Danny_Timer.o
 .comment       0x0000000000000011       0x12 lib/M128_Danny_SDC.o
 .comment       0x0000000000000011       0x12 c:/avr-gcc-8.1.0-x64-mingw/bin/../lib/gcc/avr/8.1.0/../../../../avr/lib/avr51\libprintf_flt.a(vfprintf_flt.o)
 .comment       0x0000000000000011       0x12 c:/avr-gcc-8.1.0-x64-mingw/bin/../lib/gcc/avr/8.1.0/../../../../avr/lib/avr51\libscanf_flt.a(vfscanf_flt.o)
 .comment       0x0000000000000011       0x12 c:/avr-gcc-8.1.0-x64-mingw/bin/../lib/gcc/avr/8.1.0/../../../../avr/lib/avr51\libc.a(fgetc.o)
 .comment       0x0000000000000011       0x12 c:/avr-gcc-8.1.0-x64-mingw/bin/../lib/gcc/avr/8.1.0/../../../../avr/lib/avr51\libc.a(fputc.o)
 .comment       0x0000000000000011       0x12 c:/avr-gcc-8.1.0-x64-mingw/bin/../lib/gcc/avr/8.1.0/../../../../avr/lib/avr51\libc.a(iob.o)
 .comment       0x0000000000000011       0x12 c:/avr-gcc-8.1.0-x64-mingw/bin/../lib/gcc/avr/8.1.0/../../../../avr/lib/avr51\libc.a(printf.o)
 .comment       0x0000000000000011       0x12 c:/avr-gcc-8.1.0-x64-mingw/bin/../lib/gcc/avr/8.1.0/../../../../avr/lib/avr51\libc.a(putchar.o)
 .comment       0x0000000000000011       0x12 c:/avr-gcc-8.1.0-x64-mingw/bin/../lib/gcc/avr/8.1.0/../../../../avr/lib/avr51\libc.a(puts.o)
 .comment       0x0000000000000011       0x12 c:/avr-gcc-8.1.0-x64-mingw/bin/../lib/gcc/avr/8.1.0/../../../../avr/lib/avr51\libc.a(scanf.o)
 .comment       0x0000000000000011       0x12 c:/avr-gcc-8.1.0-x64-mingw/bin/../lib/gcc/avr/8.1.0/../../../../avr/lib/avr51\libc.a(sprintf.o)
 .comment       0x0000000000000011       0x12 c:/avr-gcc-8.1.0-x64-mingw/bin/../lib/gcc/avr/8.1.0/../../../../avr/lib/avr51\libc.a(ungetc.o)

.note.gnu.avr.deviceinfo
                0x0000000000000000       0x3c
 .note.gnu.avr.deviceinfo
                0x0000000000000000       0x3c c:/avr-gcc-8.1.0-x64-mingw/bin/../lib/gcc/avr/8.1.0/../../../../avr/lib/avr51/crtatmega128.o

.note.gnu.build-id
 *(.note.gnu.build-id)

.debug
 *(.debug)

.line
 *(.line)

.debug_srcinfo
 *(.debug_srcinfo)

.debug_sfnames
 *(.debug_sfnames)

.debug_aranges  0x0000000000000000      0x220
 *(.debug_aranges)
 .debug_aranges
                0x0000000000000000       0x28 main.o
 .debug_aranges
                0x0000000000000028       0x20 lib/SDC00/diskio.o
 .debug_aranges
                0x0000000000000048       0x18 lib/SDC00/ffunicode_avr.o
 .debug_aranges
                0x0000000000000060       0x20 lib/SDC00/ff.o
 .debug_aranges
                0x0000000000000080       0x20 lib/SDC00/ASA_lib_SDC00.o
 .debug_aranges
                0x00000000000000a0       0x20 lib/SDC00/mmc_avr_spi.o
 .debug_aranges
                0x00000000000000c0       0x20 lib/M128_Danny_ADC.o
 .debug_aranges
                0x00000000000000e0       0x20 lib/M128_Danny_Timer.o
 .debug_aranges
                0x0000000000000100       0x20 lib/M128_Danny_SDC.o
 .debug_aranges
                0x0000000000000120       0x20 ASA_Lib.o(ASA_Lib_M128_HMI.o)
 .debug_aranges
                0x0000000000000140       0x20 c:/avr-gcc-8.1.0-x64-mingw/bin/../lib/gcc/avr/8.1.0/avr51\libgcc.a(_udivmodsi4.o)
 .debug_aranges
                0x0000000000000160       0x20 c:/avr-gcc-8.1.0-x64-mingw/bin/../lib/gcc/avr/8.1.0/avr51\libgcc.a(_exit.o)
 .debug_aranges
                0x0000000000000180       0x20 c:/avr-gcc-8.1.0-x64-mingw/bin/../lib/gcc/avr/8.1.0/avr51\libgcc.a(_tablejump2.o)
 .debug_aranges
                0x00000000000001a0       0x20 c:/avr-gcc-8.1.0-x64-mingw/bin/../lib/gcc/avr/8.1.0/avr51\libgcc.a(_copy_data.o)
 .debug_aranges
                0x00000000000001c0       0x20 c:/avr-gcc-8.1.0-x64-mingw/bin/../lib/gcc/avr/8.1.0/avr51\libgcc.a(_clear_bss.o)
 .debug_aranges
                0x00000000000001e0       0x20 c:/avr-gcc-8.1.0-x64-mingw/bin/../lib/gcc/avr/8.1.0/avr51\libgcc.a(_muluhisi3.o)
 .debug_aranges
                0x0000000000000200       0x20 c:/avr-gcc-8.1.0-x64-mingw/bin/../lib/gcc/avr/8.1.0/avr51\libgcc.a(_umulhisi3.o)

.debug_pubnames
                0x0000000000000000      0x102
 *(.debug_pubnames)
 .debug_pubnames
                0x0000000000000000      0x102 ASA_Lib.o(ASA_Lib_M128_HMI.o)

.debug_info     0x0000000000000000     0xadeb
 *(.debug_info .gnu.linkonce.wi.*)
 .debug_info    0x0000000000000000      0x780 c:/avr-gcc-8.1.0-x64-mingw/bin/../lib/gcc/avr/8.1.0/../../../../avr/lib/avr51/crtatmega128.o
 .debug_info    0x0000000000000780      0x8d5 main.o
 .debug_info    0x0000000000001055      0x370 lib/SDC00/diskio.o
 .debug_info    0x00000000000013c5       0x6b lib/SDC00/ffunicode_avr.o
 .debug_info    0x0000000000001430     0x5d03 lib/SDC00/ff.o
 .debug_info    0x0000000000007133     0x1069 lib/SDC00/ASA_lib_SDC00.o
 .debug_info    0x000000000000819c      0xff2 lib/SDC00/mmc_avr_spi.o
 .debug_info    0x000000000000918e      0x501 lib/M128_Danny_ADC.o
 .debug_info    0x000000000000968f      0x489 lib/M128_Danny_Timer.o
 .debug_info    0x0000000000009b18      0x9b0 lib/M128_Danny_SDC.o
 .debug_info    0x000000000000a4c8      0x819 ASA_Lib.o(ASA_Lib_M128_HMI.o)
 .debug_info    0x000000000000ace1       0x26 c:/avr-gcc-8.1.0-x64-mingw/bin/../lib/gcc/avr/8.1.0/avr51\libgcc.a(_udivmodsi4.o)
 .debug_info    0x000000000000ad07       0x26 c:/avr-gcc-8.1.0-x64-mingw/bin/../lib/gcc/avr/8.1.0/avr51\libgcc.a(_exit.o)
 .debug_info    0x000000000000ad2d       0x26 c:/avr-gcc-8.1.0-x64-mingw/bin/../lib/gcc/avr/8.1.0/avr51\libgcc.a(_tablejump2.o)
 .debug_info    0x000000000000ad53       0x26 c:/avr-gcc-8.1.0-x64-mingw/bin/../lib/gcc/avr/8.1.0/avr51\libgcc.a(_copy_data.o)
 .debug_info    0x000000000000ad79       0x26 c:/avr-gcc-8.1.0-x64-mingw/bin/../lib/gcc/avr/8.1.0/avr51\libgcc.a(_clear_bss.o)
 .debug_info    0x000000000000ad9f       0x26 c:/avr-gcc-8.1.0-x64-mingw/bin/../lib/gcc/avr/8.1.0/avr51\libgcc.a(_muluhisi3.o)
 .debug_info    0x000000000000adc5       0x26 c:/avr-gcc-8.1.0-x64-mingw/bin/../lib/gcc/avr/8.1.0/avr51\libgcc.a(_umulhisi3.o)

.debug_abbrev   0x0000000000000000     0x1ea4
 *(.debug_abbrev)
 .debug_abbrev  0x0000000000000000      0x718 c:/avr-gcc-8.1.0-x64-mingw/bin/../lib/gcc/avr/8.1.0/../../../../avr/lib/avr51/crtatmega128.o
 .debug_abbrev  0x0000000000000718      0x244 main.o
 .debug_abbrev  0x000000000000095c      0x128 lib/SDC00/diskio.o
 .debug_abbrev  0x0000000000000a84       0x26 lib/SDC00/ffunicode_avr.o
 .debug_abbrev  0x0000000000000aaa      0x42b lib/SDC00/ff.o
 .debug_abbrev  0x0000000000000ed5      0x37a lib/SDC00/ASA_lib_SDC00.o
 .debug_abbrev  0x000000000000124f      0x384 lib/SDC00/mmc_avr_spi.o
 .debug_abbrev  0x00000000000015d3      0x2a3 lib/M128_Danny_ADC.o
 .debug_abbrev  0x0000000000001876      0x152 lib/M128_Danny_Timer.o
 .debug_abbrev  0x00000000000019c8      0x22a lib/M128_Danny_SDC.o
 .debug_abbrev  0x0000000000001bf2      0x226 ASA_Lib.o(ASA_Lib_M128_HMI.o)
 .debug_abbrev  0x0000000000001e18       0x14 c:/avr-gcc-8.1.0-x64-mingw/bin/../lib/gcc/avr/8.1.0/avr51\libgcc.a(_udivmodsi4.o)
 .debug_abbrev  0x0000000000001e2c       0x14 c:/avr-gcc-8.1.0-x64-mingw/bin/../lib/gcc/avr/8.1.0/avr51\libgcc.a(_exit.o)
 .debug_abbrev  0x0000000000001e40       0x14 c:/avr-gcc-8.1.0-x64-mingw/bin/../lib/gcc/avr/8.1.0/avr51\libgcc.a(_tablejump2.o)
 .debug_abbrev  0x0000000000001e54       0x14 c:/avr-gcc-8.1.0-x64-mingw/bin/../lib/gcc/avr/8.1.0/avr51\libgcc.a(_copy_data.o)
 .debug_abbrev  0x0000000000001e68       0x14 c:/avr-gcc-8.1.0-x64-mingw/bin/../lib/gcc/avr/8.1.0/avr51\libgcc.a(_clear_bss.o)
 .debug_abbrev  0x0000000000001e7c       0x14 c:/avr-gcc-8.1.0-x64-mingw/bin/../lib/gcc/avr/8.1.0/avr51\libgcc.a(_muluhisi3.o)
 .debug_abbrev  0x0000000000001e90       0x14 c:/avr-gcc-8.1.0-x64-mingw/bin/../lib/gcc/avr/8.1.0/avr51\libgcc.a(_umulhisi3.o)

.debug_line     0x0000000000000000     0xd556
 *(.debug_line .debug_line.* .debug_line_end)
 .debug_line    0x0000000000000000       0x1d c:/avr-gcc-8.1.0-x64-mingw/bin/../lib/gcc/avr/8.1.0/../../../../avr/lib/avr51/crtatmega128.o
 .debug_line    0x000000000000001d      0x546 main.o
 .debug_line    0x0000000000000563      0x1b5 lib/SDC00/diskio.o
 .debug_line    0x0000000000000718       0x1d lib/SDC00/ffunicode_avr.o
 .debug_line    0x0000000000000735     0x8cd0 lib/SDC00/ff.o
 .debug_line    0x0000000000009405      0xd1b lib/SDC00/ASA_lib_SDC00.o
 .debug_line    0x000000000000a120     0x1787 lib/SDC00/mmc_avr_spi.o
 .debug_line    0x000000000000b8a7      0x550 lib/M128_Danny_ADC.o
 .debug_line    0x000000000000bdf7      0x4f3 lib/M128_Danny_Timer.o
 .debug_line    0x000000000000c2ea      0x851 lib/M128_Danny_SDC.o
 .debug_line    0x000000000000cb3b      0x5a6 ASA_Lib.o(ASA_Lib_M128_HMI.o)
 .debug_line    0x000000000000d0e1      0x121 c:/avr-gcc-8.1.0-x64-mingw/bin/../lib/gcc/avr/8.1.0/avr51\libgcc.a(_udivmodsi4.o)
 .debug_line    0x000000000000d202       0x61 c:/avr-gcc-8.1.0-x64-mingw/bin/../lib/gcc/avr/8.1.0/avr51\libgcc.a(_exit.o)
 .debug_line    0x000000000000d263       0x8b c:/avr-gcc-8.1.0-x64-mingw/bin/../lib/gcc/avr/8.1.0/avr51\libgcc.a(_tablejump2.o)
 .debug_line    0x000000000000d2ee       0xa3 c:/avr-gcc-8.1.0-x64-mingw/bin/../lib/gcc/avr/8.1.0/avr51\libgcc.a(_copy_data.o)
 .debug_line    0x000000000000d391       0x85 c:/avr-gcc-8.1.0-x64-mingw/bin/../lib/gcc/avr/8.1.0/avr51\libgcc.a(_clear_bss.o)
 .debug_line    0x000000000000d416       0x91 c:/avr-gcc-8.1.0-x64-mingw/bin/../lib/gcc/avr/8.1.0/avr51\libgcc.a(_muluhisi3.o)
 .debug_line    0x000000000000d4a7       0xaf c:/avr-gcc-8.1.0-x64-mingw/bin/../lib/gcc/avr/8.1.0/avr51\libgcc.a(_umulhisi3.o)

.debug_frame    0x0000000000000000     0x1704
 *(.debug_frame)
 .debug_frame   0x0000000000000000       0xc4 main.o
 .debug_frame   0x00000000000000c4       0x8c lib/SDC00/diskio.o
 .debug_frame   0x0000000000000150      0xd4c lib/SDC00/ff.o
 .debug_frame   0x0000000000000e9c      0x148 lib/SDC00/ASA_lib_SDC00.o
 .debug_frame   0x0000000000000fe4      0x1c8 lib/SDC00/mmc_avr_spi.o
 .debug_frame   0x00000000000011ac       0xf4 lib/M128_Danny_ADC.o
 .debug_frame   0x00000000000012a0      0x144 lib/M128_Danny_Timer.o
 .debug_frame   0x00000000000013e4      0x260 lib/M128_Danny_SDC.o
 .debug_frame   0x0000000000001644       0xc0 ASA_Lib.o(ASA_Lib_M128_HMI.o)

.debug_str      0x0000000000000000     0x138e
 *(.debug_str)
 .debug_str     0x0000000000000000      0x27d c:/avr-gcc-8.1.0-x64-mingw/bin/../lib/gcc/avr/8.1.0/../../../../avr/lib/avr51/crtatmega128.o
 .debug_str     0x000000000000027d      0x363 main.o
                                        0x3bf (size before relaxing)
 .debug_str     0x00000000000005e0       0xf0 lib/SDC00/diskio.o
                                        0x242 (size before relaxing)
 .debug_str     0x00000000000006d0       0x1a lib/SDC00/ffunicode_avr.o
                                        0x152 (size before relaxing)
 .debug_str     0x00000000000006ea      0x5d2 lib/SDC00/ff.o
                                        0x7c8 (size before relaxing)
 .debug_str     0x0000000000000cbc      0x1f5 lib/SDC00/ASA_lib_SDC00.o
                                        0x606 (size before relaxing)
 .debug_str     0x0000000000000eb1       0xd0 lib/SDC00/mmc_avr_spi.o
                                        0x2f8 (size before relaxing)
 .debug_str     0x0000000000000f81       0x9f lib/M128_Danny_ADC.o
                                        0x272 (size before relaxing)
 .debug_str     0x0000000000001020       0xcc lib/M128_Danny_Timer.o
                                        0x2a0 (size before relaxing)
 .debug_str     0x00000000000010ec       0xbc lib/M128_Danny_SDC.o
                                        0x2c6 (size before relaxing)
 .debug_str     0x00000000000011a8      0x187 ASA_Lib.o(ASA_Lib_M128_HMI.o)
                                        0x28b (size before relaxing)
 .debug_str     0x000000000000132f       0x5f c:/avr-gcc-8.1.0-x64-mingw/bin/../lib/gcc/avr/8.1.0/avr51\libgcc.a(_udivmodsi4.o)
 .debug_str     0x000000000000138e       0x5f c:/avr-gcc-8.1.0-x64-mingw/bin/../lib/gcc/avr/8.1.0/avr51\libgcc.a(_exit.o)
 .debug_str     0x000000000000138e       0x5f c:/avr-gcc-8.1.0-x64-mingw/bin/../lib/gcc/avr/8.1.0/avr51\libgcc.a(_tablejump2.o)
 .debug_str     0x000000000000138e       0x5f c:/avr-gcc-8.1.0-x64-mingw/bin/../lib/gcc/avr/8.1.0/avr51\libgcc.a(_copy_data.o)
 .debug_str     0x000000000000138e       0x5f c:/avr-gcc-8.1.0-x64-mingw/bin/../lib/gcc/avr/8.1.0/avr51\libgcc.a(_clear_bss.o)
 .debug_str     0x000000000000138e       0x5f c:/avr-gcc-8.1.0-x64-mingw/bin/../lib/gcc/avr/8.1.0/avr51\libgcc.a(_muluhisi3.o)
 .debug_str     0x000000000000138e       0x5f c:/avr-gcc-8.1.0-x64-mingw/bin/../lib/gcc/avr/8.1.0/avr51\libgcc.a(_umulhisi3.o)

.debug_loc      0x0000000000000000     0xd75d
 *(.debug_loc)
 .debug_loc     0x0000000000000000      0x14e main.o
 .debug_loc     0x000000000000014e      0x3df lib/SDC00/diskio.o
 .debug_loc     0x000000000000052d     0x9e8f lib/SDC00/ff.o
 .debug_loc     0x000000000000a3bc      0xbc9 lib/SDC00/ASA_lib_SDC00.o
 .debug_loc     0x000000000000af85     0x1104 lib/SDC00/mmc_avr_spi.o
 .debug_loc     0x000000000000c089      0x1fd lib/M128_Danny_ADC.o
 .debug_loc     0x000000000000c286      0x500 lib/M128_Danny_Timer.o
 .debug_loc     0x000000000000c786      0xbad lib/M128_Danny_SDC.o
 .debug_loc     0x000000000000d333      0x42a ASA_Lib.o(ASA_Lib_M128_HMI.o)

.debug_macinfo
 *(.debug_macinfo)

.debug_weaknames
 *(.debug_weaknames)

.debug_funcnames
 *(.debug_funcnames)

.debug_typenames
 *(.debug_typenames)

.debug_varnames
 *(.debug_varnames)

.debug_pubtypes
 *(.debug_pubtypes)

.debug_ranges   0x0000000000000000      0x2c0
 *(.debug_ranges)
 .debug_ranges  0x0000000000000000       0x60 main.o
 .debug_ranges  0x0000000000000060      0x148 lib/SDC00/ff.o
 .debug_ranges  0x00000000000001a8       0xb8 lib/SDC00/ASA_lib_SDC00.o
 .debug_ranges  0x0000000000000260       0x30 lib/M128_Danny_ADC.o
 .debug_ranges  0x0000000000000290       0x18 lib/M128_Danny_Timer.o
 .debug_ranges  0x00000000000002a8       0x18 lib/M128_Danny_SDC.o

.debug_macro
 *(.debug_macro)

.debug_addr
 *(.debug_addr)
OUTPUT(main.elf elf32-avr)
LOAD linker stubs
